Archive member included because of file (symbol)

c:/freescale/kds_v3/toolchain/bin/../lib/gcc/arm-none-eabi/4.8.4/armv6-m\libgcc.a(_udivsi3.o)
                              ./Generated_Code/Term1.o (__aeabi_uidiv)
c:/freescale/kds_v3/toolchain/bin/../lib/gcc/arm-none-eabi/4.8.4/armv6-m\libgcc.a(_dvmd_tls.o)
                              c:/freescale/kds_v3/toolchain/bin/../lib/gcc/arm-none-eabi/4.8.4/armv6-m\libgcc.a(_udivsi3.o) (__aeabi_idiv0)
c:/freescale/kds_v3/toolchain/bin/../lib/gcc/arm-none-eabi/4.8.4/armv6-m\libgcc.a(_arm_cmpdf2.o)
                              ./Sources/main.o (__aeabi_dcmpge)
c:/freescale/kds_v3/toolchain/bin/../lib/gcc/arm-none-eabi/4.8.4/armv6-m\libgcc.a(_arm_cmpsf2.o)
                              ./Generated_Code/RealTimeLdd1.o (__aeabi_fcmpgt)
c:/freescale/kds_v3/toolchain/bin/../lib/gcc/arm-none-eabi/4.8.4/armv6-m\libgcc.a(_fixunssfsi.o)
                              ./Generated_Code/RealTimeLdd1.o (__aeabi_f2uiz)
c:/freescale/kds_v3/toolchain/bin/../lib/gcc/arm-none-eabi/4.8.4/armv6-m\libgcc.a(eqsf2.o)
                              c:/freescale/kds_v3/toolchain/bin/../lib/gcc/arm-none-eabi/4.8.4/armv6-m\libgcc.a(_arm_cmpsf2.o) (__eqsf2)
c:/freescale/kds_v3/toolchain/bin/../lib/gcc/arm-none-eabi/4.8.4/armv6-m\libgcc.a(gesf2.o)
                              c:/freescale/kds_v3/toolchain/bin/../lib/gcc/arm-none-eabi/4.8.4/armv6-m\libgcc.a(_arm_cmpsf2.o) (__gesf2)
c:/freescale/kds_v3/toolchain/bin/../lib/gcc/arm-none-eabi/4.8.4/armv6-m\libgcc.a(lesf2.o)
                              c:/freescale/kds_v3/toolchain/bin/../lib/gcc/arm-none-eabi/4.8.4/armv6-m\libgcc.a(_arm_cmpsf2.o) (__lesf2)
c:/freescale/kds_v3/toolchain/bin/../lib/gcc/arm-none-eabi/4.8.4/armv6-m\libgcc.a(mulsf3.o)
                              ./Generated_Code/RealTimeLdd1.o (__aeabi_fmul)
c:/freescale/kds_v3/toolchain/bin/../lib/gcc/arm-none-eabi/4.8.4/armv6-m\libgcc.a(subsf3.o)
                              c:/freescale/kds_v3/toolchain/bin/../lib/gcc/arm-none-eabi/4.8.4/armv6-m\libgcc.a(_fixunssfsi.o) (__aeabi_fsub)
c:/freescale/kds_v3/toolchain/bin/../lib/gcc/arm-none-eabi/4.8.4/armv6-m\libgcc.a(fixsfsi.o)
                              c:/freescale/kds_v3/toolchain/bin/../lib/gcc/arm-none-eabi/4.8.4/armv6-m\libgcc.a(_fixunssfsi.o) (__aeabi_f2iz)
c:/freescale/kds_v3/toolchain/bin/../lib/gcc/arm-none-eabi/4.8.4/armv6-m\libgcc.a(floatunsisf.o)
                              ./Generated_Code/RealTimeLdd1.o (__aeabi_ui2f)
c:/freescale/kds_v3/toolchain/bin/../lib/gcc/arm-none-eabi/4.8.4/armv6-m\libgcc.a(eqdf2.o)
                              c:/freescale/kds_v3/toolchain/bin/../lib/gcc/arm-none-eabi/4.8.4/armv6-m\libgcc.a(_arm_cmpdf2.o) (__eqdf2)
c:/freescale/kds_v3/toolchain/bin/../lib/gcc/arm-none-eabi/4.8.4/armv6-m\libgcc.a(gedf2.o)
                              c:/freescale/kds_v3/toolchain/bin/../lib/gcc/arm-none-eabi/4.8.4/armv6-m\libgcc.a(_arm_cmpdf2.o) (__gedf2)
c:/freescale/kds_v3/toolchain/bin/../lib/gcc/arm-none-eabi/4.8.4/armv6-m\libgcc.a(ledf2.o)
                              c:/freescale/kds_v3/toolchain/bin/../lib/gcc/arm-none-eabi/4.8.4/armv6-m\libgcc.a(_arm_cmpdf2.o) (__ledf2)
c:/freescale/kds_v3/toolchain/bin/../lib/gcc/arm-none-eabi/4.8.4/armv6-m\libgcc.a(floatsidf.o)
                              ./Sources/main.o (__aeabi_i2d)
c:/freescale/kds_v3/toolchain/bin/../lib/gcc/arm-none-eabi/4.8.4/armv6-m\libgcc.a(_clzsi2.o)
                              c:/freescale/kds_v3/toolchain/bin/../lib/gcc/arm-none-eabi/4.8.4/armv6-m\libgcc.a(mulsf3.o) (__clzsi2)
c:/freescale/kds_v3/toolchain/bin/../lib/gcc/arm-none-eabi/4.8.4/../../../../arm-none-eabi/lib/armv6-m\libg_s.a(lib_a-exit.o)
                              c:/freescale/kds_v3/toolchain/bin/../lib/gcc/arm-none-eabi/4.8.4/../../../../arm-none-eabi/lib/armv6-m/crt0.o (exit)
c:/freescale/kds_v3/toolchain/bin/../lib/gcc/arm-none-eabi/4.8.4/../../../../arm-none-eabi/lib/armv6-m\libg_s.a(lib_a-impure.o)
                              c:/freescale/kds_v3/toolchain/bin/../lib/gcc/arm-none-eabi/4.8.4/../../../../arm-none-eabi/lib/armv6-m\libg_s.a(lib_a-exit.o) (_global_impure_ptr)
c:/freescale/kds_v3/toolchain/bin/../lib/gcc/arm-none-eabi/4.8.4/../../../../arm-none-eabi/lib/armv6-m\libg_s.a(lib_a-init.o)
                              c:/freescale/kds_v3/toolchain/bin/../lib/gcc/arm-none-eabi/4.8.4/../../../../arm-none-eabi/lib/armv6-m/crt0.o (__libc_init_array)
c:/freescale/kds_v3/toolchain/bin/../lib/gcc/arm-none-eabi/4.8.4/../../../../arm-none-eabi/lib/armv6-m\libg_s.a(lib_a-memcpy-stub.o)
                              ./Static_Code/System/CPU_Init.o (memcpy)
c:/freescale/kds_v3/toolchain/bin/../lib/gcc/arm-none-eabi/4.8.4/../../../../arm-none-eabi/lib/armv6-m\libg_s.a(lib_a-memset.o)
                              c:/freescale/kds_v3/toolchain/bin/../lib/gcc/arm-none-eabi/4.8.4/../../../../arm-none-eabi/lib/armv6-m/crt0.o (memset)
c:/freescale/kds_v3/toolchain/bin/../lib/gcc/arm-none-eabi/4.8.4/../../../../arm-none-eabi/lib/armv6-m\libg_s.a(lib_a-printf.o)
[...]
Memory Configuration

Name             Origin             Length             Attributes
m_interrupts     0x00000000         0x000000c0         xr
m_text           0x00000410         0x0001fbf0         xr
m_data           0x1ffff000         0x00004000         rw
m_cfmprotrom     0x00000400         0x00000010         xr
*default*        0x00000000         0xffffffff

Linker script and memory map

LOAD c:/freescale/kds_v3/toolchain/bin/../lib/gcc/arm-none-eabi/4.8.4/armv6-m/crti.o
LOAD c:/freescale/kds_v3/toolchain/bin/../lib/gcc/arm-none-eabi/4.8.4/armv6-m/crtbegin.o
LOAD c:/freescale/kds_v3/toolchain/bin/../lib/gcc/arm-none-eabi/4.8.4/../../../../arm-none-eabi/lib/armv6-m/crt0.o
LOAD ./Static_Code/System/CPU_Init.o
LOAD ./Static_Code/System/Peripherals_Init.o
LOAD ./Static_Code/System/Vectors.o
LOAD ./Sources/Events.o
LOAD ./Sources/main.o
LOAD ./Project_Settings/Startup_Code/startup.o
LOAD ./Generated_Code/ASerialLdd1.o
LOAD ./Generated_Code/BitIoLdd1.o
LOAD ./Generated_Code/BitIoLdd2.o
LOAD ./Generated_Code/BitsIoLdd1.o
LOAD ./Generated_Code/Bits_Botones.o
LOAD ./Generated_Code/CAN1.o
LOAD ./Generated_Code/Cpu.o
LOAD ./Generated_Code/ECHO.o
LOAD ./Generated_Code/FC321.o
LOAD ./Generated_Code/Inhr1.o
LOAD ./Generated_Code/MCUC1.o
LOAD ./Generated_Code/PE_LDD.o
LOAD ./Generated_Code/Pins1.o
LOAD ./Generated_Code/RealTimeLdd1.o
LOAD ./Generated_Code/TRIGGER.o
LOAD ./Generated_Code/TU1.o
LOAD ./Generated_Code/Term1.o
LOAD ./Generated_Code/WAIT.o
LOAD c:/freescale/kds_v3/toolchain/bin/../lib/gcc/arm-none-eabi/4.8.4/../../../../arm-none-eabi/lib/armv6-m\libstdc++_s.a
LOAD c:/freescale/kds_v3/toolchain/bin/../lib/gcc/arm-none-eabi/4.8.4/../../../../arm-none-eabi/lib/armv6-m\libm.a
START GROUP
LOAD c:/freescale/kds_v3/toolchain/bin/../lib/gcc/arm-none-eabi/4.8.4/armv6-m\libgcc.a
LOAD c:/freescale/kds_v3/toolchain/bin/../lib/gcc/arm-none-eabi/4.8.4/../../../../arm-none-eabi/lib/armv6-m\libg_s.a
LOAD c:/freescale/kds_v3/toolchain/bin/../lib/gcc/arm-none-eabi/4.8.4/../../../../arm-none-eabi/lib/armv6-m\libc_s.a
END GROUP
START GROUP
LOAD c:/freescale/kds_v3/toolchain/bin/../lib/gcc/arm-none-eabi/4.8.4/armv6-m\libgcc.a
LOAD c:/freescale/kds_v3/toolchain/bin/../lib/gcc/arm-none-eabi/4.8.4/../../../../arm-none-eabi/lib/armv6-m\libc_s.a
LOAD c:/freescale/kds_v3/toolchain/bin/../lib/gcc/arm-none-eabi/4.8.4/../../../../arm-none-eabi/lib/armv6-m\libnosys.a
END GROUP
START GROUP
LOAD c:/freescale/kds_v3/toolchain/bin/../lib/gcc/arm-none-eabi/4.8.4/armv6-m\libgcc.a
LOAD c:/freescale/kds_v3/toolchain/bin/../lib/gcc/arm-none-eabi/4.8.4/../../../../arm-none-eabi/lib/armv6-m\libc_s.a
LOAD c:/freescale/kds_v3/toolchain/bin/../lib/gcc/arm-none-eabi/4.8.4/../../../../arm-none-eabi/lib/armv6-m\libnosys.a
END GROUP
LOAD c:/freescale/kds_v3/toolchain/bin/../lib/gcc/arm-none-eabi/4.8.4/armv6-m/crtend.o
LOAD c:/freescale/kds_v3/toolchain/bin/../lib/gcc/arm-none-eabi/4.8.4/armv6-m/crtn.o
                0x20003000                _estack = 0x20003000
                0x20003000                __SP_INIT = _estack
                0x20003000                __stack = _estack
                0x00000000                __heap_size = 0x0
                0x00000400                __stack_size = 0x400

.interrupts     0x00000000       0xc0
                0x00000000                __vector_table = .
                0x00000000                . = ALIGN (0x4)
 *(.vectortable)
 .vectortable   0x00000000       0xc0 ./Static_Code/System/Vectors.o
                0x00000000                __vect_table
                0x000000c0                . = ALIGN (0x4)

.cfmprotect     0x00000400       0x10
                0x00000400                . = ALIGN (0x4)
 *(.cfmconfig)
 .cfmconfig     0x00000400       0x10 ./Static_Code/System/CPU_Init.o
                0x00000400                _cfm
                0x00000410                . = ALIGN (0x4)

.text           0x00000410     0x6e7c
                0x00000410                . = ALIGN (0x4)
 *(.text)
 .text          0x00000410       0x60 c:/freescale/kds_v3/toolchain/bin/../lib/gcc/arm-none-eabi/4.8.4/armv6-m/crtbegin.o
 .text          0x00000470       0x78 c:/freescale/kds_v3/toolchain/bin/../lib/gcc/arm-none-eabi/4.8.4/../../../../arm-none-eabi/lib/armv6-m/crt0.o
                0x00000470                _start
                0x00000470                _mainCRTStartup
 .text          0x000004e8       0x9c c:/freescale/kds_v3/toolchain/bin/../lib/gcc/arm-none-eabi/4.8.4/armv6-m\libgcc.a(_udivsi3.o)
                0x000004e8                __aeabi_uidiv
                0x000004e8                __udivsi3
                0x00000570                __aeabi_uidivmod
 .text          0x00000584        0x4 c:/freescale/kds_v3/toolchain/bin/../lib/gcc/arm-none-eabi/4.8.4/armv6-m\libgcc.a(_dvmd_tls.o)
                0x00000584                __aeabi_idiv0
                0x00000584                __aeabi_ldiv0
 .text          0x00000588       0x7c c:/freescale/kds_v3/toolchain/bin/../lib/gcc/arm-none-eabi/4.8.4/armv6-m\libgcc.a(_arm_cmpdf2.o)
                0x00000588                __aeabi_cdrcmple
                0x00000598                __aeabi_cdcmple
                0x00000598                __aeabi_cdcmpeq
                0x000005a8                __aeabi_dcmpeq
                0x000005b4                __aeabi_dcmplt
                0x000005c8                __aeabi_dcmple
                0x000005dc                __aeabi_dcmpgt
                0x000005f0                __aeabi_dcmpge
 .text          0x00000604       0x74 c:/freescale/kds_v3/toolchain/bin/../lib/gcc/arm-none-eabi/4.8.4/armv6-m\libgcc.a(_arm_cmpsf2.o)
                0x00000604                __aeabi_cfrcmple
                0x0000060c                __aeabi_cfcmpeq
                0x0000060c                __aeabi_cfcmple
                0x0000061c                __aeabi_fcmpeq
                0x00000628                __aeabi_fcmplt
                0x0000063c                __aeabi_fcmple
                0x00000650                __aeabi_fcmpgt
                0x00000664                __aeabi_fcmpge
 .text          0x00000678       0x30 c:/freescale/kds_v3/toolchain/bin/../lib/gcc/arm-none-eabi/4.8.4/armv6-m\libgcc.a(_fixunssfsi.o)
                0x00000678                __fixunssfsi
                0x00000678                __aeabi_f2uiz
 .text          0x000006a8       0x54 c:/freescale/kds_v3/toolchain/bin/../lib/gcc/arm-none-eabi/4.8.4/armv6-m\libgcc.a(eqsf2.o)
                0x000006a8                __eqsf2
                0x000006a8                __nesf2
 .text          0x000006fc       0x90 c:/freescale/kds_v3/toolchain/bin/../lib/gcc/arm-none-eabi/4.8.4/armv6-m\libgcc.a(gesf2.o)
                0x000006fc                __gesf2
                0x000006fc                __gtsf2
 .text          0x0000078c       0x98 c:/freescale/kds_v3/toolchain/bin/../lib/gcc/arm-none-eabi/4.8.4/armv6-m\libgcc.a(lesf2.o)
                0x0000078c                __ltsf2
                0x0000078c                __lesf2
 .text          0x00000824      0x254 c:/freescale/kds_v3/toolchain/bin/../lib/gcc/arm-none-eabi/4.8.4/armv6-m\libgcc.a(mulsf3.o)
                0x00000824                __aeabi_fmul
 .text          0x00000a78      0x2ec c:/freescale/kds_v3/toolchain/bin/../lib/gcc/arm-none-eabi/4.8.4/armv6-m\libgcc.a(subsf3.o)
                0x00000a78                __aeabi_fsub
 .text          0x00000d64       0x40 c:/freescale/kds_v3/toolchain/bin/../lib/gcc/arm-none-eabi/4.8.4/armv6-m\libgcc.a(fixsfsi.o)
                0x00000d64                __aeabi_f2iz
 .text          0x00000da4       0xa0 c:/freescale/kds_v3/toolchain/bin/../lib/gcc/arm-none-eabi/4.8.4/armv6-m\libgcc.a(floatunsisf.o)
                0x00000da4                __aeabi_ui2f
 .text          0x00000e44       0x94 c:/freescale/kds_v3/toolchain/bin/../lib/gcc/arm-none-eabi/4.8.4/armv6-m\libgcc.a(eqdf2.o)
                0x00000e44                __nedf2
                0x00000e44                __eqdf2
 .text          0x00000ed8       0xfc c:/freescale/kds_v3/toolchain/bin/../lib/gcc/arm-none-eabi/4.8.4/armv6-m\libgcc.a(gedf2.o)
                0x00000ed8                __gedf2
                0x00000ed8                __gtdf2
 .text          0x00000fd4       0xfc c:/freescale/kds_v3/toolchain/bin/../lib/gcc/arm-none-eabi/4.8.4/armv6-m\libgcc.a(ledf2.o)
                0x00000fd4                __ledf2
                0x00000fd4                __ltdf2
 .text          0x000010d0       0x7c c:/freescale/kds_v3/toolchain/bin/../lib/gcc/arm-none-eabi/4.8.4/armv6-m\libgcc.a(floatsidf.o)
                0x000010d0                __aeabi_i2d
 .text          0x0000114c       0x3c c:/freescale/kds_v3/toolchain/bin/../lib/gcc/arm-none-eabi/4.8.4/armv6-m\libgcc.a(_clzsi2.o)
                0x0000114c                __clzsi2
 .text          0x00001188       0x14 c:/freescale/kds_v3/toolchain/bin/../lib/gcc/arm-none-eabi/4.8.4/armv6-m\libgcc.a(_thumb1_case_uqi.o)
                0x00001188                __gnu_thumb1_case_uqi
 .text          0x0000119c       0xc0 c:/freescale/kds_v3/toolchain/bin/../lib/gcc/arm-none-eabi/4.8.4/armv6-m\libgcc.a(_divsi3.o)
                0x0000119c                __divsi3
                0x0000119c                __aeabi_idiv
                0x00001248                __aeabi_idivmod
 .text          0x0000125c      0x644 c:/freescale/kds_v3/toolchain/bin/../lib/gcc/arm-none-eabi/4.8.4/armv6-m\libgcc.a(adddf3.o)
                0x0000125c                __aeabi_dadd
 .text          0x000018a0      0x648 c:/freescale/kds_v3/toolchain/bin/../lib/gcc/arm-none-eabi/4.8.4/armv6-m\libgcc.a(divdf3.o)
                0x000018a0                __aeabi_ddiv
 .text          0x00001ee8      0x520 c:/freescale/kds_v3/toolchain/bin/../lib/gcc/arm-none-eabi/4.8.4/armv6-m\libgcc.a(muldf3.o)
                0x00001ee8                __aeabi_dmul
 .text          0x00002408      0x668 c:/freescale/kds_v3/toolchain/bin/../lib/gcc/arm-none-eabi/4.8.4/armv6-m\libgcc.a(subdf3.o)
                0x00002408                __aeabi_dsub
 .text          0x00002a70       0x68 c:/freescale/kds_v3/toolchain/bin/../lib/gcc/arm-none-eabi/4.8.4/armv6-m\libgcc.a(fixdfsi.o)
                0x00002a70                __aeabi_d2iz
 .text          0x00002ad8       0x68 c:/freescale/kds_v3/toolchain/bin/../lib/gcc/arm-none-eabi/4.8.4/armv6-m\libgcc.a(floatunsidf.o)
                0x00002ad8                __aeabi_ui2d
 *(.text*)
 .text.__init_hardware
                0x00002b40       0x4c ./Static_Code/System/CPU_Init.o
                0x00002b40                __init_hardware
 .text.PE_low_level_init
                0x00002b8c       0x44 ./Static_Code/System/CPU_Init.o
                0x00002b8c                PE_low_level_init
 .text.CPU_GetClockGenMode
                0x00002bd0       0x6c ./Static_Code/System/CPU_Init.o
                0x00002bd0                CPU_GetClockGenMode
 .text.CPU_SetClockConfigGenMode
                0x00002c3c      0x280 ./Static_Code/System/CPU_Init.o
                0x00002c3c                CPU_SetClockConfigGenMode
 .text.UnhandledInterrupt
                0x00002ebc        0xc ./Static_Code/System/Vectors.o
                0x00002ebc                UnhandledInterrupt
 .text.Cpu_OnNMI
                0x00002ec8        0x8 ./Sources/Events.o
                0x00002ec8                Cpu_OnNMI
 .text.CAN1_OnFreeTxBuffer
                0x00002ed0       0x14 ./Sources/Events.o
                0x00002ed0                CAN1_OnFreeTxBuffer
 .text.CAN1_OnFullRxBuffer
                0x00002ee4       0x14 ./Sources/Events.o
                0x00002ee4                CAN1_OnFullRxBuffer
 .text.isUltraSoundActivated
                0x00002ef8       0xd0 ./Sources/main.o
                0x00002ef8                isUltraSoundActivated
 .text.isButtonPushed
                0x00002fc8       0x4c ./Sources/main.o
                0x00002fc8                isButtonPushed
 .text.writeCan
                0x00003014       0x78 ./Sources/main.o
                0x00003014                writeCan
 .text.printSerial
                0x0000308c       0x3c ./Sources/main.o
                0x0000308c                printSerial
 .text.alarmBehaviour
                0x000030c8       0x8c ./Sources/main.o
                0x000030c8                alarmBehaviour
 .text.main     0x00003154       0x54 ./Sources/main.o
                0x00003154                main
 .text.__copy_rom_section
                0x000031a8       0xd8 ./Project_Settings/Startup_Code/startup.o
                0x000031a8                __copy_rom_section
 .text.__copy_rom_sections_to_ram
                0x00003280       0x98 ./Project_Settings/Startup_Code/startup.o
                0x00003280                __copy_rom_sections_to_ram
 .text.__init_registers
                0x00003318        0x8 ./Project_Settings/Startup_Code/startup.o
                0x00003318                __init_registers
 .text.__init_user
                0x00003320        0x8 ./Project_Settings/Startup_Code/startup.o
                0x00003320                __init_user
 .text.__thumb_startup
                0x00003328       0x30 ./Project_Settings/Startup_Code/startup.o
                0x00003328                __thumb_startup
 .text.ASerialLdd1_Init
                0x00003358       0xf0 ./Generated_Code/ASerialLdd1.o
                0x00003358                ASerialLdd1_Init
 .text.ASerialLdd1_ReceiveBlock
                0x00003448       0x48 ./Generated_Code/ASerialLdd1.o
                0x00003448                ASerialLdd1_ReceiveBlock
 .text.ASerialLdd1_SendBlock
                0x00003490       0x58 ./Generated_Code/ASerialLdd1.o
                0x00003490                ASerialLdd1_SendBlock
 .text.InterruptRx
                0x000034e8       0x50 ./Generated_Code/ASerialLdd1.o
 .text.InterruptTx
                0x00003538       0x5c ./Generated_Code/ASerialLdd1.o
 .text.ASerialLdd1_Main
                0x00003594       0xd8 ./Generated_Code/ASerialLdd1.o
                0x00003594                ASerialLdd1_Main
 .text.BitIoLdd1_Init
                0x0000366c       0x4c ./Generated_Code/BitIoLdd1.o
                0x0000366c                BitIoLdd1_Init
 .text.BitIoLdd1_ClrVal
                0x000036b8       0x1c ./Generated_Code/BitIoLdd1.o
                0x000036b8                BitIoLdd1_ClrVal
 .text.BitIoLdd1_SetVal
                0x000036d4       0x1c ./Generated_Code/BitIoLdd1.o
                0x000036d4                BitIoLdd1_SetVal
 .text.BitIoLdd2_Init
                0x000036f0       0x4c ./Generated_Code/BitIoLdd2.o
                0x000036f0                BitIoLdd2_Init
 .text.BitIoLdd2_GetVal
                0x0000373c       0x28 ./Generated_Code/BitIoLdd2.o
                0x0000373c                BitIoLdd2_GetVal
 .text.BitsIoLdd1_Init
                0x00003764       0x4c ./Generated_Code/BitsIoLdd1.o
                0x00003764                BitsIoLdd1_Init
 .text.BitsIoLdd1_GetVal
                0x000037b0       0x24 ./Generated_Code/BitsIoLdd1.o
                0x000037b0                BitsIoLdd1_GetVal
 .text.CAN1_Init
                0x000037d4      0x1c8 ./Generated_Code/CAN1.o
                0x000037d4                CAN1_Init
 .text.CAN1_SendFrame
                0x0000399c      0x354 ./Generated_Code/CAN1.o
                0x0000399c                CAN1_SendFrame
 .text.CAN1_TxInterrupt
                0x00003cf0       0xc4 ./Generated_Code/CAN1.o
                0x00003cf0                CAN1_TxInterrupt
 .text.CAN1_RxInterrupt
                0x00003db4       0x3c ./Generated_Code/CAN1.o
                0x00003db4                CAN1_RxInterrupt
 .text.Components_Init
                0x00003df0       0x2c ./Generated_Code/Cpu.o
                0x00003df0                Components_Init
 .text.Cpu_INT_NMIInterrupt
                0x00003e1c        0xc ./Generated_Code/Cpu.o
                0x00003e1c                Cpu_INT_NMIInterrupt
 .text.HWEnDi   0x00003e28       0x20 ./Generated_Code/Inhr1.o
 .text.Inhr1_SendChar
                0x00003e48       0x68 ./Generated_Code/Inhr1.o
                0x00003e48                Inhr1_SendChar
 .text.Inhr1_Init
                0x00003eb0       0x28 ./Generated_Code/Inhr1.o
                0x00003eb0                Inhr1_Init
 .text.ASerialLdd1_OnBreak
                0x00003ed8       0x20 ./Generated_Code/Inhr1.o
                0x00003ed8                ASerialLdd1_OnBreak
 .text.MCUC1_Init
                0x00003ef8        0x8 ./Generated_Code/MCUC1.o
                0x00003ef8                MCUC1_Init
 .text.RealTimeLdd1_Init
                0x00003f00       0x5c ./Generated_Code/RealTimeLdd1.o
                0x00003f00                RealTimeLdd1_Init
 .text.RealTimeLdd1_Reset
                0x00003f5c       0x7c ./Generated_Code/RealTimeLdd1.o
                0x00003f5c                RealTimeLdd1_Reset
 .text.RealTimeLdd1_GetTimeUS
                0x00003fd8       0xc0 ./Generated_Code/RealTimeLdd1.o
                0x00003fd8                RealTimeLdd1_GetTimeUS
 .text.TU1_OnCounterRestart
                0x00004098       0x30 ./Generated_Code/RealTimeLdd1.o
                0x00004098                TU1_OnCounterRestart
 .text.TU1_Init
                0x000040c8       0xd0 ./Generated_Code/TU1.o
                0x000040c8                TU1_Init
 .text.TU1_ResetCounter
                0x00004198       0x1c ./Generated_Code/TU1.o
                0x00004198                TU1_ResetCounter
 .text.TU1_Interrupt
                0x000041b4       0x5c ./Generated_Code/TU1.o
                0x000041b4                TU1_Interrupt
 .text.SendESCPrefix
                0x00004210       0x24 ./Generated_Code/Term1.o
 .text.Term1_SendStr
                0x00004234       0x34 ./Generated_Code/Term1.o
                0x00004234                Term1_SendStr
 .text.LongToStr
                0x00004268      0x14c ./Generated_Code/Term1.o
 .text.Term1_SendNum
                0x000043b4       0x60 ./Generated_Code/Term1.o
                0x000043b4                Term1_SendNum
 .text.Term1_Cls
                0x00004414       0x28 ./Generated_Code/Term1.o
                0x00004414                Term1_Cls
 .text.Term1_MoveTo
                0x0000443c       0x4c ./Generated_Code/Term1.o
                0x0000443c                Term1_MoveTo
 .text.Term1_SetColor
                0x00004488       0x6c ./Generated_Code/Term1.o
                0x00004488                Term1_SetColor
 .text.WAIT_Wait10Cycles
                0x000044f4        0x8 ./Generated_Code/WAIT.o
                0x000044f4                WAIT_Wait10Cycles
 .text.WAIT_Wait100Cycles
                0x000044fc       0x24 ./Generated_Code/WAIT.o
                0x000044fc                WAIT_Wait100Cycles
 .text.WAIT_WaitCycles
                0x00004520       0x3c ./Generated_Code/WAIT.o
                0x00004520                WAIT_WaitCycles
 .text.WAIT_WaitLongCycles
                0x0000455c       0x3c ./Generated_Code/WAIT.o
                0x0000455c                WAIT_WaitLongCycles
 .text.WAIT_Waitms
                0x00004598       0x38 ./Generated_Code/WAIT.o
                0x00004598                WAIT_Waitms
 .text.WAIT_Init
                0x000045d0        0x8 ./Generated_Code/WAIT.o
                0x000045d0                WAIT_Init
 .text.exit     0x000045d8       0x2c c:/freescale/kds_v3/toolchain/bin/../lib/gcc/arm-none-eabi/4.8.4/../../../../arm-none-eabi/lib/armv6-m\libg_s.a(lib_a-exit.o)
                0x000045d8                exit
 .text.__libc_init_array
                0x00004604       0x4c c:/freescale/kds_v3/toolchain/bin/../lib/gcc/arm-none-eabi/4.8.4/../../../../arm-none-eabi/lib/armv6-m\libg_s.a(lib_a-init.o)
                0x00004604                __libc_init_array
 .text.memcpy   0x00004650       0x12 c:/freescale/kds_v3/toolchain/bin/../lib/gcc/arm-none-eabi/4.8.4/../../../../arm-none-eabi/lib/armv6-m\libg_s.a(lib_a-memcpy-stub.o)
                0x00004650                memcpy
 .text.memset   0x00004662       0x10 c:/freescale/kds_v3/toolchain/bin/../lib/gcc/arm-none-eabi/4.8.4/../../../../arm-none-eabi/lib/armv6-m\libg_s.a(lib_a-memset.o)
                0x00004662                memset
 *fill*         0x00004672        0x2 
 .text.printf   0x00004674       0x34 c:/freescale/kds_v3/toolchain/bin/../lib/gcc/arm-none-eabi/4.8.4/../../../../arm-none-eabi/lib/armv6-m\libg_s.a(lib_a-printf.o)
                0x00004674                iprintf
                0x00004674                printf
 .text._puts_r  0x000046a8       0xc2 c:/freescale/kds_v3/toolchain/bin/../lib/gcc/arm-none-eabi/4.8.4/../../../../arm-none-eabi/lib/armv6-m\libg_s.a(lib_a-puts.o)
                0x000046a8                _puts_r
 *fill*         0x0000476a        0x2 
 .text.puts     0x0000476c       0x14 c:/freescale/kds_v3/toolchain/bin/../lib/gcc/arm-none-eabi/4.8.4/../../../../arm-none-eabi/lib/armv6-m\libg_s.a(lib_a-puts.o)
                0x0000476c                puts
 .text.__sfputc_r
                0x00004780       0x2a c:/freescale/kds_v3/toolchain/bin/../lib/gcc/arm-none-eabi/4.8.4/../../../../arm-none-eabi/lib/armv6-m\libg_s.a(lib_a-vfprintf.o)
 .text.__sfputs_r
                0x000047aa       0x24 c:/freescale/kds_v3/toolchain/bin/../lib/gcc/arm-none-eabi/4.8.4/../../../../arm-none-eabi/lib/armv6-m\libg_s.a(lib_a-vfprintf.o)
                0x000047aa                __sfputs_r
 *fill*         0x000047ce        0x2 
 .text._vfprintf_r
                0x000047d0      0x210 c:/freescale/kds_v3/toolchain/bin/../lib/gcc/arm-none-eabi/4.8.4/../../../../arm-none-eabi/lib/armv6-m\libg_s.a(lib_a-vfprintf.o)
                0x000047d0                _vfprintf_r
                0x000047d0                _vfiprintf_r
 .text.__cvt    0x000049e0       0xd0 c:/freescale/kds_v3/toolchain/bin/../lib/gcc/arm-none-eabi/4.8.4/../../../../arm-none-eabi/lib/armv6-m\libg_s.a(lib_a-vfprintf_float.o)
                0x000049e0                __cvt
 .text.__exponent
                0x00004ab0       0x6a c:/freescale/kds_v3/toolchain/bin/../lib/gcc/arm-none-eabi/4.8.4/../../../../arm-none-eabi/lib/armv6-m\libg_s.a(lib_a-vfprintf_float.o)
                0x00004ab0                __exponent
 *fill*         0x00004b1a        0x6 
 .text._printf_float
                0x00004b20      0x458 c:/freescale/kds_v3/toolchain/bin/../lib/gcc/arm-none-eabi/4.8.4/../../../../arm-none-eabi/lib/armv6-m\libg_s.a(lib_a-vfprintf_float.o)
                0x00004b20                _printf_float
 .text._printf_common
                0x00004f78       0xe8 c:/freescale/kds_v3/toolchain/bin/../lib/gcc/arm-none-eabi/4.8.4/../../../../arm-none-eabi/lib/armv6-m\libg_s.a(lib_a-vfprintf_i.o)
                0x00004f78                _printf_common
 .text._printf_i
                0x00005060      0x22c c:/freescale/kds_v3/toolchain/bin/../lib/gcc/arm-none-eabi/4.8.4/../../../../arm-none-eabi/lib/armv6-m\libg_s.a(lib_a-vfprintf_i.o)
                0x00005060                _printf_i
 .text.__swbuf_r
                0x0000528c       0xb0 c:/freescale/kds_v3/toolchain/bin/../lib/gcc/arm-none-eabi/4.8.4/../../../../arm-none-eabi/lib/armv6-m\libg_s.a(lib_a-wbuf.o)
                0x0000528c                __swbuf_r
 .text.__swsetup_r
                0x0000533c       0xe4 c:/freescale/kds_v3/toolchain/bin/../lib/gcc/arm-none-eabi/4.8.4/../../../../arm-none-eabi/lib/armv6-m\libg_s.a(lib_a-wsetup.o)
                0x0000533c                __swsetup_r
 .text.quorem   0x00005420      0x118 c:/freescale/kds_v3/toolchain/bin/../lib/gcc/arm-none-eabi/4.8.4/../../../../arm-none-eabi/lib/armv6-m\libg_s.a(lib_a-dtoa.o)
 .text._dtoa_r  0x00005538      0xbb8 c:/freescale/kds_v3/toolchain/bin/../lib/gcc/arm-none-eabi/4.8.4/../../../../arm-none-eabi/lib/armv6-m\libg_s.a(lib_a-dtoa.o)
                0x00005538                _dtoa_r
 .text.__sflush_r
                0x000060f0      0x112 c:/freescale/kds_v3/toolchain/bin/../lib/gcc/arm-none-eabi/4.8.4/../../../../arm-none-eabi/lib/armv6-m\libg_s.a(lib_a-fflush.o)
                0x000060f0                __sflush_r
 *fill*         0x00006202        0x2 
 .text._fflush_r
                0x00006204       0x58 c:/freescale/kds_v3/toolchain/bin/../lib/gcc/arm-none-eabi/4.8.4/../../../../arm-none-eabi/lib/armv6-m\libg_s.a(lib_a-fflush.o)
                0x00006204                _fflush_r
 .text._cleanup_r
                0x0000625c       0x34 c:/freescale/kds_v3/toolchain/bin/../lib/gcc/arm-none-eabi/4.8.4/../../../../arm-none-eabi/lib/armv6-m\libg_s.a(lib_a-findfp.o)
                0x0000625c                _cleanup_r
 .text.std.isra.0
                0x00006290       0x48 c:/freescale/kds_v3/toolchain/bin/../lib/gcc/arm-none-eabi/4.8.4/../../../../arm-none-eabi/lib/armv6-m\libg_s.a(lib_a-findfp.o)
 .text.__sfmoreglue
                0x000062d8       0x2c c:/freescale/kds_v3/toolchain/bin/../lib/gcc/arm-none-eabi/4.8.4/../../../../arm-none-eabi/lib/armv6-m\libg_s.a(lib_a-findfp.o)
                0x000062d8                __sfmoreglue
 .text.__sinit  0x00006304       0x64 c:/freescale/kds_v3/toolchain/bin/../lib/gcc/arm-none-eabi/4.8.4/../../../../arm-none-eabi/lib/armv6-m\libg_s.a(lib_a-findfp.o)
                0x00006304                __sinit
 .text.__sfp    0x00006368       0x7c c:/freescale/kds_v3/toolchain/bin/../lib/gcc/arm-none-eabi/4.8.4/../../../../arm-none-eabi/lib/armv6-m\libg_s.a(lib_a-findfp.o)
                0x00006368                __sfp
 .text._localeconv_r
                0x000063e4        0x8 c:/freescale/kds_v3/toolchain/bin/../lib/gcc/arm-none-eabi/4.8.4/../../../../arm-none-eabi/lib/armv6-m\libg_s.a(lib_a-locale.o)
                0x000063e4                _localeconv_r
 .text.__smakebuf_r
                0x000063ec       0xa0 c:/freescale/kds_v3/toolchain/bin/../lib/gcc/arm-none-eabi/4.8.4/../../../../arm-none-eabi/lib/armv6-m\libg_s.a(lib_a-makebuf.o)
                0x000063ec                __smakebuf_r
 .text.malloc   0x0000648c       0x14 c:/freescale/kds_v3/toolchain/bin/../lib/gcc/arm-none-eabi/4.8.4/../../../../arm-none-eabi/lib/armv6-m\libg_s.a(lib_a-malloc.o)
                0x0000648c                malloc
 .text.memchr   0x000064a0       0x16 c:/freescale/kds_v3/toolchain/bin/../lib/gcc/arm-none-eabi/4.8.4/../../../../arm-none-eabi/lib/armv6-m\libg_s.a(lib_a-memchr-stub.o)
                0x000064a0                memchr
 .text._Balloc  0x000064b6       0x70 c:/freescale/kds_v3/toolchain/bin/../lib/gcc/arm-none-eabi/4.8.4/../../../../arm-none-eabi/lib/armv6-m\libg_s.a(lib_a-mprec.o)
                0x000064b6                _Balloc
 .text._Bfree   0x00006526       0x32 c:/freescale/kds_v3/toolchain/bin/../lib/gcc/arm-none-eabi/4.8.4/../../../../arm-none-eabi/lib/armv6-m\libg_s.a(lib_a-mprec.o)
                0x00006526                _Bfree
 .text.__multadd
                0x00006558       0x7c c:/freescale/kds_v3/toolchain/bin/../lib/gcc/arm-none-eabi/4.8.4/../../../../arm-none-eabi/lib/armv6-m\libg_s.a(lib_a-mprec.o)
                0x00006558                __multadd
 .text.__hi0bits
                0x000065d4       0x38 c:/freescale/kds_v3/toolchain/bin/../lib/gcc/arm-none-eabi/4.8.4/../../../../arm-none-eabi/lib/armv6-m\libg_s.a(lib_a-mprec.o)
                0x000065d4                __hi0bits
 .text.__lo0bits
                0x0000660c       0x5a c:/freescale/kds_v3/toolchain/bin/../lib/gcc/arm-none-eabi/4.8.4/../../../../arm-none-eabi/lib/armv6-m\libg_s.a(lib_a-mprec.o)
                0x0000660c                __lo0bits
 .text.__i2b    0x00006666       0x12 c:/freescale/kds_v3/toolchain/bin/../lib/gcc/arm-none-eabi/4.8.4/../../../../arm-none-eabi/lib/armv6-m\libg_s.a(lib_a-mprec.o)
                0x00006666                __i2b
 .text.__multiply
                0x00006678      0x11e c:/freescale/kds_v3/toolchain/bin/../lib/gcc/arm-none-eabi/4.8.4/../../../../arm-none-eabi/lib/armv6-m\libg_s.a(lib_a-mprec.o)
                0x00006678                __multiply
 *fill*         0x00006796        0x2 
 .text.__pow5mult
                0x00006798       0xa4 c:/freescale/kds_v3/toolchain/bin/../lib/gcc/arm-none-eabi/4.8.4/../../../../arm-none-eabi/lib/armv6-m\libg_s.a(lib_a-mprec.o)
                0x00006798                __pow5mult
 .text.__lshift
                0x0000683c       0xa4 c:/freescale/kds_v3/toolchain/bin/../lib/gcc/arm-none-eabi/4.8.4/../../../../arm-none-eabi/lib/armv6-m\libg_s.a(lib_a-mprec.o)
                0x0000683c                __lshift
 .text.__mcmp   0x000068e0       0x36 c:/freescale/kds_v3/toolchain/bin/../lib/gcc/arm-none-eabi/4.8.4/../../../../arm-none-eabi/lib/armv6-m\libg_s.a(lib_a-mprec.o)
                0x000068e0                __mcmp
 .text.__mdiff  0x00006916       0xcc c:/freescale/kds_v3/toolchain/bin/../lib/gcc/arm-none-eabi/4.8.4/../../../../arm-none-eabi/lib/armv6-m\libg_s.a(lib_a-mprec.o)
                0x00006916                __mdiff
 *fill*         0x000069e2        0x2 
 .text.__d2b    0x000069e4       0xb0 c:/freescale/kds_v3/toolchain/bin/../lib/gcc/arm-none-eabi/4.8.4/../../../../arm-none-eabi/lib/armv6-m\libg_s.a(lib_a-mprec.o)
                0x000069e4                __d2b
 .text._calloc_r
                0x00006a94       0x1c c:/freescale/kds_v3/toolchain/bin/../lib/gcc/arm-none-eabi/4.8.4/../../../../arm-none-eabi/lib/armv6-m\libg_s.a(lib_a-nano-callocr.o)
                0x00006a94                _calloc_r
 .text._free_r  0x00006ab0       0x90 c:/freescale/kds_v3/toolchain/bin/../lib/gcc/arm-none-eabi/4.8.4/../../../../arm-none-eabi/lib/armv6-m\libg_s.a(lib_a-nano-freer.o)
                0x00006ab0                _free_r
 .text._malloc_r
                0x00006b40       0xa8 c:/freescale/kds_v3/toolchain/bin/../lib/gcc/arm-none-eabi/4.8.4/../../../../arm-none-eabi/lib/armv6-m\libg_s.a(lib_a-nano-mallocr.o)
                0x00006b40                _malloc_r
 .text.__fpclassifyd
                0x00006be8       0x54 c:/freescale/kds_v3/toolchain/bin/../lib/gcc/arm-none-eabi/4.8.4/../../../../arm-none-eabi/lib/armv6-m\libg_s.a(lib_a-s_fpclassify.o)
                0x00006be8                __fpclassifyd
 .text._sbrk_r  0x00006c3c       0x24 c:/freescale/kds_v3/toolchain/bin/../lib/gcc/arm-none-eabi/4.8.4/../../../../arm-none-eabi/lib/armv6-m\libg_s.a(lib_a-sbrkr.o)
                0x00006c3c                _sbrk_r
 .text.__sread  0x00006c60       0x28 c:/freescale/kds_v3/toolchain/bin/../lib/gcc/arm-none-eabi/4.8.4/../../../../arm-none-eabi/lib/armv6-m\libg_s.a(lib_a-stdio.o)
                0x00006c60                __sread
 .text.__swrite
                0x00006c88       0x38 c:/freescale/kds_v3/toolchain/bin/../lib/gcc/arm-none-eabi/4.8.4/../../../../arm-none-eabi/lib/armv6-m\libg_s.a(lib_a-stdio.o)
                0x00006c88                __swrite
 .text.__sseek  0x00006cc0       0x2c c:/freescale/kds_v3/toolchain/bin/../lib/gcc/arm-none-eabi/4.8.4/../../../../arm-none-eabi/lib/armv6-m\libg_s.a(lib_a-stdio.o)
                0x00006cc0                __sseek
 .text.__sclose
                0x00006cec        0xc c:/freescale/kds_v3/toolchain/bin/../lib/gcc/arm-none-eabi/4.8.4/../../../../arm-none-eabi/lib/armv6-m\libg_s.a(lib_a-stdio.o)
                0x00006cec                __sclose
 .text.strlen   0x00006cf8        0xe c:/freescale/kds_v3/toolchain/bin/../lib/gcc/arm-none-eabi/4.8.4/../../../../arm-none-eabi/lib/armv6-m\libg_s.a(lib_a-strlen.o)
                0x00006cf8                strlen
 *fill*         0x00006d06        0x2 
 .text._write_r
                0x00006d08       0x28 c:/freescale/kds_v3/toolchain/bin/../lib/gcc/arm-none-eabi/4.8.4/../../../../arm-none-eabi/lib/armv6-m\libg_s.a(lib_a-writer.o)
                0x00006d08                _write_r
 .text._close_r
                0x00006d30       0x24 c:/freescale/kds_v3/toolchain/bin/../lib/gcc/arm-none-eabi/4.8.4/../../../../arm-none-eabi/lib/armv6-m\libg_s.a(lib_a-closer.o)
                0x00006d30                _close_r
 .text._fstat_r
                0x00006d54       0x24 c:/freescale/kds_v3/toolchain/bin/../lib/gcc/arm-none-eabi/4.8.4/../../../../arm-none-eabi/lib/armv6-m\libg_s.a(lib_a-fstatr.o)
                0x00006d54                _fstat_r
 .text._isatty_r
                0x00006d78       0x24 c:/freescale/kds_v3/toolchain/bin/../lib/gcc/arm-none-eabi/4.8.4/../../../../arm-none-eabi/lib/armv6-m\libg_s.a(lib_a-isattyr.o)
                0x00006d78                _isatty_r
 .text._lseek_r
                0x00006d9c       0x28 c:/freescale/kds_v3/toolchain/bin/../lib/gcc/arm-none-eabi/4.8.4/../../../../arm-none-eabi/lib/armv6-m\libg_s.a(lib_a-lseekr.o)
                0x00006d9c                _lseek_r
 .text._read_r  0x00006dc4       0x28 c:/freescale/kds_v3/toolchain/bin/../lib/gcc/arm-none-eabi/4.8.4/../../../../arm-none-eabi/lib/armv6-m\libg_s.a(lib_a-readr.o)
                0x00006dc4                _read_r
 .text._close   0x00006dec       0x10 c:/freescale/kds_v3/toolchain/bin/../lib/gcc/arm-none-eabi/4.8.4/../../../../arm-none-eabi/lib/armv6-m\libnosys.a(close.o)
                0x00006dec                _close
 .text._fstat   0x00006dfc       0x10 c:/freescale/kds_v3/toolchain/bin/../lib/gcc/arm-none-eabi/4.8.4/../../../../arm-none-eabi/lib/armv6-m\libnosys.a(fstat.o)
                0x00006dfc                _fstat
 .text._isatty  0x00006e0c       0x10 c:/freescale/kds_v3/toolchain/bin/../lib/gcc/arm-none-eabi/4.8.4/../../../../arm-none-eabi/lib/armv6-m\libnosys.a(isatty.o)
                0x00006e0c                _isatty
 .text._lseek   0x00006e1c       0x10 c:/freescale/kds_v3/toolchain/bin/../lib/gcc/arm-none-eabi/4.8.4/../../../../arm-none-eabi/lib/armv6-m\libnosys.a(lseek.o)
                0x00006e1c                _lseek
 .text._read    0x00006e2c       0x10 c:/freescale/kds_v3/toolchain/bin/../lib/gcc/arm-none-eabi/4.8.4/../../../../arm-none-eabi/lib/armv6-m\libnosys.a(read.o)
                0x00006e2c                _read
 .text._sbrk    0x00006e3c       0x34 c:/freescale/kds_v3/toolchain/bin/../lib/gcc/arm-none-eabi/4.8.4/../../../../arm-none-eabi/lib/armv6-m\libnosys.a(sbrk.o)
                0x00006e3c                _sbrk
 .text._write   0x00006e70       0x10 c:/freescale/kds_v3/toolchain/bin/../lib/gcc/arm-none-eabi/4.8.4/../../../../arm-none-eabi/lib/armv6-m\libnosys.a(write.o)
                0x00006e70                _write
 .text._exit    0x00006e80        0x4 c:/freescale/kds_v3/toolchain/bin/../lib/gcc/arm-none-eabi/4.8.4/../../../../arm-none-eabi/lib/armv6-m\libnosys.a(_exit.o)
                0x00006e80                _exit
 *(.rodata)
 .rodata        0x00006e84       0x94 ./Sources/main.o
 .rodata        0x00006f18       0x40 c:/freescale/kds_v3/toolchain/bin/../lib/gcc/arm-none-eabi/4.8.4/armv6-m\libgcc.a(mulsf3.o)
 .rodata        0x00006f58       0x40 c:/freescale/kds_v3/toolchain/bin/../lib/gcc/arm-none-eabi/4.8.4/armv6-m\libgcc.a(divdf3.o)
 .rodata        0x00006f98       0x40 c:/freescale/kds_v3/toolchain/bin/../lib/gcc/arm-none-eabi/4.8.4/armv6-m\libgcc.a(muldf3.o)
 *(.rodata*)
 .rodata.ClockGenModeMatrix
                0x00006fd8       0x48 ./Static_Code/System/CPU_Init.o
 .rodata.CPU_ClockConfigDescriptors
                0x00007020       0x10 ./Static_Code/System/CPU_Init.o
 .rodata.CPU_DefaultFEI
                0x00007030        0x8 ./Static_Code/System/CPU_Init.o
 .rodata.CPU_DefaultFBI
                0x00007038        0x8 ./Static_Code/System/CPU_Init.o
 .rodata.CPU_DefaultFBILP
                0x00007040        0x8 ./Static_Code/System/CPU_Init.o
 .rodata.CPU_DefaultFEE
                0x00007048        0x8 ./Static_Code/System/CPU_Init.o
 .rodata.CPU_DefaultFBE
                0x00007050        0x8 ./Static_Code/System/CPU_Init.o
 .rodata.CPU_DefaultFBELP
                0x00007058        0x8 ./Static_Code/System/CPU_Init.o
 .rodata.CPU_ClockGenModeRegs
                0x00007060       0x18 ./Static_Code/System/CPU_Init.o
 .rodata.CPU_SetClockConfigGenMode
                0x00007078       0x30 ./Static_Code/System/CPU_Init.o
 .rodata.RemapBuffersIdxToHw
                0x000070a8        0x4 ./Generated_Code/CAN1.o
 .rodata.RemapHwToTxBuffersIdx
                0x000070ac        0x4 ./Generated_Code/CAN1.o
 .rodata.RemapHwToRxBuffersIdx
                0x000070b0        0x4 ./Generated_Code/CAN1.o
 .rodata.str1.1
                0x000070b4        0x2 c:/freescale/kds_v3/toolchain/bin/../lib/gcc/arm-none-eabi/4.8.4/../../../../arm-none-eabi/lib/armv6-m\libg_s.a(lib_a-impure.o)
 *fill*         0x000070b6        0x2 
 .rodata._global_impure_ptr
                0x000070b8        0x4 c:/freescale/kds_v3/toolchain/bin/../lib/gcc/arm-none-eabi/4.8.4/../../../../arm-none-eabi/lib/armv6-m\libg_s.a(lib_a-impure.o)
                0x000070b8                _global_impure_ptr
 .rodata.str1.1
                0x000070bc       0x11 c:/freescale/kds_v3/toolchain/bin/../lib/gcc/arm-none-eabi/4.8.4/../../../../arm-none-eabi/lib/armv6-m\libg_s.a(lib_a-vfprintf.o)
 .rodata.str1.1
                0x000070cd       0x12 c:/freescale/kds_v3/toolchain/bin/../lib/gcc/arm-none-eabi/4.8.4/../../../../arm-none-eabi/lib/armv6-m\libg_s.a(lib_a-vfprintf_float.o)
 .rodata.str1.1
                0x000070df       0x22 c:/freescale/kds_v3/toolchain/bin/../lib/gcc/arm-none-eabi/4.8.4/../../../../arm-none-eabi/lib/armv6-m\libg_s.a(lib_a-vfprintf_i.o)
 .rodata.str1.1
                0x00007101        0xd c:/freescale/kds_v3/toolchain/bin/../lib/gcc/arm-none-eabi/4.8.4/../../../../arm-none-eabi/lib/armv6-m\libg_s.a(lib_a-dtoa.o)
                                  0xf (size before relaxing)
 *fill*         0x0000710e        0x2 
 .rodata.__sf_fake_stdin
                0x00007110       0x20 c:/freescale/kds_v3/toolchain/bin/../lib/gcc/arm-none-eabi/4.8.4/../../../../arm-none-eabi/lib/armv6-m\libg_s.a(lib_a-findfp.o)
                0x00007110                __sf_fake_stdin
 .rodata.__sf_fake_stdout
                0x00007130       0x20 c:/freescale/kds_v3/toolchain/bin/../lib/gcc/arm-none-eabi/4.8.4/../../../../arm-none-eabi/lib/armv6-m\libg_s.a(lib_a-findfp.o)
                0x00007130                __sf_fake_stdout
 .rodata.__sf_fake_stderr
                0x00007150       0x20 c:/freescale/kds_v3/toolchain/bin/../lib/gcc/arm-none-eabi/4.8.4/../../../../arm-none-eabi/lib/armv6-m\libg_s.a(lib_a-findfp.o)
                0x00007150                __sf_fake_stderr
 .rodata.str1.1
                0x00007170        0x8 c:/freescale/kds_v3/toolchain/bin/../lib/gcc/arm-none-eabi/4.8.4/../../../../arm-none-eabi/lib/armv6-m\libg_s.a(lib_a-locale.o)
                                  0xb (size before relaxing)
 .rodata.__mprec_tens
                0x00007178       0xc8 c:/freescale/kds_v3/toolchain/bin/../lib/gcc/arm-none-eabi/4.8.4/../../../../arm-none-eabi/lib/armv6-m\libg_s.a(lib_a-mprec.o)
                0x00007178                __mprec_tens
 .rodata.__mprec_bigtens
                0x00007240       0x28 c:/freescale/kds_v3/toolchain/bin/../lib/gcc/arm-none-eabi/4.8.4/../../../../arm-none-eabi/lib/armv6-m\libg_s.a(lib_a-mprec.o)
                0x00007240                __mprec_bigtens
 .rodata.p05.5281
                0x00007268        0xc c:/freescale/kds_v3/toolchain/bin/../lib/gcc/arm-none-eabi/4.8.4/../../../../arm-none-eabi/lib/armv6-m\libg_s.a(lib_a-mprec.o)
 *(.glue_7)
 .glue_7        0x00000000        0x0 linker stubs
 *(.glue_7t)
 .glue_7t       0x00000000        0x0 linker stubs
 *(.eh_frame)
 .eh_frame      0x00007274        0x0 c:/freescale/kds_v3/toolchain/bin/../lib/gcc/arm-none-eabi/4.8.4/armv6-m/crtbegin.o
 *(.init)
 .init          0x00007274        0x4 c:/freescale/kds_v3/toolchain/bin/../lib/gcc/arm-none-eabi/4.8.4/armv6-m/crti.o
                0x00007274                _init
 .init          0x00007278        0x8 c:/freescale/kds_v3/toolchain/bin/../lib/gcc/arm-none-eabi/4.8.4/armv6-m/crtn.o
 *(.fini)
 .fini          0x00007280        0x4 c:/freescale/kds_v3/toolchain/bin/../lib/gcc/arm-none-eabi/4.8.4/armv6-m/crti.o
                0x00007280                _fini
 .fini          0x00007284        0x8 c:/freescale/kds_v3/toolchain/bin/../lib/gcc/arm-none-eabi/4.8.4/armv6-m/crtn.o
                0x0000728c                . = ALIGN (0x4)
                0x0000728c                _etext = .

.vfp11_veneer   0x0000728c        0x0
 .vfp11_veneer  0x00000000        0x0 linker stubs

.v4_bx          0x0000728c        0x0
 .v4_bx         0x00000000        0x0 linker stubs

.iplt           0x0000728c        0x0
 .iplt          0x00000000        0x0 c:/freescale/kds_v3/toolchain/bin/../lib/gcc/arm-none-eabi/4.8.4/armv6-m/crtbegin.o

.ARM.extab
 *(.ARM.extab* .gnu.linkonce.armextab.*)

.ARM            0x0000728c        0x8
                0x0000728c                __exidx_start = .
 *(.ARM.exidx*)
 .ARM.exidx     0x0000728c        0x8 c:/freescale/kds_v3/toolchain/bin/../lib/gcc/arm-none-eabi/4.8.4/../../../../arm-none-eabi/lib/armv6-m/crt0.o
                0x00007294                __exidx_end = .

.rel.dyn        0x00007294        0x0
 .rel.iplt      0x00000000        0x0 c:/freescale/kds_v3/toolchain/bin/../lib/gcc/arm-none-eabi/4.8.4/armv6-m/crtbegin.o

.ctors          0x00007294        0x0
                0x00007294                __CTOR_LIST__ = .
 *crtbegin.o(.ctors)
 *(EXCLUDE_FILE(*crtend.o) .ctors)
 *(SORT(.ctors.*))
 *(.ctors)
                0x00007294                __CTOR_END__ = .

.dtors          0x00007294        0x0
                0x00007294                __DTOR_LIST__ = .
 *crtbegin.o(.dtors)
 *(EXCLUDE_FILE(*crtend.o) .dtors)
 *(SORT(.dtors.*))
 *(.dtors)
                0x00007294                __DTOR_END__ = .

.preinit_array  0x00007294        0x0
                0x00007294                PROVIDE (__preinit_array_start, .)
 *(.preinit_array*)
                0x00007294                PROVIDE (__preinit_array_end, .)

.init_array     0x00007294        0x4
                0x00007294                PROVIDE (__init_array_start, .)
 *(SORT(.init_array.*))
 *(.init_array*)
 .init_array    0x00007294        0x4 c:/freescale/kds_v3/toolchain/bin/../lib/gcc/arm-none-eabi/4.8.4/armv6-m/crtbegin.o
                0x00007298                PROVIDE (__init_array_end, .)

.fini_array     0x00007298        0x4
                0x00007298                PROVIDE (__fini_array_start, .)
 *(SORT(.fini_array.*))
 *(.fini_array*)
 .fini_array    0x00007298        0x4 c:/freescale/kds_v3/toolchain/bin/../lib/gcc/arm-none-eabi/4.8.4/armv6-m/crtbegin.o
                0x0000729c                PROVIDE (__fini_array_end, .)
                0x0000729c                ___ROM_AT = .

.mtb            0x1ffff000        0x0
                0x1ffff000                . = ALIGN (0x8)
                0x1ffff000                _mtb_start = .
 *(.mtb_buf)
                0x1ffff000                . = ALIGN (0x8)
                0x1ffff000                _mtb_end = .

.data           0x1ffff000       0x9c load address 0x0000729c
                0x1ffff000                . = ALIGN (0x4)
                0x1ffff000                _sdata = .
 *(.data)
 *(.data*)
 .data.impure_data
                0x1ffff000       0x60 c:/freescale/kds_v3/toolchain/bin/../lib/gcc/arm-none-eabi/4.8.4/../../../../arm-none-eabi/lib/armv6-m\libg_s.a(lib_a-impure.o)
 .data._impure_ptr
                0x1ffff060        0x4 c:/freescale/kds_v3/toolchain/bin/../lib/gcc/arm-none-eabi/4.8.4/../../../../arm-none-eabi/lib/armv6-m\libg_s.a(lib_a-impure.o)
                0x1ffff060                _impure_ptr
 .data.lconv    0x1ffff064       0x38 c:/freescale/kds_v3/toolchain/bin/../lib/gcc/arm-none-eabi/4.8.4/../../../../arm-none-eabi/lib/armv6-m\libg_s.a(lib_a-locale.o)
                0x1ffff09c                . = ALIGN (0x4)
                0x1ffff09c                _edata = .
                0x0000009c                ___data_size = (_edata - _sdata)

.jcr            0x1ffff09c        0x0 load address 0x00007338
 .jcr           0x1ffff09c        0x0 c:/freescale/kds_v3/toolchain/bin/../lib/gcc/arm-none-eabi/4.8.4/armv6-m/crtbegin.o

.igot.plt       0x1ffff09c        0x0 load address 0x00007338
 .igot.plt      0x00000000        0x0 c:/freescale/kds_v3/toolchain/bin/../lib/gcc/arm-none-eabi/4.8.4/armv6-m/crtbegin.o
                0x1ffff09c                . = ALIGN (0x4)

.bss            0x1ffff09c       0xdc load address 0x00007338
                0x1ffff09c                __START_BSS = .
                0x1ffff09c                PROVIDE (__bss_start__, __START_BSS)
 *(.bss)
 .bss           0x1ffff09c       0x1c c:/freescale/kds_v3/toolchain/bin/../lib/gcc/arm-none-eabi/4.8.4/armv6-m/crtbegin.o
 *(.bss*)
 .bss.SR_lock   0x1ffff0b8        0x1 ./Static_Code/System/CPU_Init.o
                0x1ffff0b8                SR_lock
 .bss.isAlarmTriggered
                0x1ffff0b9        0x1 ./Sources/main.o
                0x1ffff0b9                isAlarmTriggered
 *fill*         0x1ffff0ba        0x2 
 .bss.g_CANPtr  0x1ffff0bc        0x4 ./Sources/main.o
                0x1ffff0bc                g_CANPtr
 .bss.previousValue
                0x1ffff0c0        0x2 ./Sources/main.o
                0x1ffff0c0                previousValue
 *fill*         0x1ffff0c2        0x2 
 .bss.DeviceDataPrv__DEFAULT_RTOS_ALLOC
                0x1ffff0c4       0x20 ./Generated_Code/ASerialLdd1.o
 .bss.DeviceDataPrv__DEFAULT_RTOS_ALLOC
                0x1ffff0e4        0x4 ./Generated_Code/BitIoLdd1.o
 .bss.DeviceDataPrv__DEFAULT_RTOS_ALLOC
                0x1ffff0e8        0x4 ./Generated_Code/BitIoLdd2.o
 .bss.DeviceDataPrv__DEFAULT_RTOS_ALLOC
                0x1ffff0ec        0x4 ./Generated_Code/BitsIoLdd1.o
 .bss.DeviceDataPrv__DEFAULT_RTOS_ALLOC
                0x1ffff0f0       0x24 ./Generated_Code/CAN1.o
 .bss.INT_MSCAN_TX__DEFAULT_RTOS_ISRPARAM
                0x1ffff114        0x4 ./Generated_Code/CAN1.o
 .bss.INT_MSCAN_RX__DEFAULT_RTOS_ISRPARAM
                0x1ffff118        0x4 ./Generated_Code/CAN1.o
 .bss.SerFlag   0x1ffff11c        0x2 ./Generated_Code/Inhr1.o
 .bss.BufferRead
                0x1ffff11e        0x1 ./Generated_Code/Inhr1.o
 .bss.OutBuffer
                0x1ffff11f        0x1 ./Generated_Code/Inhr1.o
 .bss.PE_LDD_DeviceDataList
                0x1ffff120       0x1c ./Generated_Code/PE_LDD.o
                0x1ffff120                PE_LDD_DeviceDataList
 .bss.DeviceDataPrv__DEFAULT_RTOS_ALLOC
                0x1ffff13c       0x14 ./Generated_Code/RealTimeLdd1.o
 .bss.DeviceDataPrv__DEFAULT_RTOS_ALLOC
                0x1ffff150        0xc ./Generated_Code/TU1.o
 .bss.INT_FTM0__DEFAULT_RTOS_ISRPARAM
                0x1ffff15c        0x4 ./Generated_Code/TU1.o
 .bss.__malloc_sbrk_start
                0x1ffff160        0x4 c:/freescale/kds_v3/toolchain/bin/../lib/gcc/arm-none-eabi/4.8.4/../../../../arm-none-eabi/lib/armv6-m\libg_s.a(lib_a-nano-mallocr.o)
                0x1ffff160                __malloc_sbrk_start
 .bss.__malloc_free_list
                0x1ffff164        0x4 c:/freescale/kds_v3/toolchain/bin/../lib/gcc/arm-none-eabi/4.8.4/../../../../arm-none-eabi/lib/armv6-m\libg_s.a(lib_a-nano-mallocr.o)
                0x1ffff164                __malloc_free_list
 .bss.heap_end.4246
                0x1ffff168        0x4 c:/freescale/kds_v3/toolchain/bin/../lib/gcc/arm-none-eabi/4.8.4/../../../../arm-none-eabi/lib/armv6-m\libnosys.a(sbrk.o)
 *(COMMON)
 COMMON         0x1ffff16c        0x1 ./Static_Code/System/CPU_Init.o
                0x1ffff16c                SR_reg
 *fill*         0x1ffff16d        0x3 
 COMMON         0x1ffff170        0x4 ./Generated_Code/Inhr1.o
                0x1ffff170                ASerialLdd1_DeviceDataPtr
 COMMON         0x1ffff174        0x4 c:/freescale/kds_v3/toolchain/bin/../lib/gcc/arm-none-eabi/4.8.4/../../../../arm-none-eabi/lib/armv6-m\libg_s.a(lib_a-reent.o)
                0x1ffff174                errno
                0x1ffff178                . = ALIGN (0x4)
                0x1ffff178                __END_BSS = .
                0x1ffff178                PROVIDE (__bss_end__, __END_BSS)
                0x00007338                _romp_at = (___ROM_AT + SIZEOF (.data))

.romp           0x1ffff178       0x18 load address 0x00007338
                0x00007338                __S_romp = _romp_at
                0x1ffff178        0x4 LONG 0x729c ___ROM_AT
                0x1ffff17c        0x4 LONG 0x1ffff000 _sdata
                0x1ffff180        0x4 LONG 0x9c ___data_size
                0x1ffff184        0x4 LONG 0x0
                0x1ffff188        0x4 LONG 0x0
                0x1ffff18c        0x4 LONG 0x0
                0x00020000                text_end = (ORIGIN (m_text) + 0x1fbf0)
                0x00007350                data_init_end = ((___ROM_AT + SIZEOF (.data)) + SIZEOF (.romp))
                0x00000001                ASSERT ((data_init_end <= text_end), region m_text overflowed with text and data)

._user_heap_stack
                0x1ffff190      0x400 load address 0x00007350
                0x1ffff190                . = ALIGN (0x4)
                0x1ffff190                PROVIDE (end, .)
                0x1ffff190                PROVIDE (_end, .)
                0x1ffff190                PROVIDE (__end__, .)
                0x1ffff190                __heap_addr = .
                0x1ffff190                __HeapBase = .
                0x1ffff190                . = (. + __heap_size)
                0x1ffff190                __HeapLimit = .
                0x1ffff590                . = (. + __stack_size)
 *fill*         0x1ffff190      0x400 
                0x1ffff590                . = ALIGN (0x4)

.ARM.attributes
                0x00000000       0x28
 *(.ARM.attributes)
 .ARM.attributes
                0x00000000       0x1e c:/freescale/kds_v3/toolchain/bin/../lib/gcc/arm-none-eabi/4.8.4/armv6-m/crti.o
 .ARM.attributes
                0x0000001e       0x2c c:/freescale/kds_v3/toolchain/bin/../lib/gcc/arm-none-eabi/4.8.4/armv6-m/crtbegin.o
 .ARM.attributes
                0x0000004a       0x1b c:/freescale/kds_v3/toolchain/bin/../lib/gcc/arm-none-eabi/4.8.4/../../../../arm-none-eabi/lib/armv6-m/crt0.o
 .ARM.attributes
                0x00000065       0x32 ./Static_Code/System/CPU_Init.o
 .ARM.attributes
                0x00000097       0x32 ./Static_Code/System/Vectors.o
 .ARM.attributes
                0x000000c9       0x32 ./Sources/Events.o
 .ARM.attributes
                0x000000fb       0x32 ./Sources/main.o
 .ARM.attributes
                0x0000012d       0x32 ./Project_Settings/Startup_Code/startup.o
 .ARM.attributes
                0x0000015f       0x32 ./Generated_Code/ASerialLdd1.o
 .ARM.attributes
                0x00000191       0x32 ./Generated_Code/BitIoLdd1.o
 .ARM.attributes
                0x000001c3       0x32 ./Generated_Code/BitIoLdd2.o
 .ARM.attributes
                0x000001f5       0x32 ./Generated_Code/BitsIoLdd1.o
 .ARM.attributes
                0x00000227       0x32 ./Generated_Code/CAN1.o
 .ARM.attributes
                0x00000259       0x32 ./Generated_Code/Cpu.o
 .ARM.attributes
                0x0000028b       0x32 ./Generated_Code/Inhr1.o
 .ARM.attributes
                0x000002bd       0x32 ./Generated_Code/MCUC1.o
 .ARM.attributes
                0x000002ef       0x32 ./Generated_Code/PE_LDD.o
 .ARM.attributes
                0x00000321       0x32 ./Generated_Code/RealTimeLdd1.o
 .ARM.attributes
                0x00000353       0x32 ./Generated_Code/TU1.o
 .ARM.attributes
                0x00000385       0x32 ./Generated_Code/Term1.o
 .ARM.attributes
                0x000003b7       0x32 ./Generated_Code/WAIT.o
 .ARM.attributes
                0x000003e9       0x1e c:/freescale/kds_v3/toolchain/bin/../lib/gcc/arm-none-eabi/4.8.4/armv6-m\libgcc.a(_udivsi3.o)
 .ARM.attributes
                0x00000407       0x1e c:/freescale/kds_v3/toolchain/bin/../lib/gcc/arm-none-eabi/4.8.4/armv6-m\libgcc.a(_dvmd_tls.o)
 .ARM.attributes
                0x00000425       0x1e c:/freescale/kds_v3/toolchain/bin/../lib/gcc/arm-none-eabi/4.8.4/armv6-m\libgcc.a(_arm_cmpdf2.o)
 .ARM.attributes
                0x00000443       0x1e c:/freescale/kds_v3/toolchain/bin/../lib/gcc/arm-none-eabi/4.8.4/armv6-m\libgcc.a(_arm_cmpsf2.o)
 .ARM.attributes
                0x00000461       0x2c c:/freescale/kds_v3/toolchain/bin/../lib/gcc/arm-none-eabi/4.8.4/armv6-m\libgcc.a(_fixunssfsi.o)
 .ARM.attributes
                0x0000048d       0x2c c:/freescale/kds_v3/toolchain/bin/../lib/gcc/arm-none-eabi/4.8.4/armv6-m\libgcc.a(eqsf2.o)
 .ARM.attributes
                0x000004b9       0x2c c:/freescale/kds_v3/toolchain/bin/../lib/gcc/arm-none-eabi/4.8.4/armv6-m\libgcc.a(gesf2.o)
 .ARM.attributes
                0x000004e5       0x2c c:/freescale/kds_v3/toolchain/bin/../lib/gcc/arm-none-eabi/4.8.4/armv6-m\libgcc.a(lesf2.o)
 .ARM.attributes
                0x00000511       0x2c c:/freescale/kds_v3/toolchain/bin/../lib/gcc/arm-none-eabi/4.8.4/armv6-m\libgcc.a(mulsf3.o)
 .ARM.attributes
                0x0000053d       0x2c c:/freescale/kds_v3/toolchain/bin/../lib/gcc/arm-none-eabi/4.8.4/armv6-m\libgcc.a(subsf3.o)
 .ARM.attributes
                0x00000569       0x2c c:/freescale/kds_v3/toolchain/bin/../lib/gcc/arm-none-eabi/4.8.4/armv6-m\libgcc.a(fixsfsi.o)
 .ARM.attributes
                0x00000595       0x2c c:/freescale/kds_v3/toolchain/bin/../lib/gcc/arm-none-eabi/4.8.4/armv6-m\libgcc.a(floatunsisf.o)
 .ARM.attributes
                0x000005c1       0x2c c:/freescale/kds_v3/toolchain/bin/../lib/gcc/arm-none-eabi/4.8.4/armv6-m\libgcc.a(eqdf2.o)
 .ARM.attributes
                0x000005ed       0x2c c:/freescale/kds_v3/toolchain/bin/../lib/gcc/arm-none-eabi/4.8.4/armv6-m\libgcc.a(gedf2.o)
 .ARM.attributes
                0x00000619       0x2c c:/freescale/kds_v3/toolchain/bin/../lib/gcc/arm-none-eabi/4.8.4/armv6-m\libgcc.a(ledf2.o)
 .ARM.attributes
                0x00000645       0x2c c:/freescale/kds_v3/toolchain/bin/../lib/gcc/arm-none-eabi/4.8.4/armv6-m\libgcc.a(floatsidf.o)
 .ARM.attributes
                0x00000671       0x1e c:/freescale/kds_v3/toolchain/bin/../lib/gcc/arm-none-eabi/4.8.4/armv6-m\libgcc.a(_clzsi2.o)
 .ARM.attributes
                0x0000068f       0x2c c:/freescale/kds_v3/toolchain/bin/../lib/gcc/arm-none-eabi/4.8.4/../../../../arm-none-eabi/lib/armv6-m\libg_s.a(lib_a-exit.o)
 .ARM.attributes
                0x000006bb       0x2c c:/freescale/kds_v3/toolchain/bin/../lib/gcc/arm-none-eabi/4.8.4/../../../../arm-none-eabi/lib/armv6-m\libg_s.a(lib_a-impure.o)
 .ARM.attributes
                0x000006e7       0x2c c:/freescale/kds_v3/toolchain/bin/../lib/gcc/arm-none-eabi/4.8.4/../../../../arm-none-eabi/lib/armv6-m\libg_s.a(lib_a-init.o)
 .ARM.attributes
                0x00000713       0x2c c:/freescale/kds_v3/toolchain/bin/../lib/gcc/arm-none-eabi/4.8.4/../../../../arm-none-eabi/lib/armv6-m\libg_s.a(lib_a-memcpy-stub.o)
 .ARM.attributes
                0x0000073f       0x2c c:/freescale/kds_v3/toolchain/bin/../lib/gcc/arm-none-eabi/4.8.4/../../../../arm-none-eabi/lib/armv6-m\libg_s.a(lib_a-memset.o)
 .ARM.attributes
                0x0000076b       0x2c c:/freescale/kds_v3/toolchain/bin/../lib/gcc/arm-none-eabi/4.8.4/../../../../arm-none-eabi/lib/armv6-m\libg_s.a(lib_a-printf.o)
 .ARM.attributes
                0x00000797       0x2c c:/freescale/kds_v3/toolchain/bin/../lib/gcc/arm-none-eabi/4.8.4/../../../../arm-none-eabi/lib/armv6-m\libg_s.a(lib_a-puts.o)
 .ARM.attributes
                0x000007c3       0x2c c:/freescale/kds_v3/toolchain/bin/../lib/gcc/arm-none-eabi/4.8.4/../../../../arm-none-eabi/lib/armv6-m\libg_s.a(lib_a-vfprintf.o)
 .ARM.attributes
                0x000007ef       0x2c c:/freescale/kds_v3/toolchain/bin/../lib/gcc/arm-none-eabi/4.8.4/../../../../arm-none-eabi/lib/armv6-m\libg_s.a(lib_a-vfprintf_float.o)
 .ARM.attributes
                0x0000081b       0x2c c:/freescale/kds_v3/toolchain/bin/../lib/gcc/arm-none-eabi/4.8.4/../../../../arm-none-eabi/lib/armv6-m\libg_s.a(lib_a-vfprintf_i.o)
 .ARM.attributes
                0x00000847       0x2c c:/freescale/kds_v3/toolchain/bin/../lib/gcc/arm-none-eabi/4.8.4/../../../../arm-none-eabi/lib/armv6-m\libg_s.a(lib_a-wbuf.o)
 .ARM.attributes
                0x00000873       0x2c c:/freescale/kds_v3/toolchain/bin/../lib/gcc/arm-none-eabi/4.8.4/../../../../arm-none-eabi/lib/armv6-m\libg_s.a(lib_a-wsetup.o)
 .ARM.attributes
                0x0000089f       0x2c c:/freescale/kds_v3/toolchain/bin/../lib/gcc/arm-none-eabi/4.8.4/../../../../arm-none-eabi/lib/armv6-m\libg_s.a(lib_a-dtoa.o)
 .ARM.attributes
                0x000008cb       0x2c c:/freescale/kds_v3/toolchain/bin/../lib/gcc/arm-none-eabi/4.8.4/../../../../arm-none-eabi/lib/armv6-m\libg_s.a(lib_a-fflush.o)
 .ARM.attributes
                0x000008f7       0x2c c:/freescale/kds_v3/toolchain/bin/../lib/gcc/arm-none-eabi/4.8.4/../../../../arm-none-eabi/lib/armv6-m\libg_s.a(lib_a-findfp.o)
 .ARM.attributes
                0x00000923       0x2c c:/freescale/kds_v3/toolchain/bin/../lib/gcc/arm-none-eabi/4.8.4/../../../../arm-none-eabi/lib/armv6-m\libg_s.a(lib_a-locale.o)
 .ARM.attributes
                0x0000094f       0x2c c:/freescale/kds_v3/toolchain/bin/../lib/gcc/arm-none-eabi/4.8.4/../../../../arm-none-eabi/lib/armv6-m\libg_s.a(lib_a-makebuf.o)
 .ARM.attributes
                0x0000097b       0x2c c:/freescale/kds_v3/toolchain/bin/../lib/gcc/arm-none-eabi/4.8.4/../../../../arm-none-eabi/lib/armv6-m\libg_s.a(lib_a-malloc.o)
 .ARM.attributes
                0x000009a7       0x2c c:/freescale/kds_v3/toolchain/bin/../lib/gcc/arm-none-eabi/4.8.4/../../../../arm-none-eabi/lib/armv6-m\libg_s.a(lib_a-memchr-stub.o)
 .ARM.attributes
                0x000009d3       0x2c c:/freescale/kds_v3/toolchain/bin/../lib/gcc/arm-none-eabi/4.8.4/../../../../arm-none-eabi/lib/armv6-m\libg_s.a(lib_a-mprec.o)
 .ARM.attributes
                0x000009ff       0x2c c:/freescale/kds_v3/toolchain/bin/../lib/gcc/arm-none-eabi/4.8.4/../../../../arm-none-eabi/lib/armv6-m\libg_s.a(lib_a-nano-callocr.o)
 .ARM.attributes
                0x00000a2b       0x2c c:/freescale/kds_v3/toolchain/bin/../lib/gcc/arm-none-eabi/4.8.4/../../../../arm-none-eabi/lib/armv6-m\libg_s.a(lib_a-nano-freer.o)
 .ARM.attributes
                0x00000a57       0x2c c:/freescale/kds_v3/toolchain/bin/../lib/gcc/arm-none-eabi/4.8.4/../../../../arm-none-eabi/lib/armv6-m\libg_s.a(lib_a-nano-mallocr.o)
 .ARM.attributes
                0x00000a83       0x2c c:/freescale/kds_v3/toolchain/bin/../lib/gcc/arm-none-eabi/4.8.4/../../../../arm-none-eabi/lib/armv6-m\libg_s.a(lib_a-s_fpclassify.o)
 .ARM.attributes
                0x00000aaf       0x2c c:/freescale/kds_v3/toolchain/bin/../lib/gcc/arm-none-eabi/4.8.4/../../../../arm-none-eabi/lib/armv6-m\libg_s.a(lib_a-sbrkr.o)
 .ARM.attributes
                0x00000adb       0x2c c:/freescale/kds_v3/toolchain/bin/../lib/gcc/arm-none-eabi/4.8.4/../../../../arm-none-eabi/lib/armv6-m\libg_s.a(lib_a-stdio.o)
 .ARM.attributes
                0x00000b07       0x2c c:/freescale/kds_v3/toolchain/bin/../lib/gcc/arm-none-eabi/4.8.4/../../../../arm-none-eabi/lib/armv6-m\libg_s.a(lib_a-strlen.o)
 .ARM.attributes
                0x00000b33       0x2c c:/freescale/kds_v3/toolchain/bin/../lib/gcc/arm-none-eabi/4.8.4/../../../../arm-none-eabi/lib/armv6-m\libg_s.a(lib_a-writer.o)
 .ARM.attributes
                0x00000b5f       0x2c c:/freescale/kds_v3/toolchain/bin/../lib/gcc/arm-none-eabi/4.8.4/../../../../arm-none-eabi/lib/armv6-m\libg_s.a(lib_a-closer.o)
 .ARM.attributes
                0x00000b8b       0x2c c:/freescale/kds_v3/toolchain/bin/../lib/gcc/arm-none-eabi/4.8.4/../../../../arm-none-eabi/lib/armv6-m\libg_s.a(lib_a-fstatr.o)
 .ARM.attributes
                0x00000bb7       0x2c c:/freescale/kds_v3/toolchain/bin/../lib/gcc/arm-none-eabi/4.8.4/../../../../arm-none-eabi/lib/armv6-m\libg_s.a(lib_a-isattyr.o)
 .ARM.attributes
                0x00000be3       0x2c c:/freescale/kds_v3/toolchain/bin/../lib/gcc/arm-none-eabi/4.8.4/../../../../arm-none-eabi/lib/armv6-m\libg_s.a(lib_a-lseekr.o)
 .ARM.attributes
                0x00000c0f       0x2c c:/freescale/kds_v3/toolchain/bin/../lib/gcc/arm-none-eabi/4.8.4/../../../../arm-none-eabi/lib/armv6-m\libg_s.a(lib_a-readr.o)
 .ARM.attributes
                0x00000c3b       0x2c c:/freescale/kds_v3/toolchain/bin/../lib/gcc/arm-none-eabi/4.8.4/../../../../arm-none-eabi/lib/armv6-m\libg_s.a(lib_a-reent.o)
 .ARM.attributes
                0x00000c67       0x1e c:/freescale/kds_v3/toolchain/bin/../lib/gcc/arm-none-eabi/4.8.4/armv6-m\libgcc.a(_thumb1_case_uqi.o)
 .ARM.attributes
                0x00000c85       0x1e c:/freescale/kds_v3/toolchain/bin/../lib/gcc/arm-none-eabi/4.8.4/armv6-m\libgcc.a(_divsi3.o)
 .ARM.attributes
                0x00000ca3       0x2c c:/freescale/kds_v3/toolchain/bin/../lib/gcc/arm-none-eabi/4.8.4/armv6-m\libgcc.a(adddf3.o)
 .ARM.attributes
                0x00000ccf       0x2c c:/freescale/kds_v3/toolchain/bin/../lib/gcc/arm-none-eabi/4.8.4/armv6-m\libgcc.a(divdf3.o)
 .ARM.attributes
                0x00000cfb       0x2c c:/freescale/kds_v3/toolchain/bin/../lib/gcc/arm-none-eabi/4.8.4/armv6-m\libgcc.a(muldf3.o)
 .ARM.attributes
                0x00000d27       0x2c c:/freescale/kds_v3/toolchain/bin/../lib/gcc/arm-none-eabi/4.8.4/armv6-m\libgcc.a(subdf3.o)
 .ARM.attributes
                0x00000d53       0x2c c:/freescale/kds_v3/toolchain/bin/../lib/gcc/arm-none-eabi/4.8.4/armv6-m\libgcc.a(fixdfsi.o)
 .ARM.attributes
                0x00000d7f       0x2c c:/freescale/kds_v3/toolchain/bin/../lib/gcc/arm-none-eabi/4.8.4/armv6-m\libgcc.a(floatunsidf.o)
 .ARM.attributes
                0x00000dab       0x2c c:/freescale/kds_v3/toolchain/bin/../lib/gcc/arm-none-eabi/4.8.4/../../../../arm-none-eabi/lib/armv6-m\libnosys.a(close.o)
 .ARM.attributes
                0x00000dd7       0x2c c:/freescale/kds_v3/toolchain/bin/../lib/gcc/arm-none-eabi/4.8.4/../../../../arm-none-eabi/lib/armv6-m\libnosys.a(fstat.o)
 .ARM.attributes
                0x00000e03       0x2c c:/freescale/kds_v3/toolchain/bin/../lib/gcc/arm-none-eabi/4.8.4/../../../../arm-none-eabi/lib/armv6-m\libnosys.a(isatty.o)
 .ARM.attributes
                0x00000e2f       0x2c c:/freescale/kds_v3/toolchain/bin/../lib/gcc/arm-none-eabi/4.8.4/../../../../arm-none-eabi/lib/armv6-m\libnosys.a(lseek.o)
 .ARM.attributes
                0x00000e5b       0x2c c:/freescale/kds_v3/toolchain/bin/../lib/gcc/arm-none-eabi/4.8.4/../../../../arm-none-eabi/lib/armv6-m\libnosys.a(read.o)
 .ARM.attributes
                0x00000e87       0x2c c:/freescale/kds_v3/toolchain/bin/../lib/gcc/arm-none-eabi/4.8.4/../../../../arm-none-eabi/lib/armv6-m\libnosys.a(sbrk.o)
 .ARM.attributes
                0x00000eb3       0x2c c:/freescale/kds_v3/toolchain/bin/../lib/gcc/arm-none-eabi/4.8.4/../../../../arm-none-eabi/lib/armv6-m\libnosys.a(write.o)
 .ARM.attributes
                0x00000edf       0x2c c:/freescale/kds_v3/toolchain/bin/../lib/gcc/arm-none-eabi/4.8.4/../../../../arm-none-eabi/lib/armv6-m\libnosys.a(_exit.o)
 .ARM.attributes
                0x00000f0b       0x1e c:/freescale/kds_v3/toolchain/bin/../lib/gcc/arm-none-eabi/4.8.4/armv6-m/crtn.o
OUTPUT(AlarmEmiter.elf elf32-littlearm)

.debug_info     0x00000000     0x3af0
 .debug_info    0x00000000      0x750 ./Static_Code/System/CPU_Init.o
 .debug_info    0x00000750      0x459 ./Static_Code/System/Vectors.o
 .debug_info    0x00000ba9      0x166 ./Sources/Events.o
 .debug_info    0x00000d0f      0x2f0 ./Sources/main.o
 .debug_info    0x00000fff      0x20a ./Project_Settings/Startup_Code/startup.o
 .debug_info    0x00001209      0x51d ./Generated_Code/ASerialLdd1.o
 .debug_info    0x00001726      0x27e ./Generated_Code/BitIoLdd1.o
 .debug_info    0x000019a4      0x204 ./Generated_Code/BitIoLdd2.o
 .debug_info    0x00001ba8      0x2e1 ./Generated_Code/BitsIoLdd1.o
 .debug_info    0x00001e89      0x99f ./Generated_Code/CAN1.o
 .debug_info    0x00002828       0xa7 ./Generated_Code/Cpu.o
 .debug_info    0x000028cf      0x20b ./Generated_Code/Inhr1.o
 .debug_info    0x00002ada       0xa7 ./Generated_Code/MCUC1.o
 .debug_info    0x00002b81      0x251 ./Generated_Code/PE_LDD.o
 .debug_info    0x00002dd2      0x36e ./Generated_Code/RealTimeLdd1.o
 .debug_info    0x00003140      0x53c ./Generated_Code/TU1.o
 .debug_info    0x0000367c      0x2ef ./Generated_Code/Term1.o
 .debug_info    0x0000396b      0x185 ./Generated_Code/WAIT.o

.debug_abbrev   0x00000000     0x13e1
 .debug_abbrev  0x00000000      0x1d5 ./Static_Code/System/CPU_Init.o
 .debug_abbrev  0x000001d5       0xd8 ./Static_Code/System/Vectors.o
 .debug_abbrev  0x000002ad       0xb4 ./Sources/Events.o
 .debug_abbrev  0x00000361      0x15e ./Sources/main.o
 .debug_abbrev  0x000004bf      0x11e ./Project_Settings/Startup_Code/startup.o
 .debug_abbrev  0x000005dd      0x170 ./Generated_Code/ASerialLdd1.o
 .debug_abbrev  0x0000074d      0x11e ./Generated_Code/BitIoLdd1.o
 .debug_abbrev  0x0000086b       0xf5 ./Generated_Code/BitIoLdd2.o
 .debug_abbrev  0x00000960      0x114 ./Generated_Code/BitsIoLdd1.o
 .debug_abbrev  0x00000a74      0x1e5 ./Generated_Code/CAN1.o
 .debug_abbrev  0x00000c59       0x45 ./Generated_Code/Cpu.o
 .debug_abbrev  0x00000c9e      0x117 ./Generated_Code/Inhr1.o
 .debug_abbrev  0x00000db5       0x45 ./Generated_Code/MCUC1.o
 .debug_abbrev  0x00000dfa      0x10d ./Generated_Code/PE_LDD.o
 .debug_abbrev  0x00000f07      0x134 ./Generated_Code/RealTimeLdd1.o
 .debug_abbrev  0x0000103b      0x16a ./Generated_Code/TU1.o
 .debug_abbrev  0x000011a5      0x162 ./Generated_Code/Term1.o
 .debug_abbrev  0x00001307       0xda ./Generated_Code/WAIT.o

.debug_aranges  0x00000000      0x5d0
 .debug_aranges
                0x00000000       0x38 ./Static_Code/System/CPU_Init.o
 .debug_aranges
                0x00000038      0x190 ./Static_Code/System/Vectors.o
 .debug_aranges
                0x000001c8       0x40 ./Sources/Events.o
 .debug_aranges
                0x00000208       0x48 ./Sources/main.o
 .debug_aranges
                0x00000250       0x50 ./Project_Settings/Startup_Code/startup.o
 .debug_aranges
                0x000002a0       0x58 ./Generated_Code/ASerialLdd1.o
 .debug_aranges
                0x000002f8       0x40 ./Generated_Code/BitIoLdd1.o
 .debug_aranges
                0x00000338       0x28 ./Generated_Code/BitIoLdd2.o
 .debug_aranges
                0x00000360       0x38 ./Generated_Code/BitsIoLdd1.o
 .debug_aranges
                0x00000398       0x48 ./Generated_Code/CAN1.o
 .debug_aranges
                0x000003e0       0x28 ./Generated_Code/Cpu.o
 .debug_aranges
                0x00000408       0x48 ./Generated_Code/Inhr1.o
 .debug_aranges
                0x00000450       0x28 ./Generated_Code/MCUC1.o
 .debug_aranges
                0x00000478       0x30 ./Generated_Code/PE_LDD.o
 .debug_aranges
                0x000004a8       0x40 ./Generated_Code/RealTimeLdd1.o
 .debug_aranges
                0x000004e8       0x30 ./Generated_Code/TU1.o
 .debug_aranges
                0x00000518       0x70 ./Generated_Code/Term1.o
 .debug_aranges
                0x00000588       0x48 ./Generated_Code/WAIT.o

.debug_ranges   0x00000000      0x4b0
 .debug_ranges  0x00000000       0x28 ./Static_Code/System/CPU_Init.o
 .debug_ranges  0x00000028      0x180 ./Static_Code/System/Vectors.o
 .debug_ranges  0x000001a8       0x30 ./Sources/Events.o
 .debug_ranges  0x000001d8       0x38 ./Sources/main.o
 .debug_ranges  0x00000210       0x40 ./Project_Settings/Startup_Code/startup.o
 .debug_ranges  0x00000250       0x48 ./Generated_Code/ASerialLdd1.o
 .debug_ranges  0x00000298       0x30 ./Generated_Code/BitIoLdd1.o
 .debug_ranges  0x000002c8       0x18 ./Generated_Code/BitIoLdd2.o
 .debug_ranges  0x000002e0       0x28 ./Generated_Code/BitsIoLdd1.o
 .debug_ranges  0x00000308       0x38 ./Generated_Code/CAN1.o
 .debug_ranges  0x00000340       0x18 ./Generated_Code/Cpu.o
 .debug_ranges  0x00000358       0x38 ./Generated_Code/Inhr1.o
 .debug_ranges  0x00000390       0x18 ./Generated_Code/MCUC1.o
 .debug_ranges  0x000003a8       0x20 ./Generated_Code/PE_LDD.o
 .debug_ranges  0x000003c8       0x30 ./Generated_Code/RealTimeLdd1.o
 .debug_ranges  0x000003f8       0x20 ./Generated_Code/TU1.o
 .debug_ranges  0x00000418       0x60 ./Generated_Code/Term1.o
 .debug_ranges  0x00000478       0x38 ./Generated_Code/WAIT.o

.debug_macro    0x00000000    0x16f30
 .debug_macro   0x00000000      0x233 ./Static_Code/System/CPU_Init.o
 .debug_macro   0x00000233      0x802 ./Static_Code/System/CPU_Init.o
 .debug_macro   0x00000a35       0x16 ./Static_Code/System/CPU_Init.o
 .debug_macro   0x00000a4b       0x44 ./Static_Code/System/CPU_Init.o
 .debug_macro   0x00000a8f      0x209 ./Static_Code/System/CPU_Init.o
 .debug_macro   0x00000c98     0x15b5 ./Static_Code/System/CPU_Init.o
 .debug_macro   0x0000224d     0x539e ./Static_Code/System/CPU_Init.o
 .debug_macro   0x000075eb      0x2dd ./Static_Code/System/CPU_Init.o
 .debug_macro   0x000078c8      0x14e ./Static_Code/System/CPU_Init.o
 .debug_macro   0x00007a16       0x5e ./Static_Code/System/CPU_Init.o
 .debug_macro   0x00007a74       0xd5 ./Static_Code/System/CPU_Init.o
 .debug_macro   0x00007b49       0x58 ./Static_Code/System/CPU_Init.o
 .debug_macro   0x00007ba1       0x35 ./Static_Code/System/CPU_Init.o
 .debug_macro   0x00007bd6       0xa3 ./Static_Code/System/CPU_Init.o
 .debug_macro   0x00007c79       0x16 ./Static_Code/System/CPU_Init.o
 .debug_macro   0x00007c8f       0x16 ./Static_Code/System/CPU_Init.o
 .debug_macro   0x00007ca5       0x37 ./Static_Code/System/CPU_Init.o
 .debug_macro   0x00007cdc       0x12 ./Static_Code/System/CPU_Init.o
 .debug_macro   0x00007cee       0x94 ./Static_Code/System/CPU_Init.o
 .debug_macro   0x00007d82      0x12c ./Static_Code/System/CPU_Init.o
 .debug_macro   0x00007eae       0x46 ./Static_Code/System/CPU_Init.o
 .debug_macro   0x00007ef4       0x11 ./Static_Code/System/CPU_Init.o
 .debug_macro   0x00007f05       0x34 ./Static_Code/System/CPU_Init.o
 .debug_macro   0x00007f39      0x6a6 ./Static_Code/System/CPU_Init.o
 .debug_macro   0x000085df       0x53 ./Static_Code/System/CPU_Init.o
 .debug_macro   0x00008632       0x28 ./Static_Code/System/CPU_Init.o
 .debug_macro   0x0000865a       0x18 ./Static_Code/System/CPU_Init.o
 .debug_macro   0x00008672       0x3a ./Static_Code/System/CPU_Init.o
 .debug_macro   0x000086ac       0x5d ./Static_Code/System/CPU_Init.o
 .debug_macro   0x00008709       0x11 ./Static_Code/System/CPU_Init.o
 .debug_macro   0x0000871a       0x46 ./Static_Code/System/CPU_Init.o
 .debug_macro   0x00008760       0x1f ./Static_Code/System/CPU_Init.o
 .debug_macro   0x0000877f      0x250 ./Static_Code/System/Vectors.o
 .debug_macro   0x000089cf      0x12a ./Static_Code/System/Vectors.o
 .debug_macro   0x00008af9      0x2eb ./Sources/Events.o
 .debug_macro   0x00008de4      0x5cf ./Sources/Events.o
 .debug_macro   0x000093b3      0x2d3 ./Sources/Events.o
 .debug_macro   0x00009686      0x109 ./Sources/Events.o
 .debug_macro   0x0000978f      0x223 ./Sources/Events.o
 .debug_macro   0x000099b2      0x299 ./Sources/Events.o
 .debug_macro   0x00009c4b       0x65 ./Sources/Events.o
 .debug_macro   0x00009cb0      0x20f ./Sources/Events.o
 .debug_macro   0x00009ebf      0x13f ./Sources/Events.o
 .debug_macro   0x00009ffe      0x63a ./Sources/Events.o
 .debug_macro   0x0000a638     0x266f ./Sources/Events.o
 .debug_macro   0x0000cca7       0xbb ./Sources/Events.o
 .debug_macro   0x0000cd62       0xe9 ./Sources/Events.o
 .debug_macro   0x0000ce4b      0x4ea ./Sources/Events.o
 .debug_macro   0x0000d335      0x13a ./Sources/Events.o
 .debug_macro   0x0000d46f       0xb8 ./Sources/Events.o
 .debug_macro   0x0000d527      0x179 ./Sources/Events.o
 .debug_macro   0x0000d6a0      0x987 ./Sources/Events.o
 .debug_macro   0x0000e027      0x648 ./Sources/Events.o
 .debug_macro   0x0000e66f       0x86 ./Sources/Events.o
 .debug_macro   0x0000e6f5      0x7b8 ./Sources/Events.o
 .debug_macro   0x0000eead      0x162 ./Sources/Events.o
 .debug_macro   0x0000f00f      0x3dd ./Sources/main.o
 .debug_macro   0x0000f3ec       0x1c ./Sources/main.o
 .debug_macro   0x0000f408       0x97 ./Sources/main.o
 .debug_macro   0x0000f49f       0x10 ./Sources/main.o
 .debug_macro   0x0000f4af       0xef ./Sources/main.o
 .debug_macro   0x0000f59e       0x52 ./Sources/main.o
 .debug_macro   0x0000f5f0       0x16 ./Sources/main.o
 .debug_macro   0x0000f606       0x43 ./Sources/main.o
 .debug_macro   0x0000f649      0x180 ./Sources/main.o
 .debug_macro   0x0000f7c9       0x10 ./Sources/main.o
 .debug_macro   0x0000f7d9       0x22 ./Sources/main.o
 .debug_macro   0x0000f7fb       0xbd ./Sources/main.o
 .debug_macro   0x0000f8b8       0x16 ./Sources/main.o
 .debug_macro   0x0000f8ce      0x14a ./Sources/main.o
 .debug_macro   0x0000fa18       0x16 ./Sources/main.o
 .debug_macro   0x0000fa2e       0x35 ./Sources/main.o
 .debug_macro   0x0000fa63       0x22 ./Sources/main.o
 .debug_macro   0x0000fa85      0x121 ./Project_Settings/Startup_Code/startup.o
 .debug_macro   0x0000fba6      0x166 ./Project_Settings/Startup_Code/startup.o
 .debug_macro   0x0000fd0c       0x4a ./Project_Settings/Startup_Code/startup.o
 .debug_macro   0x0000fd56      0x2a6 ./Project_Settings/Startup_Code/startup.o
 .debug_macro   0x0000fffc       0x10 ./Project_Settings/Startup_Code/startup.o
 .debug_macro   0x0001000c       0x10 ./Project_Settings/Startup_Code/startup.o
 .debug_macro   0x0001001c      0x20f ./Project_Settings/Startup_Code/startup.o
 .debug_macro   0x0001022b     0x5392 ./Project_Settings/Startup_Code/startup.o
 .debug_macro   0x000155bd      0x112 ./Generated_Code/ASerialLdd1.o
 .debug_macro   0x000156cf       0x57 ./Generated_Code/ASerialLdd1.o
 .debug_macro   0x00015726       0x17 ./Generated_Code/ASerialLdd1.o
 .debug_macro   0x0001573d      0x7b2 ./Generated_Code/ASerialLdd1.o
 .debug_macro   0x00015eef       0xfa ./Generated_Code/BitIoLdd1.o
 .debug_macro   0x00015fe9       0x40 ./Generated_Code/BitIoLdd1.o
 .debug_macro   0x00016029       0xfa ./Generated_Code/BitIoLdd2.o
 .debug_macro   0x00016123       0x2e ./Generated_Code/BitIoLdd2.o
 .debug_macro   0x00016151       0xfa ./Generated_Code/BitsIoLdd1.o
 .debug_macro   0x0001624b      0x25d ./Generated_Code/CAN1.o
 .debug_macro   0x000164a8      0x235 ./Generated_Code/Cpu.o
 .debug_macro   0x000166dd      0x12d ./Generated_Code/Inhr1.o
 .debug_macro   0x0001680a       0xe6 ./Generated_Code/MCUC1.o
 .debug_macro   0x000168f0      0x1f0 ./Generated_Code/PE_LDD.o
 .debug_macro   0x00016ae0      0x109 ./Generated_Code/RealTimeLdd1.o
 .debug_macro   0x00016be9      0x10f ./Generated_Code/TU1.o
 .debug_macro   0x00016cf8      0x106 ./Generated_Code/Term1.o
 .debug_macro   0x00016dfe       0x34 ./Generated_Code/Term1.o
 .debug_macro   0x00016e32       0xfe ./Generated_Code/WAIT.o

.debug_line     0x00000000     0x502d
 .debug_line    0x00000000      0x545 ./Static_Code/System/CPU_Init.o
 .debug_line    0x00000545      0x7bb ./Static_Code/System/Vectors.o
 .debug_line    0x00000d00      0x5a2 ./Sources/Events.o
 .debug_line    0x000012a2      0x6c0 ./Sources/main.o
 .debug_line    0x00001962      0x3c2 ./Project_Settings/Startup_Code/startup.o
 .debug_line    0x00001d24      0x41c ./Generated_Code/ASerialLdd1.o
 .debug_line    0x00002140      0x37e ./Generated_Code/BitIoLdd1.o
 .debug_line    0x000024be      0x346 ./Generated_Code/BitIoLdd2.o
 .debug_line    0x00002804      0x375 ./Generated_Code/BitsIoLdd1.o
 .debug_line    0x00002b79      0x5e9 ./Generated_Code/CAN1.o
 .debug_line    0x00003162      0x4cb ./Generated_Code/Cpu.o
 .debug_line    0x0000362d      0x34f ./Generated_Code/Inhr1.o
 .debug_line    0x0000397c      0x2f1 ./Generated_Code/MCUC1.o
 .debug_line    0x00003c6d      0x47d ./Generated_Code/PE_LDD.o
 .debug_line    0x000040ea      0x3d7 ./Generated_Code/RealTimeLdd1.o
 .debug_line    0x000044c1      0x37a ./Generated_Code/TU1.o
 .debug_line    0x0000483b      0x477 ./Generated_Code/Term1.o
 .debug_line    0x00004cb2      0x37b ./Generated_Code/WAIT.o

.debug_str      0x00000000    0x8c38f
 .debug_str     0x00000000    0x3194a ./Static_Code/System/CPU_Init.o
                              0x31d4e (size before relaxing)
 .debug_str     0x0003194a      0xbef ./Static_Code/System/Vectors.o
                              0x32586 (size before relaxing)
 .debug_str     0x00032539    0x56113 ./Sources/Events.o
                              0x87a5c (size before relaxing)
 .debug_str     0x0008864c     0x1dc7 ./Sources/main.o
                              0x8984f (size before relaxing)
 .debug_str     0x0008a413     0x1003 ./Project_Settings/Startup_Code/startup.o
                              0x20e44 (size before relaxing)
 .debug_str     0x0008b416      0x222 ./Generated_Code/ASerialLdd1.o
                              0x34e43 (size before relaxing)
 .debug_str     0x0008b638       0xe7 ./Generated_Code/BitIoLdd1.o
                              0x2768d (size before relaxing)
 .debug_str     0x0008b71f       0x6d ./Generated_Code/BitIoLdd2.o
                              0x275f7 (size before relaxing)
 .debug_str     0x0008b78c       0xb5 ./Generated_Code/BitsIoLdd1.o
                              0x2770a (size before relaxing)
 .debug_str     0x0008b841      0x419 ./Generated_Code/CAN1.o
                              0x387e7 (size before relaxing)
 .debug_str     0x0008bc5a       0x28 ./Generated_Code/Cpu.o
                              0x31974 (size before relaxing)
 .debug_str     0x0008bc82      0x17a ./Generated_Code/Inhr1.o
                              0x26964 (size before relaxing)
 .debug_str     0x0008bdfc       0x32 ./Generated_Code/MCUC1.o
                              0x26df7 (size before relaxing)
 .debug_str     0x0008be2e      0x15f ./Generated_Code/PE_LDD.o
                              0x31b0d (size before relaxing)
 .debug_str     0x0008bf8d      0x101 ./Generated_Code/RealTimeLdd1.o
                              0x2fc05 (size before relaxing)
 .debug_str     0x0008c08e      0x182 ./Generated_Code/TU1.o
                              0x2fd24 (size before relaxing)
 .debug_str     0x0008c210       0xef ./Generated_Code/Term1.o
                              0x26923 (size before relaxing)
 .debug_str     0x0008c2ff       0x90 ./Generated_Code/WAIT.o
                              0x272a8 (size before relaxing)

.comment        0x00000000       0x70
 .comment       0x00000000       0x70 ./Static_Code/System/CPU_Init.o
                                 0x71 (size before relaxing)
 .comment       0x00000000       0x71 ./Static_Code/System/Vectors.o
 .comment       0x00000000       0x71 ./Sources/Events.o
 .comment       0x00000000       0x71 ./Sources/main.o
 .comment       0x00000000       0x71 ./Project_Settings/Startup_Code/startup.o
 .comment       0x00000000       0x71 ./Generated_Code/ASerialLdd1.o
 .comment       0x00000000       0x71 ./Generated_Code/BitIoLdd1.o
 .comment       0x00000000       0x71 ./Generated_Code/BitIoLdd2.o
 .comment       0x00000000       0x71 ./Generated_Code/BitsIoLdd1.o
 .comment       0x00000000       0x71 ./Generated_Code/CAN1.o
 .comment       0x00000000       0x71 ./Generated_Code/Cpu.o
 .comment       0x00000000       0x71 ./Generated_Code/Inhr1.o
 .comment       0x00000000       0x71 ./Generated_Code/MCUC1.o
 .comment       0x00000000       0x71 ./Generated_Code/PE_LDD.o
 .comment       0x00000000       0x71 ./Generated_Code/RealTimeLdd1.o
 .comment       0x00000000       0x71 ./Generated_Code/TU1.o
 .comment       0x00000000       0x71 ./Generated_Code/Term1.o
 .comment       0x00000000       0x71 ./Generated_Code/WAIT.o

.debug_frame    0x00000000     0x206c
 .debug_frame   0x00000000       0x84 ./Static_Code/System/CPU_Init.o
 .debug_frame   0x00000084      0x534 ./Static_Code/System/Vectors.o
 .debug_frame   0x000005b8       0xa4 ./Sources/Events.o
 .debug_frame   0x0000065c       0xc8 ./Sources/main.o
 .debug_frame   0x00000724       0xd0 ./Project_Settings/Startup_Code/startup.o
 .debug_frame   0x000007f4      0x118 ./Generated_Code/ASerialLdd1.o
 .debug_frame   0x0000090c       0xb0 ./Generated_Code/BitIoLdd1.o
 .debug_frame   0x000009bc       0x50 ./Generated_Code/BitIoLdd2.o
 .debug_frame   0x00000a0c       0x90 ./Generated_Code/BitsIoLdd1.o
 .debug_frame   0x00000a9c       0xd0 ./Generated_Code/CAN1.o
 .debug_frame   0x00000b6c       0x48 ./Generated_Code/Cpu.o
 .debug_frame   0x00000bb4       0xc4 ./Generated_Code/Inhr1.o
 .debug_frame   0x00000c78       0x48 ./Generated_Code/MCUC1.o
 .debug_frame   0x00000cc0       0x6c ./Generated_Code/PE_LDD.o
 .debug_frame   0x00000d2c       0xb0 ./Generated_Code/RealTimeLdd1.o
 .debug_frame   0x00000ddc       0x70 ./Generated_Code/TU1.o
 .debug_frame   0x00000e4c      0x160 ./Generated_Code/Term1.o
 .debug_frame   0x00000fac       0xac ./Generated_Code/WAIT.o
 .debug_frame   0x00001058       0x20 c:/freescale/kds_v3/toolchain/bin/../lib/gcc/arm-none-eabi/4.8.4/armv6-m\libgcc.a(_udivsi3.o)
 .debug_frame   0x00001078       0x28 c:/freescale/kds_v3/toolchain/bin/../lib/gcc/arm-none-eabi/4.8.4/armv6-m\libgcc.a(_fixunssfsi.o)
 .debug_frame   0x000010a0       0x2c c:/freescale/kds_v3/toolchain/bin/../lib/gcc/arm-none-eabi/4.8.4/armv6-m\libgcc.a(eqsf2.o)
 .debug_frame   0x000010cc       0x30 c:/freescale/kds_v3/toolchain/bin/../lib/gcc/arm-none-eabi/4.8.4/armv6-m\libgcc.a(gesf2.o)
 .debug_frame   0x000010fc       0x30 c:/freescale/kds_v3/toolchain/bin/../lib/gcc/arm-none-eabi/4.8.4/armv6-m\libgcc.a(lesf2.o)
 .debug_frame   0x0000112c       0x3c c:/freescale/kds_v3/toolchain/bin/../lib/gcc/arm-none-eabi/4.8.4/armv6-m\libgcc.a(mulsf3.o)
 .debug_frame   0x00001168       0x30 c:/freescale/kds_v3/toolchain/bin/../lib/gcc/arm-none-eabi/4.8.4/armv6-m\libgcc.a(subsf3.o)
 .debug_frame   0x00001198       0x20 c:/freescale/kds_v3/toolchain/bin/../lib/gcc/arm-none-eabi/4.8.4/armv6-m\libgcc.a(fixsfsi.o)
 .debug_frame   0x000011b8       0x28 c:/freescale/kds_v3/toolchain/bin/../lib/gcc/arm-none-eabi/4.8.4/armv6-m\libgcc.a(floatunsisf.o)
 .debug_frame   0x000011e0       0x3c c:/freescale/kds_v3/toolchain/bin/../lib/gcc/arm-none-eabi/4.8.4/armv6-m\libgcc.a(eqdf2.o)
 .debug_frame   0x0000121c       0x38 c:/freescale/kds_v3/toolchain/bin/../lib/gcc/arm-none-eabi/4.8.4/armv6-m\libgcc.a(gedf2.o)
 .debug_frame   0x00001254       0x3c c:/freescale/kds_v3/toolchain/bin/../lib/gcc/arm-none-eabi/4.8.4/armv6-m\libgcc.a(ledf2.o)
 .debug_frame   0x00001290       0x30 c:/freescale/kds_v3/toolchain/bin/../lib/gcc/arm-none-eabi/4.8.4/armv6-m\libgcc.a(floatsidf.o)
 .debug_frame   0x000012c0       0x28 c:/freescale/kds_v3/toolchain/bin/../lib/gcc/arm-none-eabi/4.8.4/../../../../arm-none-eabi/lib/armv6-m\libg_s.a(lib_a-exit.o)
 .debug_frame   0x000012e8       0x2c c:/freescale/kds_v3/toolchain/bin/../lib/gcc/arm-none-eabi/4.8.4/../../../../arm-none-eabi/lib/armv6-m\libg_s.a(lib_a-init.o)
 .debug_frame   0x00001314       0x28 c:/freescale/kds_v3/toolchain/bin/../lib/gcc/arm-none-eabi/4.8.4/../../../../arm-none-eabi/lib/armv6-m\libg_s.a(lib_a-memcpy-stub.o)
 .debug_frame   0x0000133c       0x20 c:/freescale/kds_v3/toolchain/bin/../lib/gcc/arm-none-eabi/4.8.4/../../../../arm-none-eabi/lib/armv6-m\libg_s.a(lib_a-memset.o)
 .debug_frame   0x0000135c       0x50 c:/freescale/kds_v3/toolchain/bin/../lib/gcc/arm-none-eabi/4.8.4/../../../../arm-none-eabi/lib/armv6-m\libg_s.a(lib_a-printf.o)
 .debug_frame   0x000013ac       0x44 c:/freescale/kds_v3/toolchain/bin/../lib/gcc/arm-none-eabi/4.8.4/../../../../arm-none-eabi/lib/armv6-m\libg_s.a(lib_a-puts.o)
 .debug_frame   0x000013f0       0xa0 c:/freescale/kds_v3/toolchain/bin/../lib/gcc/arm-none-eabi/4.8.4/../../../../arm-none-eabi/lib/armv6-m\libg_s.a(lib_a-vfprintf.o)
 .debug_frame   0x00001490       0x70 c:/freescale/kds_v3/toolchain/bin/../lib/gcc/arm-none-eabi/4.8.4/../../../../arm-none-eabi/lib/armv6-m\libg_s.a(lib_a-vfprintf_float.o)
 .debug_frame   0x00001500       0x54 c:/freescale/kds_v3/toolchain/bin/../lib/gcc/arm-none-eabi/4.8.4/../../../../arm-none-eabi/lib/armv6-m\libg_s.a(lib_a-vfprintf_i.o)
 .debug_frame   0x00001554       0x44 c:/freescale/kds_v3/toolchain/bin/../lib/gcc/arm-none-eabi/4.8.4/../../../../arm-none-eabi/lib/armv6-m\libg_s.a(lib_a-wbuf.o)
 .debug_frame   0x00001598       0x2c c:/freescale/kds_v3/toolchain/bin/../lib/gcc/arm-none-eabi/4.8.4/../../../../arm-none-eabi/lib/armv6-m\libg_s.a(lib_a-wsetup.o)
 .debug_frame   0x000015c4       0x54 c:/freescale/kds_v3/toolchain/bin/../lib/gcc/arm-none-eabi/4.8.4/../../../../arm-none-eabi/lib/armv6-m\libg_s.a(lib_a-dtoa.o)
 .debug_frame   0x00001618       0x68 c:/freescale/kds_v3/toolchain/bin/../lib/gcc/arm-none-eabi/4.8.4/../../../../arm-none-eabi/lib/armv6-m\libg_s.a(lib_a-fflush.o)
 .debug_frame   0x00001680      0x148 c:/freescale/kds_v3/toolchain/bin/../lib/gcc/arm-none-eabi/4.8.4/../../../../arm-none-eabi/lib/armv6-m\libg_s.a(lib_a-findfp.o)
 .debug_frame   0x000017c8       0xa4 c:/freescale/kds_v3/toolchain/bin/../lib/gcc/arm-none-eabi/4.8.4/../../../../arm-none-eabi/lib/armv6-m\libg_s.a(lib_a-locale.o)
 .debug_frame   0x0000186c       0x30 c:/freescale/kds_v3/toolchain/bin/../lib/gcc/arm-none-eabi/4.8.4/../../../../arm-none-eabi/lib/armv6-m\libg_s.a(lib_a-makebuf.o)
 .debug_frame   0x0000189c       0x40 c:/freescale/kds_v3/toolchain/bin/../lib/gcc/arm-none-eabi/4.8.4/../../../../arm-none-eabi/lib/armv6-m\libg_s.a(lib_a-malloc.o)
 .debug_frame   0x000018dc       0x20 c:/freescale/kds_v3/toolchain/bin/../lib/gcc/arm-none-eabi/4.8.4/../../../../arm-none-eabi/lib/armv6-m\libg_s.a(lib_a-memchr-stub.o)
 .debug_frame   0x000018fc      0x230 c:/freescale/kds_v3/toolchain/bin/../lib/gcc/arm-none-eabi/4.8.4/../../../../arm-none-eabi/lib/armv6-m\libg_s.a(lib_a-mprec.o)
 .debug_frame   0x00001b2c       0x2c c:/freescale/kds_v3/toolchain/bin/../lib/gcc/arm-none-eabi/4.8.4/../../../../arm-none-eabi/lib/armv6-m\libg_s.a(lib_a-nano-callocr.o)
 .debug_frame   0x00001b58       0x2c c:/freescale/kds_v3/toolchain/bin/../lib/gcc/arm-none-eabi/4.8.4/../../../../arm-none-eabi/lib/armv6-m\libg_s.a(lib_a-nano-freer.o)
 .debug_frame   0x00001b84       0x2c c:/freescale/kds_v3/toolchain/bin/../lib/gcc/arm-none-eabi/4.8.4/../../../../arm-none-eabi/lib/armv6-m\libg_s.a(lib_a-nano-mallocr.o)
 .debug_frame   0x00001bb0       0x2c c:/freescale/kds_v3/toolchain/bin/../lib/gcc/arm-none-eabi/4.8.4/../../../../arm-none-eabi/lib/armv6-m\libg_s.a(lib_a-s_fpclassify.o)
 .debug_frame   0x00001bdc       0x2c c:/freescale/kds_v3/toolchain/bin/../lib/gcc/arm-none-eabi/4.8.4/../../../../arm-none-eabi/lib/armv6-m\libg_s.a(lib_a-sbrkr.o)
 .debug_frame   0x00001c08       0x90 c:/freescale/kds_v3/toolchain/bin/../lib/gcc/arm-none-eabi/4.8.4/../../../../arm-none-eabi/lib/armv6-m\libg_s.a(lib_a-stdio.o)
 .debug_frame   0x00001c98       0x20 c:/freescale/kds_v3/toolchain/bin/../lib/gcc/arm-none-eabi/4.8.4/../../../../arm-none-eabi/lib/armv6-m\libg_s.a(lib_a-strlen.o)
 .debug_frame   0x00001cb8       0x2c c:/freescale/kds_v3/toolchain/bin/../lib/gcc/arm-none-eabi/4.8.4/../../../../arm-none-eabi/lib/armv6-m\libg_s.a(lib_a-writer.o)
 .debug_frame   0x00001ce4       0x2c c:/freescale/kds_v3/toolchain/bin/../lib/gcc/arm-none-eabi/4.8.4/../../../../arm-none-eabi/lib/armv6-m\libg_s.a(lib_a-closer.o)
 .debug_frame   0x00001d10       0x2c c:/freescale/kds_v3/toolchain/bin/../lib/gcc/arm-none-eabi/4.8.4/../../../../arm-none-eabi/lib/armv6-m\libg_s.a(lib_a-fstatr.o)
 .debug_frame   0x00001d3c       0x2c c:/freescale/kds_v3/toolchain/bin/../lib/gcc/arm-none-eabi/4.8.4/../../../../arm-none-eabi/lib/armv6-m\libg_s.a(lib_a-isattyr.o)
 .debug_frame   0x00001d68       0x2c c:/freescale/kds_v3/toolchain/bin/../lib/gcc/arm-none-eabi/4.8.4/../../../../arm-none-eabi/lib/armv6-m\libg_s.a(lib_a-lseekr.o)
 .debug_frame   0x00001d94       0x2c c:/freescale/kds_v3/toolchain/bin/../lib/gcc/arm-none-eabi/4.8.4/../../../../arm-none-eabi/lib/armv6-m\libg_s.a(lib_a-readr.o)
 .debug_frame   0x00001dc0       0x48 c:/freescale/kds_v3/toolchain/bin/../lib/gcc/arm-none-eabi/4.8.4/../../../../arm-none-eabi/lib/armv6-m\libg_s.a(lib_a-reent.o)
 .debug_frame   0x00001e08       0x20 c:/freescale/kds_v3/toolchain/bin/../lib/gcc/arm-none-eabi/4.8.4/armv6-m\libgcc.a(_divsi3.o)
 .debug_frame   0x00001e28       0x3c c:/freescale/kds_v3/toolchain/bin/../lib/gcc/arm-none-eabi/4.8.4/armv6-m\libgcc.a(adddf3.o)
 .debug_frame   0x00001e64       0x3c c:/freescale/kds_v3/toolchain/bin/../lib/gcc/arm-none-eabi/4.8.4/armv6-m\libgcc.a(divdf3.o)
 .debug_frame   0x00001ea0       0x3c c:/freescale/kds_v3/toolchain/bin/../lib/gcc/arm-none-eabi/4.8.4/armv6-m\libgcc.a(muldf3.o)
 .debug_frame   0x00001edc       0x3c c:/freescale/kds_v3/toolchain/bin/../lib/gcc/arm-none-eabi/4.8.4/armv6-m\libgcc.a(subdf3.o)
 .debug_frame   0x00001f18       0x2c c:/freescale/kds_v3/toolchain/bin/../lib/gcc/arm-none-eabi/4.8.4/armv6-m\libgcc.a(fixdfsi.o)
 .debug_frame   0x00001f44       0x28 c:/freescale/kds_v3/toolchain/bin/../lib/gcc/arm-none-eabi/4.8.4/armv6-m\libgcc.a(floatunsidf.o)
 .debug_frame   0x00001f6c       0x20 c:/freescale/kds_v3/toolchain/bin/../lib/gcc/arm-none-eabi/4.8.4/../../../../arm-none-eabi/lib/armv6-m\libnosys.a(close.o)
 .debug_frame   0x00001f8c       0x20 c:/freescale/kds_v3/toolchain/bin/../lib/gcc/arm-none-eabi/4.8.4/../../../../arm-none-eabi/lib/armv6-m\libnosys.a(fstat.o)
 .debug_frame   0x00001fac       0x20 c:/freescale/kds_v3/toolchain/bin/../lib/gcc/arm-none-eabi/4.8.4/../../../../arm-none-eabi/lib/armv6-m\libnosys.a(isatty.o)
 .debug_frame   0x00001fcc       0x20 c:/freescale/kds_v3/toolchain/bin/../lib/gcc/arm-none-eabi/4.8.4/../../../../arm-none-eabi/lib/armv6-m\libnosys.a(lseek.o)
 .debug_frame   0x00001fec       0x20 c:/freescale/kds_v3/toolchain/bin/../lib/gcc/arm-none-eabi/4.8.4/../../../../arm-none-eabi/lib/armv6-m\libnosys.a(read.o)
 .debug_frame   0x0000200c       0x20 c:/freescale/kds_v3/toolchain/bin/../lib/gcc/arm-none-eabi/4.8.4/../../../../arm-none-eabi/lib/armv6-m\libnosys.a(sbrk.o)
 .debug_frame   0x0000202c       0x20 c:/freescale/kds_v3/toolchain/bin/../lib/gcc/arm-none-eabi/4.8.4/../../../../arm-none-eabi/lib/armv6-m\libnosys.a(write.o)
 .debug_frame   0x0000204c       0x20 c:/freescale/kds_v3/toolchain/bin/../lib/gcc/arm-none-eabi/4.8.4/../../../../arm-none-eabi/lib/armv6-m\libnosys.a(_exit.o)

.stab           0x00000000       0x9c
 .stab          0x00000000       0x24 c:/freescale/kds_v3/toolchain/bin/../lib/gcc/arm-none-eabi/4.8.4/../../../../arm-none-eabi/lib/armv6-m\libnosys.a(close.o)
 .stab          0x00000024       0x18 c:/freescale/kds_v3/toolchain/bin/../lib/gcc/arm-none-eabi/4.8.4/../../../../arm-none-eabi/lib/armv6-m\libnosys.a(fstat.o)
                                 0x24 (size before relaxing)
 .stab          0x0000003c       0x18 c:/freescale/kds_v3/toolchain/bin/../lib/gcc/arm-none-eabi/4.8.4/../../../../arm-none-eabi/lib/armv6-m\libnosys.a(isatty.o)
                                 0x24 (size before relaxing)
 .stab          0x00000054       0x18 c:/freescale/kds_v3/toolchain/bin/../lib/gcc/arm-none-eabi/4.8.4/../../../../arm-none-eabi/lib/armv6-m\libnosys.a(lseek.o)
                                 0x24 (size before relaxing)
 .stab          0x0000006c       0x18 c:/freescale/kds_v3/toolchain/bin/../lib/gcc/arm-none-eabi/4.8.4/../../../../arm-none-eabi/lib/armv6-m\libnosys.a(read.o)
                                 0x24 (size before relaxing)
 .stab          0x00000084       0x18 c:/freescale/kds_v3/toolchain/bin/../lib/gcc/arm-none-eabi/4.8.4/../../../../arm-none-eabi/lib/armv6-m\libnosys.a(write.o)
                                 0x24 (size before relaxing)

.stabstr        0x00000000      0x14d
 .stabstr       0x00000000      0x14d c:/freescale/kds_v3/toolchain/bin/../lib/gcc/arm-none-eabi/4.8.4/../../../../arm-none-eabi/lib/armv6-m\libnosys.a(close.o)
