Archive member included because of file (symbol)

c:/freescale/kds_v3/toolchain/bin/../lib/gcc/arm-none-eabi/4.8.4/armv6-m\libgcc.a(_udivsi3.o)
                              ./Generated_Code/AD1.o (__aeabi_uidiv)
c:/freescale/kds_v3/toolchain/bin/../lib/gcc/arm-none-eabi/4.8.4/armv6-m\libgcc.a(_dvmd_tls.o)
                              c:/freescale/kds_v3/toolchain/bin/../lib/gcc/arm-none-eabi/4.8.4/armv6-m\libgcc.a(_udivsi3.o) (__aeabi_idiv0)
c:/freescale/kds_v3/toolchain/bin/../lib/gcc/arm-none-eabi/4.8.4/armv6-m\libgcc.a(divdf3.o)
                              ./Sources/main.o (__aeabi_ddiv)
c:/freescale/kds_v3/toolchain/bin/../lib/gcc/arm-none-eabi/4.8.4/armv6-m\libgcc.a(muldf3.o)
                              ./Sources/main.o (__aeabi_dmul)
c:/freescale/kds_v3/toolchain/bin/../lib/gcc/arm-none-eabi/4.8.4/armv6-m\libgcc.a(floatsidf.o)
                              ./Sources/main.o (__aeabi_i2d)
c:/freescale/kds_v3/toolchain/bin/../lib/gcc/arm-none-eabi/4.8.4/armv6-m\libgcc.a(extendsfdf2.o)
                              ./Sources/main.o (__aeabi_f2d)
c:/freescale/kds_v3/toolchain/bin/../lib/gcc/arm-none-eabi/4.8.4/armv6-m\libgcc.a(truncdfsf2.o)
                              ./Sources/main.o (__aeabi_d2f)
c:/freescale/kds_v3/toolchain/bin/../lib/gcc/arm-none-eabi/4.8.4/armv6-m\libgcc.a(_clzsi2.o)
                              c:/freescale/kds_v3/toolchain/bin/../lib/gcc/arm-none-eabi/4.8.4/armv6-m\libgcc.a(divdf3.o) (__clzsi2)
c:/freescale/kds_v3/toolchain/bin/../lib/gcc/arm-none-eabi/4.8.4/../../../../arm-none-eabi/lib/armv6-m\libg_s.a(lib_a-exit.o)
                              c:/freescale/kds_v3/toolchain/bin/../lib/gcc/arm-none-eabi/4.8.4/../../../../arm-none-eabi/lib/armv6-m/crt0.o (exit)
c:/freescale/kds_v3/toolchain/bin/../lib/gcc/arm-none-eabi/4.8.4/../../../../arm-none-eabi/lib/armv6-m\libg_s.a(lib_a-impure.o)
                              c:/freescale/kds_v3/toolchain/bin/../lib/gcc/arm-none-eabi/4.8.4/../../../../arm-none-eabi/lib/armv6-m\libg_s.a(lib_a-exit.o) (_global_impure_ptr)
c:/freescale/kds_v3/toolchain/bin/../lib/gcc/arm-none-eabi/4.8.4/../../../../arm-none-eabi/lib/armv6-m\libg_s.a(lib_a-init.o)
                              c:/freescale/kds_v3/toolchain/bin/../lib/gcc/arm-none-eabi/4.8.4/../../../../arm-none-eabi/lib/armv6-m/crt0.o (__libc_init_array)
c:/freescale/kds_v3/toolchain/bin/../lib/gcc/arm-none-eabi/4.8.4/../../../../arm-none-eabi/lib/armv6-m\libg_s.a(lib_a-memcpy-stub.o)
                              ./Static_Code/System/CPU_Init.o (memcpy)
c:/freescale/kds_v3/toolchain/bin/../lib/gcc/arm-none-eabi/4.8.4/../../../../arm-none-eabi/lib/armv6-m\libg_s.a(lib_a-memset.o)
                              c:/freescale/kds_v3/toolchain/bin/../lib/gcc/arm-none-eabi/4.8.4/../../../../arm-none-eabi/lib/armv6-m/crt0.o (memset)
c:/freescale/kds_v3/toolchain/bin/../lib/gcc/arm-none-eabi/4.8.4/../../../../arm-none-eabi/lib/armv6-m\libg_s.a(lib_a-printf.o)
                              ./Sources/main.o (printf)
c:/freescale/kds_v3/toolchain/bin/../lib/gcc/arm-none-eabi/4.8.4/../../../../arm-none-eabi/lib/armv6-m\libg_s.a(lib_a-vfprintf.o)
                              c:/freescale/kds_v3/toolchain/bin/../lib/gcc/arm-none-eabi/4.8.4/../../../../arm-none-eabi/lib/armv6-m\libg_s.a(lib_a-printf.o) (_vfprintf_r)
c:/freescale/kds_v3/toolchain/bin/../lib/gcc/arm-none-eabi/4.8.4/../../../../arm-none-eabi/lib/armv6-m\libg_s.a(lib_a-vfprintf_i.o)
                              c:/freescale/kds_v3/toolchain/bin/../lib/gcc/arm-none-eabi/4.8.4/../../../../arm-none-eabi/lib/armv6-m\libg_s.a(lib_a-vfprintf.o) (_printf_i)
c:/freescale/kds_v3/toolchain/bin/../lib/gcc/arm-none-eabi/4.8.4/../../../../arm-none-eabi/lib/armv6-m\libg_s.a(lib_a-wbuf.o)
                              c:/freescale/kds_v3/toolchain/bin/../lib/gcc/arm-none-eabi/4.8.4/../../../../arm-none-eabi/lib/armv6-m\libg_s.a(lib_a-vfprintf.o) (__swbuf_r)
c:/freescale/kds_v3/toolchain/bin/../lib/gcc/arm-none-eabi/4.8.4/../../../../arm-none-eabi/lib/armv6-m\libg_s.a(lib_a-wsetup.o)
                              c:/freescale/kds_v3/toolchain/bin/../lib/gcc/arm-none-eabi/4.8.4/../../../../arm-none-eabi/lib/armv6-m\libg_s.a(lib_a-vfprintf.o) (__swsetup_r)
c:/freescale/kds_v3/toolchain/bin/../lib/gcc/arm-none-eabi/4.8.4/../../../../arm-none-eabi/lib/armv6-m\libg_s.a(lib_a-fflush.o)
                              c:/freescale/kds_v3/toolchain/bin/../lib/gcc/arm-none-eabi/4.8.4/../../../../arm-none-eabi/lib/armv6-m\libg_s.a(lib_a-wbuf.o) (_fflush_r)
c:/freescale/kds_v3/toolchain/bin/../lib/gcc/arm-none-eabi/4.8.4/../../../../arm-none-eabi/lib/armv6-m\libg_s.a(lib_a-findfp.o)
                              c:/freescale/kds_v3/toolchain/bin/../lib/gcc/arm-none-eabi/4.8.4/../../../../arm-none-eabi/lib/armv6-m\libg_s.a(lib_a-printf.o) (__sinit)
c:/freescale/kds_v3/toolchain/bin/../lib/gcc/arm-none-eabi/4.8.4/../../../../arm-none-eabi/lib/armv6-m\libg_s.a(lib_a-fvwrite.o)
[...]
Memory Configuration

Name             Origin             Length             Attributes
m_interrupts     0x00000000         0x000000c0         xr
m_text           0x00000410         0x0001fbf0         xr
m_data           0x1ffff000         0x00004000         rw
m_cfmprotrom     0x00000400         0x00000010         xr
*default*        0x00000000         0xffffffff

Linker script and memory map

LOAD c:/freescale/kds_v3/toolchain/bin/../lib/gcc/arm-none-eabi/4.8.4/armv6-m/crti.o
LOAD c:/freescale/kds_v3/toolchain/bin/../lib/gcc/arm-none-eabi/4.8.4/armv6-m/crtbegin.o
LOAD c:/freescale/kds_v3/toolchain/bin/../lib/gcc/arm-none-eabi/4.8.4/../../../../arm-none-eabi/lib/armv6-m/crt0.o
LOAD ./Static_Code/System/CPU_Init.o
LOAD ./Static_Code/System/Peripherals_Init.o
LOAD ./Static_Code/System/Vectors.o
LOAD ./Sources/Events.o
LOAD ./Sources/main.o
LOAD ./Project_Settings/Startup_Code/startup.o
LOAD ./Generated_Code/AD1.o
LOAD ./Generated_Code/AdcLdd1.o
LOAD ./Generated_Code/BitsIoLdd1.o
LOAD ./Generated_Code/Bits_Botones.o
LOAD ./Generated_Code/CAN1.o
LOAD ./Generated_Code/Cpu.o
LOAD ./Generated_Code/MCUC1.o
LOAD ./Generated_Code/PE_LDD.o
LOAD ./Generated_Code/Pins1.o
LOAD ./Generated_Code/WAIT.o
LOAD c:/freescale/kds_v3/toolchain/bin/../lib/gcc/arm-none-eabi/4.8.4/../../../../arm-none-eabi/lib/armv6-m\libstdc++_s.a
LOAD c:/freescale/kds_v3/toolchain/bin/../lib/gcc/arm-none-eabi/4.8.4/../../../../arm-none-eabi/lib/armv6-m\libm.a
START GROUP
LOAD c:/freescale/kds_v3/toolchain/bin/../lib/gcc/arm-none-eabi/4.8.4/armv6-m\libgcc.a
LOAD c:/freescale/kds_v3/toolchain/bin/../lib/gcc/arm-none-eabi/4.8.4/../../../../arm-none-eabi/lib/armv6-m\libg_s.a
LOAD c:/freescale/kds_v3/toolchain/bin/../lib/gcc/arm-none-eabi/4.8.4/../../../../arm-none-eabi/lib/armv6-m\libc_s.a
END GROUP
START GROUP
LOAD c:/freescale/kds_v3/toolchain/bin/../lib/gcc/arm-none-eabi/4.8.4/armv6-m\libgcc.a
LOAD c:/freescale/kds_v3/toolchain/bin/../lib/gcc/arm-none-eabi/4.8.4/../../../../arm-none-eabi/lib/armv6-m\libc_s.a
LOAD c:/freescale/kds_v3/toolchain/bin/../lib/gcc/arm-none-eabi/4.8.4/../../../../arm-none-eabi/lib/armv6-m\libnosys.a
END GROUP
START GROUP
LOAD c:/freescale/kds_v3/toolchain/bin/../lib/gcc/arm-none-eabi/4.8.4/armv6-m\libgcc.a
LOAD c:/freescale/kds_v3/toolchain/bin/../lib/gcc/arm-none-eabi/4.8.4/../../../../arm-none-eabi/lib/armv6-m\libc_s.a
LOAD c:/freescale/kds_v3/toolchain/bin/../lib/gcc/arm-none-eabi/4.8.4/../../../../arm-none-eabi/lib/armv6-m\libnosys.a
END GROUP
LOAD c:/freescale/kds_v3/toolchain/bin/../lib/gcc/arm-none-eabi/4.8.4/armv6-m/crtend.o
LOAD c:/freescale/kds_v3/toolchain/bin/../lib/gcc/arm-none-eabi/4.8.4/armv6-m/crtn.o
                0x20003000                _estack = 0x20003000
                0x20003000                __SP_INIT = _estack
                0x20003000                __stack = _estack
                0x00000000                __heap_size = 0x0
                0x00000400                __stack_size = 0x400

.interrupts     0x00000000       0xc0
                0x00000000                __vector_table = .
                0x00000000                . = ALIGN (0x4)
 *(.vectortable)
 .vectortable   0x00000000       0xc0 ./Static_Code/System/Vectors.o
                0x00000000                __vect_table
                0x000000c0                . = ALIGN (0x4)

.cfmprotect     0x00000400       0x10
                0x00000400                . = ALIGN (0x4)
 *(.cfmconfig)
 .cfmconfig     0x00000400       0x10 ./Static_Code/System/CPU_Init.o
                0x00000400                _cfm
                0x00000410                . = ALIGN (0x4)

.text           0x00000410     0x3228
                0x00000410                . = ALIGN (0x4)
 *(.text)
 .text          0x00000410       0x60 c:/freescale/kds_v3/toolchain/bin/../lib/gcc/arm-none-eabi/4.8.4/armv6-m/crtbegin.o
 .text          0x00000470       0x78 c:/freescale/kds_v3/toolchain/bin/../lib/gcc/arm-none-eabi/4.8.4/../../../../arm-none-eabi/lib/armv6-m/crt0.o
                0x00000470                _start
                0x00000470                _mainCRTStartup
 .text          0x000004e8       0x9c c:/freescale/kds_v3/toolchain/bin/../lib/gcc/arm-none-eabi/4.8.4/armv6-m\libgcc.a(_udivsi3.o)
                0x000004e8                __aeabi_uidiv
                0x000004e8                __udivsi3
                0x00000570                __aeabi_uidivmod
 .text          0x00000584        0x4 c:/freescale/kds_v3/toolchain/bin/../lib/gcc/arm-none-eabi/4.8.4/armv6-m\libgcc.a(_dvmd_tls.o)
                0x00000584                __aeabi_idiv0
                0x00000584                __aeabi_ldiv0
 .text          0x00000588      0x648 c:/freescale/kds_v3/toolchain/bin/../lib/gcc/arm-none-eabi/4.8.4/armv6-m\libgcc.a(divdf3.o)
                0x00000588                __aeabi_ddiv
 .text          0x00000bd0      0x520 c:/freescale/kds_v3/toolchain/bin/../lib/gcc/arm-none-eabi/4.8.4/armv6-m\libgcc.a(muldf3.o)
                0x00000bd0                __aeabi_dmul
 .text          0x000010f0       0x7c c:/freescale/kds_v3/toolchain/bin/../lib/gcc/arm-none-eabi/4.8.4/armv6-m\libgcc.a(floatsidf.o)
                0x000010f0                __aeabi_i2d
 .text          0x0000116c       0xa4 c:/freescale/kds_v3/toolchain/bin/../lib/gcc/arm-none-eabi/4.8.4/armv6-m\libgcc.a(extendsfdf2.o)
                0x0000116c                __aeabi_f2d
 .text          0x00001210      0x118 c:/freescale/kds_v3/toolchain/bin/../lib/gcc/arm-none-eabi/4.8.4/armv6-m\libgcc.a(truncdfsf2.o)
                0x00001210                __aeabi_d2f
 .text          0x00001328       0x3c c:/freescale/kds_v3/toolchain/bin/../lib/gcc/arm-none-eabi/4.8.4/armv6-m\libgcc.a(_clzsi2.o)
                0x00001328                __clzsi2
 *(.text*)
 .text.__init_hardware
                0x00001364       0x4c ./Static_Code/System/CPU_Init.o
                0x00001364                __init_hardware
 .text.PE_low_level_init
                0x000013b0       0x44 ./Static_Code/System/CPU_Init.o
                0x000013b0                PE_low_level_init
 .text.CPU_GetClockGenMode
                0x000013f4       0x6c ./Static_Code/System/CPU_Init.o
                0x000013f4                CPU_GetClockGenMode
 .text.CPU_SetClockConfigGenMode
                0x00001460      0x280 ./Static_Code/System/CPU_Init.o
                0x00001460                CPU_SetClockConfigGenMode
 .text.UnhandledInterrupt
                0x000016e0        0xc ./Static_Code/System/Vectors.o
                0x000016e0                UnhandledInterrupt
 .text.Cpu_OnNMI
                0x000016ec        0x8 ./Sources/Events.o
                0x000016ec                Cpu_OnNMI
 .text.CAN1_OnFreeTxBuffer
                0x000016f4       0x14 ./Sources/Events.o
                0x000016f4                CAN1_OnFreeTxBuffer
 .text.CAN1_OnFullRxBuffer
                0x00001708       0x14 ./Sources/Events.o
                0x00001708                CAN1_OnFullRxBuffer
 .text.AD1_OnEnd
                0x0000171c       0x14 ./Sources/Events.o
                0x0000171c                AD1_OnEnd
 .text.isUltraSoundActivated
                0x00001730      0x130 ./Sources/main.o
                0x00001730                isUltraSoundActivated
 .text.main     0x00001860       0x34 ./Sources/main.o
                0x00001860                main
 .text.__copy_rom_section
                0x00001894       0xd8 ./Project_Settings/Startup_Code/startup.o
                0x00001894                __copy_rom_section
 .text.__copy_rom_sections_to_ram
                0x0000196c       0x98 ./Project_Settings/Startup_Code/startup.o
                0x0000196c                __copy_rom_sections_to_ram
 .text.__init_registers
                0x00001a04        0x8 ./Project_Settings/Startup_Code/startup.o
                0x00001a04                __init_registers
 .text.__init_user
                0x00001a0c        0x8 ./Project_Settings/Startup_Code/startup.o
                0x00001a0c                __init_user
 .text.__thumb_startup
                0x00001a14       0x30 ./Project_Settings/Startup_Code/startup.o
                0x00001a14                __thumb_startup
 .text.ClrSumV  0x00001a44       0x18 ./Generated_Code/AD1.o
 .text.AD1_HWEnDi
                0x00001a5c       0xe8 ./Generated_Code/AD1.o
                0x00001a5c                AD1_HWEnDi
 .text.AD1_Measure
                0x00001b44       0x48 ./Generated_Code/AD1.o
                0x00001b44                AD1_Measure
 .text.AD1_GetValue16
                0x00001b8c       0x5c ./Generated_Code/AD1.o
                0x00001b8c                AD1_GetValue16
 .text.AdcLdd1_OnMeasurementComplete
                0x00001be8      0x1b4 ./Generated_Code/AD1.o
                0x00001be8                AdcLdd1_OnMeasurementComplete
 .text.AD1_Init
                0x00001d9c       0x38 ./Generated_Code/AD1.o
                0x00001d9c                AD1_Init
 .text.AdcLdd1_Init
                0x00001dd4       0xec ./Generated_Code/AdcLdd1.o
                0x00001dd4                AdcLdd1_Init
 .text.AdcLdd1_StartSingleMeasurement
                0x00001ec0       0x8c ./Generated_Code/AdcLdd1.o
                0x00001ec0                AdcLdd1_StartSingleMeasurement
 .text.AdcLdd1_CreateSampleGroup
                0x00001f4c       0xcc ./Generated_Code/AdcLdd1.o
                0x00001f4c                AdcLdd1_CreateSampleGroup
 .text.AdcLdd1_GetMeasuredValues
                0x00002018       0x68 ./Generated_Code/AdcLdd1.o
                0x00002018                AdcLdd1_GetMeasuredValues
 .text.AdcLdd1_MeasurementCompleteInterrupt
                0x00002080       0x60 ./Generated_Code/AdcLdd1.o
                0x00002080                AdcLdd1_MeasurementCompleteInterrupt
 .text.BitsIoLdd1_Init
                0x000020e0       0x4c ./Generated_Code/BitsIoLdd1.o
                0x000020e0                BitsIoLdd1_Init
 .text.CAN1_Init
                0x0000212c      0x1c8 ./Generated_Code/CAN1.o
                0x0000212c                CAN1_Init
 .text.CAN1_TxInterrupt
                0x000022f4       0xc4 ./Generated_Code/CAN1.o
                0x000022f4                CAN1_TxInterrupt
 .text.CAN1_RxInterrupt
                0x000023b8       0x3c ./Generated_Code/CAN1.o
                0x000023b8                CAN1_RxInterrupt
 .text.Components_Init
                0x000023f4       0x1c ./Generated_Code/Cpu.o
                0x000023f4                Components_Init
 .text.Cpu_INT_NMIInterrupt
                0x00002410        0xc ./Generated_Code/Cpu.o
                0x00002410                Cpu_INT_NMIInterrupt
 .text.MCUC1_Init
                0x0000241c        0x8 ./Generated_Code/MCUC1.o
                0x0000241c                MCUC1_Init
 .text.WAIT_Wait10Cycles
                0x00002424        0x8 ./Generated_Code/WAIT.o
                0x00002424                WAIT_Wait10Cycles
 .text.WAIT_Wait100Cycles
                0x0000242c       0x24 ./Generated_Code/WAIT.o
                0x0000242c                WAIT_Wait100Cycles
 .text.WAIT_WaitCycles
                0x00002450       0x3c ./Generated_Code/WAIT.o
                0x00002450                WAIT_WaitCycles
 .text.WAIT_WaitLongCycles
                0x0000248c       0x3c ./Generated_Code/WAIT.o
                0x0000248c                WAIT_WaitLongCycles
 .text.WAIT_Waitms
                0x000024c8       0x38 ./Generated_Code/WAIT.o
                0x000024c8                WAIT_Waitms
 .text.WAIT_Init
                0x00002500        0x8 ./Generated_Code/WAIT.o
                0x00002500                WAIT_Init
 .text.exit     0x00002508       0x2c c:/freescale/kds_v3/toolchain/bin/../lib/gcc/arm-none-eabi/4.8.4/../../../../arm-none-eabi/lib/armv6-m\libg_s.a(lib_a-exit.o)
                0x00002508                exit
 .text.__libc_init_array
                0x00002534       0x4c c:/freescale/kds_v3/toolchain/bin/../lib/gcc/arm-none-eabi/4.8.4/../../../../arm-none-eabi/lib/armv6-m\libg_s.a(lib_a-init.o)
                0x00002534                __libc_init_array
 .text.memcpy   0x00002580       0x12 c:/freescale/kds_v3/toolchain/bin/../lib/gcc/arm-none-eabi/4.8.4/../../../../arm-none-eabi/lib/armv6-m\libg_s.a(lib_a-memcpy-stub.o)
                0x00002580                memcpy
 .text.memset   0x00002592       0x10 c:/freescale/kds_v3/toolchain/bin/../lib/gcc/arm-none-eabi/4.8.4/../../../../arm-none-eabi/lib/armv6-m\libg_s.a(lib_a-memset.o)
                0x00002592                memset
 *fill*         0x000025a2        0x2 
 .text.printf   0x000025a4       0x34 c:/freescale/kds_v3/toolchain/bin/../lib/gcc/arm-none-eabi/4.8.4/../../../../arm-none-eabi/lib/armv6-m\libg_s.a(lib_a-printf.o)
                0x000025a4                iprintf
                0x000025a4                printf
 .text.__sfputc_r
                0x000025d8       0x2a c:/freescale/kds_v3/toolchain/bin/../lib/gcc/arm-none-eabi/4.8.4/../../../../arm-none-eabi/lib/armv6-m\libg_s.a(lib_a-vfprintf.o)
 .text.__sfputs_r
                0x00002602       0x24 c:/freescale/kds_v3/toolchain/bin/../lib/gcc/arm-none-eabi/4.8.4/../../../../arm-none-eabi/lib/armv6-m\libg_s.a(lib_a-vfprintf.o)
                0x00002602                __sfputs_r
 *fill*         0x00002626        0x2 
 .text._vfprintf_r
                0x00002628      0x210 c:/freescale/kds_v3/toolchain/bin/../lib/gcc/arm-none-eabi/4.8.4/../../../../arm-none-eabi/lib/armv6-m\libg_s.a(lib_a-vfprintf.o)
                0x00002628                _vfprintf_r
                0x00002628                _vfiprintf_r
 .text._printf_common
                0x00002838       0xe8 c:/freescale/kds_v3/toolchain/bin/../lib/gcc/arm-none-eabi/4.8.4/../../../../arm-none-eabi/lib/armv6-m\libg_s.a(lib_a-vfprintf_i.o)
                0x00002838                _printf_common
 .text._printf_i
                0x00002920      0x22c c:/freescale/kds_v3/toolchain/bin/../lib/gcc/arm-none-eabi/4.8.4/../../../../arm-none-eabi/lib/armv6-m\libg_s.a(lib_a-vfprintf_i.o)
                0x00002920                _printf_i
 .text.__swbuf_r
                0x00002b4c       0xb0 c:/freescale/kds_v3/toolchain/bin/../lib/gcc/arm-none-eabi/4.8.4/../../../../arm-none-eabi/lib/armv6-m\libg_s.a(lib_a-wbuf.o)
                0x00002b4c                __swbuf_r
 .text.__swsetup_r
                0x00002bfc       0xe4 c:/freescale/kds_v3/toolchain/bin/../lib/gcc/arm-none-eabi/4.8.4/../../../../arm-none-eabi/lib/armv6-m\libg_s.a(lib_a-wsetup.o)
                0x00002bfc                __swsetup_r
 .text.__sflush_r
                0x00002ce0      0x112 c:/freescale/kds_v3/toolchain/bin/../lib/gcc/arm-none-eabi/4.8.4/../../../../arm-none-eabi/lib/armv6-m\libg_s.a(lib_a-fflush.o)
                0x00002ce0                __sflush_r
 *fill*         0x00002df2        0x2 
 .text._fflush_r
                0x00002df4       0x58 c:/freescale/kds_v3/toolchain/bin/../lib/gcc/arm-none-eabi/4.8.4/../../../../arm-none-eabi/lib/armv6-m\libg_s.a(lib_a-fflush.o)
                0x00002df4                _fflush_r
 .text._cleanup_r
                0x00002e4c       0x34 c:/freescale/kds_v3/toolchain/bin/../lib/gcc/arm-none-eabi/4.8.4/../../../../arm-none-eabi/lib/armv6-m\libg_s.a(lib_a-findfp.o)
                0x00002e4c                _cleanup_r
 .text.std.isra.0
                0x00002e80       0x48 c:/freescale/kds_v3/toolchain/bin/../lib/gcc/arm-none-eabi/4.8.4/../../../../arm-none-eabi/lib/armv6-m\libg_s.a(lib_a-findfp.o)
 .text.__sfmoreglue
                0x00002ec8       0x2c c:/freescale/kds_v3/toolchain/bin/../lib/gcc/arm-none-eabi/4.8.4/../../../../arm-none-eabi/lib/armv6-m\libg_s.a(lib_a-findfp.o)
                0x00002ec8                __sfmoreglue
 .text.__sinit  0x00002ef4       0x64 c:/freescale/kds_v3/toolchain/bin/../lib/gcc/arm-none-eabi/4.8.4/../../../../arm-none-eabi/lib/armv6-m\libg_s.a(lib_a-findfp.o)
                0x00002ef4                __sinit
 .text.__sfp    0x00002f58       0x7c c:/freescale/kds_v3/toolchain/bin/../lib/gcc/arm-none-eabi/4.8.4/../../../../arm-none-eabi/lib/armv6-m\libg_s.a(lib_a-findfp.o)
                0x00002f58                __sfp
 .text.__smakebuf_r
                0x00002fd4       0xa0 c:/freescale/kds_v3/toolchain/bin/../lib/gcc/arm-none-eabi/4.8.4/../../../../arm-none-eabi/lib/armv6-m\libg_s.a(lib_a-makebuf.o)
                0x00002fd4                __smakebuf_r
 .text.memchr   0x00003074       0x16 c:/freescale/kds_v3/toolchain/bin/../lib/gcc/arm-none-eabi/4.8.4/../../../../arm-none-eabi/lib/armv6-m\libg_s.a(lib_a-memchr-stub.o)
                0x00003074                memchr
 *fill*         0x0000308a        0x2 
 .text._free_r  0x0000308c       0x90 c:/freescale/kds_v3/toolchain/bin/../lib/gcc/arm-none-eabi/4.8.4/../../../../arm-none-eabi/lib/armv6-m\libg_s.a(lib_a-nano-freer.o)
                0x0000308c                _free_r
 .text._malloc_r
                0x0000311c       0xa8 c:/freescale/kds_v3/toolchain/bin/../lib/gcc/arm-none-eabi/4.8.4/../../../../arm-none-eabi/lib/armv6-m\libg_s.a(lib_a-nano-mallocr.o)
                0x0000311c                _malloc_r
 .text._sbrk_r  0x000031c4       0x24 c:/freescale/kds_v3/toolchain/bin/../lib/gcc/arm-none-eabi/4.8.4/../../../../arm-none-eabi/lib/armv6-m\libg_s.a(lib_a-sbrkr.o)
                0x000031c4                _sbrk_r
 .text.__sread  0x000031e8       0x28 c:/freescale/kds_v3/toolchain/bin/../lib/gcc/arm-none-eabi/4.8.4/../../../../arm-none-eabi/lib/armv6-m\libg_s.a(lib_a-stdio.o)
                0x000031e8                __sread
 .text.__swrite
                0x00003210       0x38 c:/freescale/kds_v3/toolchain/bin/../lib/gcc/arm-none-eabi/4.8.4/../../../../arm-none-eabi/lib/armv6-m\libg_s.a(lib_a-stdio.o)
                0x00003210                __swrite
 .text.__sseek  0x00003248       0x2c c:/freescale/kds_v3/toolchain/bin/../lib/gcc/arm-none-eabi/4.8.4/../../../../arm-none-eabi/lib/armv6-m\libg_s.a(lib_a-stdio.o)
                0x00003248                __sseek
 .text.__sclose
                0x00003274        0xc c:/freescale/kds_v3/toolchain/bin/../lib/gcc/arm-none-eabi/4.8.4/../../../../arm-none-eabi/lib/armv6-m\libg_s.a(lib_a-stdio.o)
                0x00003274                __sclose
 .text.strlen   0x00003280        0xe c:/freescale/kds_v3/toolchain/bin/../lib/gcc/arm-none-eabi/4.8.4/../../../../arm-none-eabi/lib/armv6-m\libg_s.a(lib_a-strlen.o)
                0x00003280                strlen
 *fill*         0x0000328e        0x2 
 .text._write_r
                0x00003290       0x28 c:/freescale/kds_v3/toolchain/bin/../lib/gcc/arm-none-eabi/4.8.4/../../../../arm-none-eabi/lib/armv6-m\libg_s.a(lib_a-writer.o)
                0x00003290                _write_r
 .text._close_r
                0x000032b8       0x24 c:/freescale/kds_v3/toolchain/bin/../lib/gcc/arm-none-eabi/4.8.4/../../../../arm-none-eabi/lib/armv6-m\libg_s.a(lib_a-closer.o)
                0x000032b8                _close_r
 .text._fstat_r
                0x000032dc       0x24 c:/freescale/kds_v3/toolchain/bin/../lib/gcc/arm-none-eabi/4.8.4/../../../../arm-none-eabi/lib/armv6-m\libg_s.a(lib_a-fstatr.o)
                0x000032dc                _fstat_r
 .text._isatty_r
                0x00003300       0x24 c:/freescale/kds_v3/toolchain/bin/../lib/gcc/arm-none-eabi/4.8.4/../../../../arm-none-eabi/lib/armv6-m\libg_s.a(lib_a-isattyr.o)
                0x00003300                _isatty_r
 .text._lseek_r
                0x00003324       0x28 c:/freescale/kds_v3/toolchain/bin/../lib/gcc/arm-none-eabi/4.8.4/../../../../arm-none-eabi/lib/armv6-m\libg_s.a(lib_a-lseekr.o)
                0x00003324                _lseek_r
 .text._read_r  0x0000334c       0x28 c:/freescale/kds_v3/toolchain/bin/../lib/gcc/arm-none-eabi/4.8.4/../../../../arm-none-eabi/lib/armv6-m\libg_s.a(lib_a-readr.o)
                0x0000334c                _read_r
 .text._close   0x00003374       0x10 c:/freescale/kds_v3/toolchain/bin/../lib/gcc/arm-none-eabi/4.8.4/../../../../arm-none-eabi/lib/armv6-m\libnosys.a(close.o)
                0x00003374                _close
 .text._fstat   0x00003384       0x10 c:/freescale/kds_v3/toolchain/bin/../lib/gcc/arm-none-eabi/4.8.4/../../../../arm-none-eabi/lib/armv6-m\libnosys.a(fstat.o)
                0x00003384                _fstat
 .text._isatty  0x00003394       0x10 c:/freescale/kds_v3/toolchain/bin/../lib/gcc/arm-none-eabi/4.8.4/../../../../arm-none-eabi/lib/armv6-m\libnosys.a(isatty.o)
                0x00003394                _isatty
 .text._lseek   0x000033a4       0x10 c:/freescale/kds_v3/toolchain/bin/../lib/gcc/arm-none-eabi/4.8.4/../../../../arm-none-eabi/lib/armv6-m\libnosys.a(lseek.o)
                0x000033a4                _lseek
 .text._read    0x000033b4       0x10 c:/freescale/kds_v3/toolchain/bin/../lib/gcc/arm-none-eabi/4.8.4/../../../../arm-none-eabi/lib/armv6-m\libnosys.a(read.o)
                0x000033b4                _read
 .text._sbrk    0x000033c4       0x34 c:/freescale/kds_v3/toolchain/bin/../lib/gcc/arm-none-eabi/4.8.4/../../../../arm-none-eabi/lib/armv6-m\libnosys.a(sbrk.o)
                0x000033c4                _sbrk
 .text._write   0x000033f8       0x10 c:/freescale/kds_v3/toolchain/bin/../lib/gcc/arm-none-eabi/4.8.4/../../../../arm-none-eabi/lib/armv6-m\libnosys.a(write.o)
                0x000033f8                _write
 .text._exit    0x00003408        0x4 c:/freescale/kds_v3/toolchain/bin/../lib/gcc/arm-none-eabi/4.8.4/../../../../arm-none-eabi/lib/armv6-m\libnosys.a(_exit.o)
                0x00003408                _exit
 *(.rodata)
 .rodata        0x0000340c       0x14 ./Sources/main.o
 .rodata        0x00003420       0x40 c:/freescale/kds_v3/toolchain/bin/../lib/gcc/arm-none-eabi/4.8.4/armv6-m\libgcc.a(divdf3.o)
 .rodata        0x00003460       0x40 c:/freescale/kds_v3/toolchain/bin/../lib/gcc/arm-none-eabi/4.8.4/armv6-m\libgcc.a(muldf3.o)
 *(.rodata*)
 .rodata.ClockGenModeMatrix
                0x000034a0       0x48 ./Static_Code/System/CPU_Init.o
 .rodata.CPU_ClockConfigDescriptors
                0x000034e8       0x10 ./Static_Code/System/CPU_Init.o
 .rodata.CPU_DefaultFEI
                0x000034f8        0x8 ./Static_Code/System/CPU_Init.o
 .rodata.CPU_DefaultFBI
                0x00003500        0x8 ./Static_Code/System/CPU_Init.o
 .rodata.CPU_DefaultFBILP
                0x00003508        0x8 ./Static_Code/System/CPU_Init.o
 .rodata.CPU_DefaultFEE
                0x00003510        0x8 ./Static_Code/System/CPU_Init.o
 .rodata.CPU_DefaultFBE
                0x00003518        0x8 ./Static_Code/System/CPU_Init.o
 .rodata.CPU_DefaultFBELP
                0x00003520        0x8 ./Static_Code/System/CPU_Init.o
 .rodata.CPU_ClockGenModeRegs
                0x00003528       0x18 ./Static_Code/System/CPU_Init.o
 .rodata.CPU_SetClockConfigGenMode
                0x00003540       0x30 ./Static_Code/System/CPU_Init.o
 .rodata.Table  0x00003570        0x4 ./Generated_Code/AD1.o
 .rodata.ChannelToPin
                0x00003574        0x4 ./Generated_Code/AdcLdd1.o
 .rodata.RemapBuffersIdxToHw
                0x00003578        0x4 ./Generated_Code/CAN1.o
 .rodata.RemapHwToTxBuffersIdx
                0x0000357c        0x4 ./Generated_Code/CAN1.o
 .rodata.RemapHwToRxBuffersIdx
                0x00003580        0x4 ./Generated_Code/CAN1.o
 .rodata.str1.1
                0x00003584        0x2 c:/freescale/kds_v3/toolchain/bin/../lib/gcc/arm-none-eabi/4.8.4/../../../../arm-none-eabi/lib/armv6-m\libg_s.a(lib_a-impure.o)
 *fill*         0x00003586        0x2 
 .rodata._global_impure_ptr
                0x00003588        0x4 c:/freescale/kds_v3/toolchain/bin/../lib/gcc/arm-none-eabi/4.8.4/../../../../arm-none-eabi/lib/armv6-m\libg_s.a(lib_a-impure.o)
                0x00003588                _global_impure_ptr
 .rodata.str1.1
                0x0000358c       0x11 c:/freescale/kds_v3/toolchain/bin/../lib/gcc/arm-none-eabi/4.8.4/../../../../arm-none-eabi/lib/armv6-m\libg_s.a(lib_a-vfprintf.o)
 .rodata.str1.1
                0x0000359d       0x22 c:/freescale/kds_v3/toolchain/bin/../lib/gcc/arm-none-eabi/4.8.4/../../../../arm-none-eabi/lib/armv6-m\libg_s.a(lib_a-vfprintf_i.o)
 *fill*         0x000035bf        0x1 
 .rodata.__sf_fake_stdin
                0x000035c0       0x20 c:/freescale/kds_v3/toolchain/bin/../lib/gcc/arm-none-eabi/4.8.4/../../../../arm-none-eabi/lib/armv6-m\libg_s.a(lib_a-findfp.o)
                0x000035c0                __sf_fake_stdin
 .rodata.__sf_fake_stdout
                0x000035e0       0x20 c:/freescale/kds_v3/toolchain/bin/../lib/gcc/arm-none-eabi/4.8.4/../../../../arm-none-eabi/lib/armv6-m\libg_s.a(lib_a-findfp.o)
                0x000035e0                __sf_fake_stdout
 .rodata.__sf_fake_stderr
                0x00003600       0x20 c:/freescale/kds_v3/toolchain/bin/../lib/gcc/arm-none-eabi/4.8.4/../../../../arm-none-eabi/lib/armv6-m\libg_s.a(lib_a-findfp.o)
                0x00003600                __sf_fake_stderr
 *(.glue_7)
 .glue_7        0x00000000        0x0 linker stubs
 *(.glue_7t)
 .glue_7t       0x00000000        0x0 linker stubs
 *(.eh_frame)
 .eh_frame      0x00003620        0x0 c:/freescale/kds_v3/toolchain/bin/../lib/gcc/arm-none-eabi/4.8.4/armv6-m/crtbegin.o
 *(.init)
 .init          0x00003620        0x4 c:/freescale/kds_v3/toolchain/bin/../lib/gcc/arm-none-eabi/4.8.4/armv6-m/crti.o
                0x00003620                _init
 .init          0x00003624        0x8 c:/freescale/kds_v3/toolchain/bin/../lib/gcc/arm-none-eabi/4.8.4/armv6-m/crtn.o
 *(.fini)
 .fini          0x0000362c        0x4 c:/freescale/kds_v3/toolchain/bin/../lib/gcc/arm-none-eabi/4.8.4/armv6-m/crti.o
                0x0000362c                _fini
 .fini          0x00003630        0x8 c:/freescale/kds_v3/toolchain/bin/../lib/gcc/arm-none-eabi/4.8.4/armv6-m/crtn.o
                0x00003638                . = ALIGN (0x4)
                0x00003638                _etext = .

.vfp11_veneer   0x00003638        0x0
 .vfp11_veneer  0x00000000        0x0 linker stubs

.v4_bx          0x00003638        0x0
 .v4_bx         0x00000000        0x0 linker stubs

.iplt           0x00003638        0x0
 .iplt          0x00000000        0x0 c:/freescale/kds_v3/toolchain/bin/../lib/gcc/arm-none-eabi/4.8.4/armv6-m/crtbegin.o

.ARM.extab
 *(.ARM.extab* .gnu.linkonce.armextab.*)

.ARM            0x00003638        0x8
                0x00003638                __exidx_start = .
 *(.ARM.exidx*)
 .ARM.exidx     0x00003638        0x8 c:/freescale/kds_v3/toolchain/bin/../lib/gcc/arm-none-eabi/4.8.4/../../../../arm-none-eabi/lib/armv6-m/crt0.o
                0x00003640                __exidx_end = .

.rel.dyn        0x00003640        0x0
 .rel.iplt      0x00000000        0x0 c:/freescale/kds_v3/toolchain/bin/../lib/gcc/arm-none-eabi/4.8.4/armv6-m/crtbegin.o

.ctors          0x00003640        0x0
                0x00003640                __CTOR_LIST__ = .
 *crtbegin.o(.ctors)
 *(EXCLUDE_FILE(*crtend.o) .ctors)
 *(SORT(.ctors.*))
 *(.ctors)
                0x00003640                __CTOR_END__ = .

.dtors          0x00003640        0x0
                0x00003640                __DTOR_LIST__ = .
 *crtbegin.o(.dtors)
 *(EXCLUDE_FILE(*crtend.o) .dtors)
 *(SORT(.dtors.*))
 *(.dtors)
                0x00003640                __DTOR_END__ = .

.preinit_array  0x00003640        0x0
                0x00003640                PROVIDE (__preinit_array_start, .)
 *(.preinit_array*)
                0x00003640                PROVIDE (__preinit_array_end, .)

.init_array     0x00003640        0x4
                0x00003640                PROVIDE (__init_array_start, .)
 *(SORT(.init_array.*))
 *(.init_array*)
 .init_array    0x00003640        0x4 c:/freescale/kds_v3/toolchain/bin/../lib/gcc/arm-none-eabi/4.8.4/armv6-m/crtbegin.o
                0x00003644                PROVIDE (__init_array_end, .)

.fini_array     0x00003644        0x4
                0x00003644                PROVIDE (__fini_array_start, .)
 *(SORT(.fini_array.*))
 *(.fini_array*)
 .fini_array    0x00003644        0x4 c:/freescale/kds_v3/toolchain/bin/../lib/gcc/arm-none-eabi/4.8.4/armv6-m/crtbegin.o
                0x00003648                PROVIDE (__fini_array_end, .)
                0x00003648                ___ROM_AT = .

.mtb            0x1ffff000        0x0
                0x1ffff000                . = ALIGN (0x8)
                0x1ffff000                _mtb_start = .
 *(.mtb_buf)
                0x1ffff000                . = ALIGN (0x8)
                0x1ffff000                _mtb_end = .

.data           0x1ffff000       0x68 load address 0x00003648
                0x1ffff000                . = ALIGN (0x4)
                0x1ffff000                _sdata = .
 *(.data)
 *(.data*)
 .data.SampleGroup
                0x1ffff000        0x4 ./Generated_Code/AD1.o
 .data.impure_data
                0x1ffff004       0x60 c:/freescale/kds_v3/toolchain/bin/../lib/gcc/arm-none-eabi/4.8.4/../../../../arm-none-eabi/lib/armv6-m\libg_s.a(lib_a-impure.o)
 .data._impure_ptr
                0x1ffff064        0x4 c:/freescale/kds_v3/toolchain/bin/../lib/gcc/arm-none-eabi/4.8.4/../../../../arm-none-eabi/lib/armv6-m\libg_s.a(lib_a-impure.o)
                0x1ffff064                _impure_ptr
                0x1ffff068                . = ALIGN (0x4)
                0x1ffff068                _edata = .
                0x00000068                ___data_size = (_edata - _sdata)

.jcr            0x1ffff068        0x0 load address 0x000036b0
 .jcr           0x1ffff068        0x0 c:/freescale/kds_v3/toolchain/bin/../lib/gcc/arm-none-eabi/4.8.4/armv6-m/crtbegin.o

.igot.plt       0x1ffff068        0x0 load address 0x000036b0
 .igot.plt      0x00000000        0x0 c:/freescale/kds_v3/toolchain/bin/../lib/gcc/arm-none-eabi/4.8.4/armv6-m/crtbegin.o
                0x1ffff068                . = ALIGN (0x4)

.bss            0x1ffff068       0xa8 load address 0x000036b0
                0x1ffff068                __START_BSS = .
                0x1ffff068                PROVIDE (__bss_start__, __START_BSS)
 *(.bss)
 .bss           0x1ffff068       0x1c c:/freescale/kds_v3/toolchain/bin/../lib/gcc/arm-none-eabi/4.8.4/armv6-m/crtbegin.o
 *(.bss*)
 .bss.isAlarmTriggered
                0x1ffff084        0x1 ./Sources/main.o
                0x1ffff084                isAlarmTriggered
 .bss.g_Complete
                0x1ffff085        0x1 ./Sources/main.o
                0x1ffff085                g_Complete
 *fill*         0x1ffff086        0x2 
 .bss.g_CANPtr  0x1ffff088        0x4 ./Sources/main.o
                0x1ffff088                g_CANPtr
 .bss.SumChan   0x1ffff08c        0x1 ./Generated_Code/AD1.o
 .bss.ModeFlg   0x1ffff08d        0x1 ./Generated_Code/AD1.o
 .bss.SumCnt    0x1ffff08e        0x1 ./Generated_Code/AD1.o
 .bss.OutFlg    0x1ffff08f        0x1 ./Generated_Code/AD1.o
 .bss.DeviceDataPrv__DEFAULT_RTOS_ALLOC
                0x1ffff090       0x28 ./Generated_Code/AdcLdd1.o
 .bss.INT_ADC0__DEFAULT_RTOS_ISRPARAM
                0x1ffff0b8        0x4 ./Generated_Code/AdcLdd1.o
 .bss.DeviceDataPrv__DEFAULT_RTOS_ALLOC
                0x1ffff0bc        0x4 ./Generated_Code/BitsIoLdd1.o
 .bss.DeviceDataPrv__DEFAULT_RTOS_ALLOC
                0x1ffff0c0       0x24 ./Generated_Code/CAN1.o
 .bss.INT_MSCAN_TX__DEFAULT_RTOS_ISRPARAM
                0x1ffff0e4        0x4 ./Generated_Code/CAN1.o
 .bss.INT_MSCAN_RX__DEFAULT_RTOS_ISRPARAM
                0x1ffff0e8        0x4 ./Generated_Code/CAN1.o
 .bss.PE_LDD_DeviceDataList
                0x1ffff0ec        0xc ./Generated_Code/PE_LDD.o
                0x1ffff0ec                PE_LDD_DeviceDataList
 .bss.__malloc_sbrk_start
                0x1ffff0f8        0x4 c:/freescale/kds_v3/toolchain/bin/../lib/gcc/arm-none-eabi/4.8.4/../../../../arm-none-eabi/lib/armv6-m\libg_s.a(lib_a-nano-mallocr.o)
                0x1ffff0f8                __malloc_sbrk_start
 .bss.__malloc_free_list
                0x1ffff0fc        0x4 c:/freescale/kds_v3/toolchain/bin/../lib/gcc/arm-none-eabi/4.8.4/../../../../arm-none-eabi/lib/armv6-m\libg_s.a(lib_a-nano-mallocr.o)
                0x1ffff0fc                __malloc_free_list
 .bss.heap_end.4246
                0x1ffff100        0x4 c:/freescale/kds_v3/toolchain/bin/../lib/gcc/arm-none-eabi/4.8.4/../../../../arm-none-eabi/lib/armv6-m\libnosys.a(sbrk.o)
 *(COMMON)
 COMMON         0x1ffff104        0x8 ./Generated_Code/AD1.o
                0x1ffff104                AD1_OutV
                0x1ffff108                AdcLdd1_DeviceDataPtr
 COMMON         0x1ffff10c        0x4 c:/freescale/kds_v3/toolchain/bin/../lib/gcc/arm-none-eabi/4.8.4/../../../../arm-none-eabi/lib/armv6-m\libg_s.a(lib_a-reent.o)
                0x1ffff10c                errno
                0x1ffff110                . = ALIGN (0x4)
                0x1ffff110                __END_BSS = .
                0x1ffff110                PROVIDE (__bss_end__, __END_BSS)
                0x000036b0                _romp_at = (___ROM_AT + SIZEOF (.data))

.romp           0x1ffff110       0x18 load address 0x000036b0
                0x000036b0                __S_romp = _romp_at
                0x1ffff110        0x4 LONG 0x3648 ___ROM_AT
                0x1ffff114        0x4 LONG 0x1ffff000 _sdata
                0x1ffff118        0x4 LONG 0x68 ___data_size
                0x1ffff11c        0x4 LONG 0x0
                0x1ffff120        0x4 LONG 0x0
                0x1ffff124        0x4 LONG 0x0
                0x00020000                text_end = (ORIGIN (m_text) + 0x1fbf0)
                0x000036c8                data_init_end = ((___ROM_AT + SIZEOF (.data)) + SIZEOF (.romp))
                0x00000001                ASSERT ((data_init_end <= text_end), region m_text overflowed with text and data)

._user_heap_stack
                0x1ffff128      0x400 load address 0x000036c8
                0x1ffff128                . = ALIGN (0x4)
                0x1ffff128                PROVIDE (end, .)
                0x1ffff128                PROVIDE (_end, .)
                0x1ffff128                PROVIDE (__end__, .)
                0x1ffff128                __heap_addr = .
                0x1ffff128                __HeapBase = .
                0x1ffff128                . = (. + __heap_size)
                0x1ffff128                __HeapLimit = .
                0x1ffff528                . = (. + __stack_size)
 *fill*         0x1ffff128      0x400 
                0x1ffff528                . = ALIGN (0x4)

.ARM.attributes
                0x00000000       0x28
 *(.ARM.attributes)
 .ARM.attributes
                0x00000000       0x1e c:/freescale/kds_v3/toolchain/bin/../lib/gcc/arm-none-eabi/4.8.4/armv6-m/crti.o
 .ARM.attributes
                0x0000001e       0x2c c:/freescale/kds_v3/toolchain/bin/../lib/gcc/arm-none-eabi/4.8.4/armv6-m/crtbegin.o
 .ARM.attributes
                0x0000004a       0x1b c:/freescale/kds_v3/toolchain/bin/../lib/gcc/arm-none-eabi/4.8.4/../../../../arm-none-eabi/lib/armv6-m/crt0.o
 .ARM.attributes
                0x00000065       0x32 ./Static_Code/System/CPU_Init.o
 .ARM.attributes
                0x00000097       0x32 ./Static_Code/System/Vectors.o
 .ARM.attributes
                0x000000c9       0x32 ./Sources/Events.o
 .ARM.attributes
                0x000000fb       0x32 ./Sources/main.o
 .ARM.attributes
                0x0000012d       0x32 ./Project_Settings/Startup_Code/startup.o
 .ARM.attributes
                0x0000015f       0x32 ./Generated_Code/AD1.o
 .ARM.attributes
                0x00000191       0x32 ./Generated_Code/AdcLdd1.o
 .ARM.attributes
                0x000001c3       0x32 ./Generated_Code/BitsIoLdd1.o
 .ARM.attributes
                0x000001f5       0x32 ./Generated_Code/CAN1.o
 .ARM.attributes
                0x00000227       0x32 ./Generated_Code/Cpu.o
 .ARM.attributes
                0x00000259       0x32 ./Generated_Code/MCUC1.o
 .ARM.attributes
                0x0000028b       0x32 ./Generated_Code/PE_LDD.o
 .ARM.attributes
                0x000002bd       0x32 ./Generated_Code/WAIT.o
 .ARM.attributes
                0x000002ef       0x1e c:/freescale/kds_v3/toolchain/bin/../lib/gcc/arm-none-eabi/4.8.4/armv6-m\libgcc.a(_udivsi3.o)
 .ARM.attributes
                0x0000030d       0x1e c:/freescale/kds_v3/toolchain/bin/../lib/gcc/arm-none-eabi/4.8.4/armv6-m\libgcc.a(_dvmd_tls.o)
 .ARM.attributes
                0x0000032b       0x2c c:/freescale/kds_v3/toolchain/bin/../lib/gcc/arm-none-eabi/4.8.4/armv6-m\libgcc.a(divdf3.o)
 .ARM.attributes
                0x00000357       0x2c c:/freescale/kds_v3/toolchain/bin/../lib/gcc/arm-none-eabi/4.8.4/armv6-m\libgcc.a(muldf3.o)
 .ARM.attributes
                0x00000383       0x2c c:/freescale/kds_v3/toolchain/bin/../lib/gcc/arm-none-eabi/4.8.4/armv6-m\libgcc.a(floatsidf.o)
 .ARM.attributes
                0x000003af       0x2c c:/freescale/kds_v3/toolchain/bin/../lib/gcc/arm-none-eabi/4.8.4/armv6-m\libgcc.a(extendsfdf2.o)
 .ARM.attributes
                0x000003db       0x2c c:/freescale/kds_v3/toolchain/bin/../lib/gcc/arm-none-eabi/4.8.4/armv6-m\libgcc.a(truncdfsf2.o)
 .ARM.attributes
                0x00000407       0x1e c:/freescale/kds_v3/toolchain/bin/../lib/gcc/arm-none-eabi/4.8.4/armv6-m\libgcc.a(_clzsi2.o)
 .ARM.attributes
                0x00000425       0x2c c:/freescale/kds_v3/toolchain/bin/../lib/gcc/arm-none-eabi/4.8.4/../../../../arm-none-eabi/lib/armv6-m\libg_s.a(lib_a-exit.o)
 .ARM.attributes
                0x00000451       0x2c c:/freescale/kds_v3/toolchain/bin/../lib/gcc/arm-none-eabi/4.8.4/../../../../arm-none-eabi/lib/armv6-m\libg_s.a(lib_a-impure.o)
 .ARM.attributes
                0x0000047d       0x2c c:/freescale/kds_v3/toolchain/bin/../lib/gcc/arm-none-eabi/4.8.4/../../../../arm-none-eabi/lib/armv6-m\libg_s.a(lib_a-init.o)
 .ARM.attributes
                0x000004a9       0x2c c:/freescale/kds_v3/toolchain/bin/../lib/gcc/arm-none-eabi/4.8.4/../../../../arm-none-eabi/lib/armv6-m\libg_s.a(lib_a-memcpy-stub.o)
 .ARM.attributes
                0x000004d5       0x2c c:/freescale/kds_v3/toolchain/bin/../lib/gcc/arm-none-eabi/4.8.4/../../../../arm-none-eabi/lib/armv6-m\libg_s.a(lib_a-memset.o)
 .ARM.attributes
                0x00000501       0x2c c:/freescale/kds_v3/toolchain/bin/../lib/gcc/arm-none-eabi/4.8.4/../../../../arm-none-eabi/lib/armv6-m\libg_s.a(lib_a-printf.o)
 .ARM.attributes
                0x0000052d       0x2c c:/freescale/kds_v3/toolchain/bin/../lib/gcc/arm-none-eabi/4.8.4/../../../../arm-none-eabi/lib/armv6-m\libg_s.a(lib_a-vfprintf.o)
 .ARM.attributes
                0x00000559       0x2c c:/freescale/kds_v3/toolchain/bin/../lib/gcc/arm-none-eabi/4.8.4/../../../../arm-none-eabi/lib/armv6-m\libg_s.a(lib_a-vfprintf_i.o)
 .ARM.attributes
                0x00000585       0x2c c:/freescale/kds_v3/toolchain/bin/../lib/gcc/arm-none-eabi/4.8.4/../../../../arm-none-eabi/lib/armv6-m\libg_s.a(lib_a-wbuf.o)
 .ARM.attributes
                0x000005b1       0x2c c:/freescale/kds_v3/toolchain/bin/../lib/gcc/arm-none-eabi/4.8.4/../../../../arm-none-eabi/lib/armv6-m\libg_s.a(lib_a-wsetup.o)
 .ARM.attributes
                0x000005dd       0x2c c:/freescale/kds_v3/toolchain/bin/../lib/gcc/arm-none-eabi/4.8.4/../../../../arm-none-eabi/lib/armv6-m\libg_s.a(lib_a-fflush.o)
 .ARM.attributes
                0x00000609       0x2c c:/freescale/kds_v3/toolchain/bin/../lib/gcc/arm-none-eabi/4.8.4/../../../../arm-none-eabi/lib/armv6-m\libg_s.a(lib_a-findfp.o)
 .ARM.attributes
                0x00000635       0x2c c:/freescale/kds_v3/toolchain/bin/../lib/gcc/arm-none-eabi/4.8.4/../../../../arm-none-eabi/lib/armv6-m\libg_s.a(lib_a-makebuf.o)
 .ARM.attributes
                0x00000661       0x2c c:/freescale/kds_v3/toolchain/bin/../lib/gcc/arm-none-eabi/4.8.4/../../../../arm-none-eabi/lib/armv6-m\libg_s.a(lib_a-memchr-stub.o)
 .ARM.attributes
                0x0000068d       0x2c c:/freescale/kds_v3/toolchain/bin/../lib/gcc/arm-none-eabi/4.8.4/../../../../arm-none-eabi/lib/armv6-m\libg_s.a(lib_a-nano-freer.o)
 .ARM.attributes
                0x000006b9       0x2c c:/freescale/kds_v3/toolchain/bin/../lib/gcc/arm-none-eabi/4.8.4/../../../../arm-none-eabi/lib/armv6-m\libg_s.a(lib_a-nano-mallocr.o)
 .ARM.attributes
                0x000006e5       0x2c c:/freescale/kds_v3/toolchain/bin/../lib/gcc/arm-none-eabi/4.8.4/../../../../arm-none-eabi/lib/armv6-m\libg_s.a(lib_a-sbrkr.o)
 .ARM.attributes
                0x00000711       0x2c c:/freescale/kds_v3/toolchain/bin/../lib/gcc/arm-none-eabi/4.8.4/../../../../arm-none-eabi/lib/armv6-m\libg_s.a(lib_a-stdio.o)
 .ARM.attributes
                0x0000073d       0x2c c:/freescale/kds_v3/toolchain/bin/../lib/gcc/arm-none-eabi/4.8.4/../../../../arm-none-eabi/lib/armv6-m\libg_s.a(lib_a-strlen.o)
 .ARM.attributes
                0x00000769       0x2c c:/freescale/kds_v3/toolchain/bin/../lib/gcc/arm-none-eabi/4.8.4/../../../../arm-none-eabi/lib/armv6-m\libg_s.a(lib_a-writer.o)
 .ARM.attributes
                0x00000795       0x2c c:/freescale/kds_v3/toolchain/bin/../lib/gcc/arm-none-eabi/4.8.4/../../../../arm-none-eabi/lib/armv6-m\libg_s.a(lib_a-closer.o)
 .ARM.attributes
                0x000007c1       0x2c c:/freescale/kds_v3/toolchain/bin/../lib/gcc/arm-none-eabi/4.8.4/../../../../arm-none-eabi/lib/armv6-m\libg_s.a(lib_a-fstatr.o)
 .ARM.attributes
                0x000007ed       0x2c c:/freescale/kds_v3/toolchain/bin/../lib/gcc/arm-none-eabi/4.8.4/../../../../arm-none-eabi/lib/armv6-m\libg_s.a(lib_a-isattyr.o)
 .ARM.attributes
                0x00000819       0x2c c:/freescale/kds_v3/toolchain/bin/../lib/gcc/arm-none-eabi/4.8.4/../../../../arm-none-eabi/lib/armv6-m\libg_s.a(lib_a-lseekr.o)
 .ARM.attributes
                0x00000845       0x2c c:/freescale/kds_v3/toolchain/bin/../lib/gcc/arm-none-eabi/4.8.4/../../../../arm-none-eabi/lib/armv6-m\libg_s.a(lib_a-readr.o)
 .ARM.attributes
                0x00000871       0x2c c:/freescale/kds_v3/toolchain/bin/../lib/gcc/arm-none-eabi/4.8.4/../../../../arm-none-eabi/lib/armv6-m\libg_s.a(lib_a-reent.o)
 .ARM.attributes
                0x0000089d       0x2c c:/freescale/kds_v3/toolchain/bin/../lib/gcc/arm-none-eabi/4.8.4/../../../../arm-none-eabi/lib/armv6-m\libnosys.a(close.o)
 .ARM.attributes
                0x000008c9       0x2c c:/freescale/kds_v3/toolchain/bin/../lib/gcc/arm-none-eabi/4.8.4/../../../../arm-none-eabi/lib/armv6-m\libnosys.a(fstat.o)
 .ARM.attributes
                0x000008f5       0x2c c:/freescale/kds_v3/toolchain/bin/../lib/gcc/arm-none-eabi/4.8.4/../../../../arm-none-eabi/lib/armv6-m\libnosys.a(isatty.o)
 .ARM.attributes
                0x00000921       0x2c c:/freescale/kds_v3/toolchain/bin/../lib/gcc/arm-none-eabi/4.8.4/../../../../arm-none-eabi/lib/armv6-m\libnosys.a(lseek.o)
 .ARM.attributes
                0x0000094d       0x2c c:/freescale/kds_v3/toolchain/bin/../lib/gcc/arm-none-eabi/4.8.4/../../../../arm-none-eabi/lib/armv6-m\libnosys.a(read.o)
 .ARM.attributes
                0x00000979       0x2c c:/freescale/kds_v3/toolchain/bin/../lib/gcc/arm-none-eabi/4.8.4/../../../../arm-none-eabi/lib/armv6-m\libnosys.a(sbrk.o)
 .ARM.attributes
                0x000009a5       0x2c c:/freescale/kds_v3/toolchain/bin/../lib/gcc/arm-none-eabi/4.8.4/../../../../arm-none-eabi/lib/armv6-m\libnosys.a(write.o)
 .ARM.attributes
                0x000009d1       0x2c c:/freescale/kds_v3/toolchain/bin/../lib/gcc/arm-none-eabi/4.8.4/../../../../arm-none-eabi/lib/armv6-m\libnosys.a(_exit.o)
 .ARM.attributes
                0x000009fd       0x1e c:/freescale/kds_v3/toolchain/bin/../lib/gcc/arm-none-eabi/4.8.4/armv6-m/crtn.o
OUTPUT(AlarmEmiter.elf elf32-littlearm)

.debug_info     0x00000000     0x2dfc
 .debug_info    0x00000000      0x750 ./Static_Code/System/CPU_Init.o
 .debug_info    0x00000750      0x459 ./Static_Code/System/Vectors.o
 .debug_info    0x00000ba9      0x155 ./Sources/Events.o
 .debug_info    0x00000cfe      0x30c ./Sources/main.o
 .debug_info    0x0000100a      0x20a ./Project_Settings/Startup_Code/startup.o
 .debug_info    0x00001214      0x3c1 ./Generated_Code/AD1.o
 .debug_info    0x000015d5      0x683 ./Generated_Code/AdcLdd1.o
 .debug_info    0x00001c58      0x2e1 ./Generated_Code/BitsIoLdd1.o
 .debug_info    0x00001f39      0x99f ./Generated_Code/CAN1.o
 .debug_info    0x000028d8       0xa7 ./Generated_Code/Cpu.o
 .debug_info    0x0000297f       0xa7 ./Generated_Code/MCUC1.o
 .debug_info    0x00002a26      0x251 ./Generated_Code/PE_LDD.o
 .debug_info    0x00002c77      0x185 ./Generated_Code/WAIT.o

.debug_abbrev   0x00000000      0xebb
 .debug_abbrev  0x00000000      0x1d5 ./Static_Code/System/CPU_Init.o
 .debug_abbrev  0x000001d5       0xd8 ./Static_Code/System/Vectors.o
 .debug_abbrev  0x000002ad       0xb4 ./Sources/Events.o
 .debug_abbrev  0x00000361      0x184 ./Sources/main.o
 .debug_abbrev  0x000004e5      0x11e ./Project_Settings/Startup_Code/startup.o
 .debug_abbrev  0x00000603      0x19a ./Generated_Code/AD1.o
 .debug_abbrev  0x0000079d      0x1b4 ./Generated_Code/AdcLdd1.o
 .debug_abbrev  0x00000951      0x114 ./Generated_Code/BitsIoLdd1.o
 .debug_abbrev  0x00000a65      0x1e5 ./Generated_Code/CAN1.o
 .debug_abbrev  0x00000c4a       0x45 ./Generated_Code/Cpu.o
 .debug_abbrev  0x00000c8f       0x45 ./Generated_Code/MCUC1.o
 .debug_abbrev  0x00000cd4      0x10d ./Generated_Code/PE_LDD.o
 .debug_abbrev  0x00000de1       0xda ./Generated_Code/WAIT.o

.debug_aranges  0x00000000      0x480
 .debug_aranges
                0x00000000       0x38 ./Static_Code/System/CPU_Init.o
 .debug_aranges
                0x00000038      0x190 ./Static_Code/System/Vectors.o
 .debug_aranges
                0x000001c8       0x38 ./Sources/Events.o
 .debug_aranges
                0x00000200       0x40 ./Sources/main.o
 .debug_aranges
                0x00000240       0x50 ./Project_Settings/Startup_Code/startup.o
 .debug_aranges
                0x00000290       0x58 ./Generated_Code/AD1.o
 .debug_aranges
                0x000002e8       0x50 ./Generated_Code/AdcLdd1.o
 .debug_aranges
                0x00000338       0x38 ./Generated_Code/BitsIoLdd1.o
 .debug_aranges
                0x00000370       0x48 ./Generated_Code/CAN1.o
 .debug_aranges
                0x000003b8       0x28 ./Generated_Code/Cpu.o
 .debug_aranges
                0x000003e0       0x28 ./Generated_Code/MCUC1.o
 .debug_aranges
                0x00000408       0x30 ./Generated_Code/PE_LDD.o
 .debug_aranges
                0x00000438       0x48 ./Generated_Code/WAIT.o

.debug_ranges   0x00000000      0x3b0
 .debug_ranges  0x00000000       0x28 ./Static_Code/System/CPU_Init.o
 .debug_ranges  0x00000028      0x180 ./Static_Code/System/Vectors.o
 .debug_ranges  0x000001a8       0x28 ./Sources/Events.o
 .debug_ranges  0x000001d0       0x30 ./Sources/main.o
 .debug_ranges  0x00000200       0x40 ./Project_Settings/Startup_Code/startup.o
 .debug_ranges  0x00000240       0x48 ./Generated_Code/AD1.o
 .debug_ranges  0x00000288       0x40 ./Generated_Code/AdcLdd1.o
 .debug_ranges  0x000002c8       0x28 ./Generated_Code/BitsIoLdd1.o
 .debug_ranges  0x000002f0       0x38 ./Generated_Code/CAN1.o
 .debug_ranges  0x00000328       0x18 ./Generated_Code/Cpu.o
 .debug_ranges  0x00000340       0x18 ./Generated_Code/MCUC1.o
 .debug_ranges  0x00000358       0x20 ./Generated_Code/PE_LDD.o
 .debug_ranges  0x00000378       0x38 ./Generated_Code/WAIT.o

.debug_macro    0x00000000    0x15e72
 .debug_macro   0x00000000      0x1c3 ./Static_Code/System/CPU_Init.o
 .debug_macro   0x000001c3      0x802 ./Static_Code/System/CPU_Init.o
 .debug_macro   0x000009c5       0x16 ./Static_Code/System/CPU_Init.o
 .debug_macro   0x000009db       0x44 ./Static_Code/System/CPU_Init.o
 .debug_macro   0x00000a1f      0x209 ./Static_Code/System/CPU_Init.o
 .debug_macro   0x00000c28     0x1599 ./Static_Code/System/CPU_Init.o
 .debug_macro   0x000021c1     0x539e ./Static_Code/System/CPU_Init.o
 .debug_macro   0x0000755f      0x2d6 ./Static_Code/System/CPU_Init.o
 .debug_macro   0x00007835      0x14e ./Static_Code/System/CPU_Init.o
 .debug_macro   0x00007983       0x5e ./Static_Code/System/CPU_Init.o
 .debug_macro   0x000079e1       0xd5 ./Static_Code/System/CPU_Init.o
 .debug_macro   0x00007ab6       0x58 ./Static_Code/System/CPU_Init.o
 .debug_macro   0x00007b0e       0x35 ./Static_Code/System/CPU_Init.o
 .debug_macro   0x00007b43       0xa3 ./Static_Code/System/CPU_Init.o
 .debug_macro   0x00007be6       0x16 ./Static_Code/System/CPU_Init.o
 .debug_macro   0x00007bfc       0x16 ./Static_Code/System/CPU_Init.o
 .debug_macro   0x00007c12       0x37 ./Static_Code/System/CPU_Init.o
 .debug_macro   0x00007c49       0x12 ./Static_Code/System/CPU_Init.o
 .debug_macro   0x00007c5b       0x94 ./Static_Code/System/CPU_Init.o
 .debug_macro   0x00007cef      0x12c ./Static_Code/System/CPU_Init.o
 .debug_macro   0x00007e1b       0x46 ./Static_Code/System/CPU_Init.o
 .debug_macro   0x00007e61       0x11 ./Static_Code/System/CPU_Init.o
 .debug_macro   0x00007e72      0x5cf ./Static_Code/System/CPU_Init.o
 .debug_macro   0x00008441       0x6d ./Static_Code/System/CPU_Init.o
 .debug_macro   0x000084ae       0x10 ./Static_Code/System/CPU_Init.o
 .debug_macro   0x000084be      0x1d0 ./Static_Code/System/Vectors.o
 .debug_macro   0x0000868e      0x12a ./Static_Code/System/Vectors.o
 .debug_macro   0x000087b8      0x27b ./Sources/Events.o
 .debug_macro   0x00008a33      0x2d3 ./Sources/Events.o
 .debug_macro   0x00008d06      0x109 ./Sources/Events.o
 .debug_macro   0x00008e0f      0x6a6 ./Sources/Events.o
 .debug_macro   0x000094b5      0x223 ./Sources/Events.o
 .debug_macro   0x000096d8      0x299 ./Sources/Events.o
 .debug_macro   0x00009971       0x65 ./Sources/Events.o
 .debug_macro   0x000099d6      0x20f ./Sources/Events.o
 .debug_macro   0x00009be5      0x13f ./Sources/Events.o
 .debug_macro   0x00009d24      0x63a ./Sources/Events.o
 .debug_macro   0x0000a35e     0x266f ./Sources/Events.o
 .debug_macro   0x0000c9cd       0xbb ./Sources/Events.o
 .debug_macro   0x0000ca88       0xe9 ./Sources/Events.o
 .debug_macro   0x0000cb71      0x4ea ./Sources/Events.o
 .debug_macro   0x0000d05b      0x13a ./Sources/Events.o
 .debug_macro   0x0000d195       0xb8 ./Sources/Events.o
 .debug_macro   0x0000d24d      0x179 ./Sources/Events.o
 .debug_macro   0x0000d3c6      0x987 ./Sources/Events.o
 .debug_macro   0x0000dd4d      0x648 ./Sources/Events.o
 .debug_macro   0x0000e395       0x86 ./Sources/Events.o
 .debug_macro   0x0000e41b      0x7b8 ./Sources/Events.o
 .debug_macro   0x0000ebd3      0x162 ./Sources/Events.o
 .debug_macro   0x0000ed35      0x293 ./Sources/main.o
 .debug_macro   0x0000efc8      0x121 ./Project_Settings/Startup_Code/startup.o
 .debug_macro   0x0000f0e9      0x166 ./Project_Settings/Startup_Code/startup.o
 .debug_macro   0x0000f24f       0x4a ./Project_Settings/Startup_Code/startup.o
 .debug_macro   0x0000f299       0x52 ./Project_Settings/Startup_Code/startup.o
 .debug_macro   0x0000f2eb       0x16 ./Project_Settings/Startup_Code/startup.o
 .debug_macro   0x0000f301       0x43 ./Project_Settings/Startup_Code/startup.o
 .debug_macro   0x0000f344      0x180 ./Project_Settings/Startup_Code/startup.o
 .debug_macro   0x0000f4c4      0x2a6 ./Project_Settings/Startup_Code/startup.o
 .debug_macro   0x0000f76a       0x10 ./Project_Settings/Startup_Code/startup.o
 .debug_macro   0x0000f77a       0x35 ./Project_Settings/Startup_Code/startup.o
 .debug_macro   0x0000f7af       0x16 ./Project_Settings/Startup_Code/startup.o
 .debug_macro   0x0000f7c5       0x22 ./Project_Settings/Startup_Code/startup.o
 .debug_macro   0x0000f7e7       0x10 ./Project_Settings/Startup_Code/startup.o
 .debug_macro   0x0000f7f7      0x20f ./Project_Settings/Startup_Code/startup.o
 .debug_macro   0x0000fa06     0x5392 ./Project_Settings/Startup_Code/startup.o
 .debug_macro   0x00014d98      0x1cf ./Generated_Code/AD1.o
 .debug_macro   0x00014f67      0x122 ./Generated_Code/AdcLdd1.o
 .debug_macro   0x00015089      0x5c9 ./Generated_Code/AdcLdd1.o
 .debug_macro   0x00015652       0xfa ./Generated_Code/BitsIoLdd1.o
 .debug_macro   0x0001574c      0x1ed ./Generated_Code/CAN1.o
 .debug_macro   0x00015939      0x1c5 ./Generated_Code/Cpu.o
 .debug_macro   0x00015afe       0xe6 ./Generated_Code/MCUC1.o
 .debug_macro   0x00015be4      0x190 ./Generated_Code/PE_LDD.o
 .debug_macro   0x00015d74       0xfe ./Generated_Code/WAIT.o

.debug_line     0x00000000     0x3bbd
 .debug_line    0x00000000      0x4d9 ./Static_Code/System/CPU_Init.o
 .debug_line    0x000004d9      0x74f ./Static_Code/System/Vectors.o
 .debug_line    0x00000c28      0x524 ./Sources/Events.o
 .debug_line    0x0000114c      0x5b5 ./Sources/main.o
 .debug_line    0x00001701      0x3c2 ./Project_Settings/Startup_Code/startup.o
 .debug_line    0x00001ac3      0x4f4 ./Generated_Code/AD1.o
 .debug_line    0x00001fb7      0x441 ./Generated_Code/AdcLdd1.o
 .debug_line    0x000023f8      0x375 ./Generated_Code/BitsIoLdd1.o
 .debug_line    0x0000276d      0x57d ./Generated_Code/CAN1.o
 .debug_line    0x00002cea      0x45c ./Generated_Code/Cpu.o
 .debug_line    0x00003146      0x2f1 ./Generated_Code/MCUC1.o
 .debug_line    0x00003437      0x40b ./Generated_Code/PE_LDD.o
 .debug_line    0x00003842      0x37b ./Generated_Code/WAIT.o

.debug_str      0x00000000    0x8acc8
 .debug_str     0x00000000    0x2cd00 ./Static_Code/System/CPU_Init.o
                              0x2d0fe (size before relaxing)
 .debug_str     0x0002cd00      0xc06 ./Static_Code/System/Vectors.o
                              0x2d94d (size before relaxing)
 .debug_str     0x0002d906    0x5a4bf ./Sources/Events.o
                              0x871b8 (size before relaxing)
 .debug_str     0x00087dc5      0x1aa ./Sources/main.o
                              0x87337 (size before relaxing)
 .debug_str     0x00087f6f     0x21a2 ./Project_Settings/Startup_Code/startup.o
                              0x20e44 (size before relaxing)
 .debug_str     0x0008a111      0x172 ./Generated_Code/AD1.o
                              0x2ceee (size before relaxing)
 .debug_str     0x0008a283      0x312 ./Generated_Code/AdcLdd1.o
                              0x2ba2a (size before relaxing)
 .debug_str     0x0008a595       0xfc ./Generated_Code/BitsIoLdd1.o
                              0x27638 (size before relaxing)
 .debug_str     0x0008a691      0x3dd ./Generated_Code/CAN1.o
                              0x33b97 (size before relaxing)
 .debug_str     0x0008aa6e       0x28 ./Generated_Code/Cpu.o
                              0x2cd24 (size before relaxing)
 .debug_str     0x0008aa96       0x32 ./Generated_Code/MCUC1.o
                              0x26d25 (size before relaxing)
 .debug_str     0x0008aac8      0x166 ./Generated_Code/PE_LDD.o
                              0x2cebd (size before relaxing)
 .debug_str     0x0008ac2e       0x9a ./Generated_Code/WAIT.o
                              0x271d6 (size before relaxing)

.comment        0x00000000       0x70
 .comment       0x00000000       0x70 ./Static_Code/System/CPU_Init.o
                                 0x71 (size before relaxing)
 .comment       0x00000000       0x71 ./Static_Code/System/Vectors.o
 .comment       0x00000000       0x71 ./Sources/Events.o
 .comment       0x00000000       0x71 ./Sources/main.o
 .comment       0x00000000       0x71 ./Project_Settings/Startup_Code/startup.o
 .comment       0x00000000       0x71 ./Generated_Code/AD1.o
 .comment       0x00000000       0x71 ./Generated_Code/AdcLdd1.o
 .comment       0x00000000       0x71 ./Generated_Code/BitsIoLdd1.o
 .comment       0x00000000       0x71 ./Generated_Code/CAN1.o
 .comment       0x00000000       0x71 ./Generated_Code/Cpu.o
 .comment       0x00000000       0x71 ./Generated_Code/MCUC1.o
 .comment       0x00000000       0x71 ./Generated_Code/PE_LDD.o
 .comment       0x00000000       0x71 ./Generated_Code/WAIT.o

.debug_frame    0x00000000     0x15b8
 .debug_frame   0x00000000       0x84 ./Static_Code/System/CPU_Init.o
 .debug_frame   0x00000084      0x534 ./Static_Code/System/Vectors.o
 .debug_frame   0x000005b8       0x88 ./Sources/Events.o
 .debug_frame   0x00000640       0xb4 ./Sources/main.o
 .debug_frame   0x000006f4       0xd0 ./Project_Settings/Startup_Code/startup.o
 .debug_frame   0x000007c4      0x104 ./Generated_Code/AD1.o
 .debug_frame   0x000008c8       0xf0 ./Generated_Code/AdcLdd1.o
 .debug_frame   0x000009b8       0x90 ./Generated_Code/BitsIoLdd1.o
 .debug_frame   0x00000a48       0xd0 ./Generated_Code/CAN1.o
 .debug_frame   0x00000b18       0x48 ./Generated_Code/Cpu.o
 .debug_frame   0x00000b60       0x48 ./Generated_Code/MCUC1.o
 .debug_frame   0x00000ba8       0x6c ./Generated_Code/PE_LDD.o
 .debug_frame   0x00000c14       0xac ./Generated_Code/WAIT.o
 .debug_frame   0x00000cc0       0x20 c:/freescale/kds_v3/toolchain/bin/../lib/gcc/arm-none-eabi/4.8.4/armv6-m\libgcc.a(_udivsi3.o)
 .debug_frame   0x00000ce0       0x3c c:/freescale/kds_v3/toolchain/bin/../lib/gcc/arm-none-eabi/4.8.4/armv6-m\libgcc.a(divdf3.o)
 .debug_frame   0x00000d1c       0x3c c:/freescale/kds_v3/toolchain/bin/../lib/gcc/arm-none-eabi/4.8.4/armv6-m\libgcc.a(muldf3.o)
 .debug_frame   0x00000d58       0x30 c:/freescale/kds_v3/toolchain/bin/../lib/gcc/arm-none-eabi/4.8.4/armv6-m\libgcc.a(floatsidf.o)
 .debug_frame   0x00000d88       0x2c c:/freescale/kds_v3/toolchain/bin/../lib/gcc/arm-none-eabi/4.8.4/armv6-m\libgcc.a(extendsfdf2.o)
 .debug_frame   0x00000db4       0x30 c:/freescale/kds_v3/toolchain/bin/../lib/gcc/arm-none-eabi/4.8.4/armv6-m\libgcc.a(truncdfsf2.o)
 .debug_frame   0x00000de4       0x28 c:/freescale/kds_v3/toolchain/bin/../lib/gcc/arm-none-eabi/4.8.4/../../../../arm-none-eabi/lib/armv6-m\libg_s.a(lib_a-exit.o)
 .debug_frame   0x00000e0c       0x2c c:/freescale/kds_v3/toolchain/bin/../lib/gcc/arm-none-eabi/4.8.4/../../../../arm-none-eabi/lib/armv6-m\libg_s.a(lib_a-init.o)
 .debug_frame   0x00000e38       0x28 c:/freescale/kds_v3/toolchain/bin/../lib/gcc/arm-none-eabi/4.8.4/../../../../arm-none-eabi/lib/armv6-m\libg_s.a(lib_a-memcpy-stub.o)
 .debug_frame   0x00000e60       0x20 c:/freescale/kds_v3/toolchain/bin/../lib/gcc/arm-none-eabi/4.8.4/../../../../arm-none-eabi/lib/armv6-m\libg_s.a(lib_a-memset.o)
 .debug_frame   0x00000e80       0x50 c:/freescale/kds_v3/toolchain/bin/../lib/gcc/arm-none-eabi/4.8.4/../../../../arm-none-eabi/lib/armv6-m\libg_s.a(lib_a-printf.o)
 .debug_frame   0x00000ed0       0xa0 c:/freescale/kds_v3/toolchain/bin/../lib/gcc/arm-none-eabi/4.8.4/../../../../arm-none-eabi/lib/armv6-m\libg_s.a(lib_a-vfprintf.o)
 .debug_frame   0x00000f70       0x54 c:/freescale/kds_v3/toolchain/bin/../lib/gcc/arm-none-eabi/4.8.4/../../../../arm-none-eabi/lib/armv6-m\libg_s.a(lib_a-vfprintf_i.o)
 .debug_frame   0x00000fc4       0x44 c:/freescale/kds_v3/toolchain/bin/../lib/gcc/arm-none-eabi/4.8.4/../../../../arm-none-eabi/lib/armv6-m\libg_s.a(lib_a-wbuf.o)
 .debug_frame   0x00001008       0x2c c:/freescale/kds_v3/toolchain/bin/../lib/gcc/arm-none-eabi/4.8.4/../../../../arm-none-eabi/lib/armv6-m\libg_s.a(lib_a-wsetup.o)
 .debug_frame   0x00001034       0x68 c:/freescale/kds_v3/toolchain/bin/../lib/gcc/arm-none-eabi/4.8.4/../../../../arm-none-eabi/lib/armv6-m\libg_s.a(lib_a-fflush.o)
 .debug_frame   0x0000109c      0x148 c:/freescale/kds_v3/toolchain/bin/../lib/gcc/arm-none-eabi/4.8.4/../../../../arm-none-eabi/lib/armv6-m\libg_s.a(lib_a-findfp.o)
 .debug_frame   0x000011e4       0x30 c:/freescale/kds_v3/toolchain/bin/../lib/gcc/arm-none-eabi/4.8.4/../../../../arm-none-eabi/lib/armv6-m\libg_s.a(lib_a-makebuf.o)
 .debug_frame   0x00001214       0x20 c:/freescale/kds_v3/toolchain/bin/../lib/gcc/arm-none-eabi/4.8.4/../../../../arm-none-eabi/lib/armv6-m\libg_s.a(lib_a-memchr-stub.o)
 .debug_frame   0x00001234       0x2c c:/freescale/kds_v3/toolchain/bin/../lib/gcc/arm-none-eabi/4.8.4/../../../../arm-none-eabi/lib/armv6-m\libg_s.a(lib_a-nano-freer.o)
 .debug_frame   0x00001260       0x2c c:/freescale/kds_v3/toolchain/bin/../lib/gcc/arm-none-eabi/4.8.4/../../../../arm-none-eabi/lib/armv6-m\libg_s.a(lib_a-nano-mallocr.o)
 .debug_frame   0x0000128c       0x2c c:/freescale/kds_v3/toolchain/bin/../lib/gcc/arm-none-eabi/4.8.4/../../../../arm-none-eabi/lib/armv6-m\libg_s.a(lib_a-sbrkr.o)
 .debug_frame   0x000012b8       0x90 c:/freescale/kds_v3/toolchain/bin/../lib/gcc/arm-none-eabi/4.8.4/../../../../arm-none-eabi/lib/armv6-m\libg_s.a(lib_a-stdio.o)
 .debug_frame   0x00001348       0x20 c:/freescale/kds_v3/toolchain/bin/../lib/gcc/arm-none-eabi/4.8.4/../../../../arm-none-eabi/lib/armv6-m\libg_s.a(lib_a-strlen.o)
 .debug_frame   0x00001368       0x2c c:/freescale/kds_v3/toolchain/bin/../lib/gcc/arm-none-eabi/4.8.4/../../../../arm-none-eabi/lib/armv6-m\libg_s.a(lib_a-writer.o)
 .debug_frame   0x00001394       0x2c c:/freescale/kds_v3/toolchain/bin/../lib/gcc/arm-none-eabi/4.8.4/../../../../arm-none-eabi/lib/armv6-m\libg_s.a(lib_a-closer.o)
 .debug_frame   0x000013c0       0x2c c:/freescale/kds_v3/toolchain/bin/../lib/gcc/arm-none-eabi/4.8.4/../../../../arm-none-eabi/lib/armv6-m\libg_s.a(lib_a-fstatr.o)
 .debug_frame   0x000013ec       0x2c c:/freescale/kds_v3/toolchain/bin/../lib/gcc/arm-none-eabi/4.8.4/../../../../arm-none-eabi/lib/armv6-m\libg_s.a(lib_a-isattyr.o)
 .debug_frame   0x00001418       0x2c c:/freescale/kds_v3/toolchain/bin/../lib/gcc/arm-none-eabi/4.8.4/../../../../arm-none-eabi/lib/armv6-m\libg_s.a(lib_a-lseekr.o)
 .debug_frame   0x00001444       0x2c c:/freescale/kds_v3/toolchain/bin/../lib/gcc/arm-none-eabi/4.8.4/../../../../arm-none-eabi/lib/armv6-m\libg_s.a(lib_a-readr.o)
 .debug_frame   0x00001470       0x48 c:/freescale/kds_v3/toolchain/bin/../lib/gcc/arm-none-eabi/4.8.4/../../../../arm-none-eabi/lib/armv6-m\libg_s.a(lib_a-reent.o)
 .debug_frame   0x000014b8       0x20 c:/freescale/kds_v3/toolchain/bin/../lib/gcc/arm-none-eabi/4.8.4/../../../../arm-none-eabi/lib/armv6-m\libnosys.a(close.o)
 .debug_frame   0x000014d8       0x20 c:/freescale/kds_v3/toolchain/bin/../lib/gcc/arm-none-eabi/4.8.4/../../../../arm-none-eabi/lib/armv6-m\libnosys.a(fstat.o)
 .debug_frame   0x000014f8       0x20 c:/freescale/kds_v3/toolchain/bin/../lib/gcc/arm-none-eabi/4.8.4/../../../../arm-none-eabi/lib/armv6-m\libnosys.a(isatty.o)
 .debug_frame   0x00001518       0x20 c:/freescale/kds_v3/toolchain/bin/../lib/gcc/arm-none-eabi/4.8.4/../../../../arm-none-eabi/lib/armv6-m\libnosys.a(lseek.o)
 .debug_frame   0x00001538       0x20 c:/freescale/kds_v3/toolchain/bin/../lib/gcc/arm-none-eabi/4.8.4/../../../../arm-none-eabi/lib/armv6-m\libnosys.a(read.o)
 .debug_frame   0x00001558       0x20 c:/freescale/kds_v3/toolchain/bin/../lib/gcc/arm-none-eabi/4.8.4/../../../../arm-none-eabi/lib/armv6-m\libnosys.a(sbrk.o)
 .debug_frame   0x00001578       0x20 c:/freescale/kds_v3/toolchain/bin/../lib/gcc/arm-none-eabi/4.8.4/../../../../arm-none-eabi/lib/armv6-m\libnosys.a(write.o)
 .debug_frame   0x00001598       0x20 c:/freescale/kds_v3/toolchain/bin/../lib/gcc/arm-none-eabi/4.8.4/../../../../arm-none-eabi/lib/armv6-m\libnosys.a(_exit.o)

.stab           0x00000000       0x9c
 .stab          0x00000000       0x24 c:/freescale/kds_v3/toolchain/bin/../lib/gcc/arm-none-eabi/4.8.4/../../../../arm-none-eabi/lib/armv6-m\libnosys.a(close.o)
 .stab          0x00000024       0x18 c:/freescale/kds_v3/toolchain/bin/../lib/gcc/arm-none-eabi/4.8.4/../../../../arm-none-eabi/lib/armv6-m\libnosys.a(fstat.o)
                                 0x24 (size before relaxing)
 .stab          0x0000003c       0x18 c:/freescale/kds_v3/toolchain/bin/../lib/gcc/arm-none-eabi/4.8.4/../../../../arm-none-eabi/lib/armv6-m\libnosys.a(isatty.o)
                                 0x24 (size before relaxing)
 .stab          0x00000054       0x18 c:/freescale/kds_v3/toolchain/bin/../lib/gcc/arm-none-eabi/4.8.4/../../../../arm-none-eabi/lib/armv6-m\libnosys.a(lseek.o)
                                 0x24 (size before relaxing)
 .stab          0x0000006c       0x18 c:/freescale/kds_v3/toolchain/bin/../lib/gcc/arm-none-eabi/4.8.4/../../../../arm-none-eabi/lib/armv6-m\libnosys.a(read.o)
                                 0x24 (size before relaxing)
 .stab          0x00000084       0x18 c:/freescale/kds_v3/toolchain/bin/../lib/gcc/arm-none-eabi/4.8.4/../../../../arm-none-eabi/lib/armv6-m\libnosys.a(write.o)
                                 0x24 (size before relaxing)

.stabstr        0x00000000      0x14d
 .stabstr       0x00000000      0x14d c:/freescale/kds_v3/toolchain/bin/../lib/gcc/arm-none-eabi/4.8.4/../../../../arm-none-eabi/lib/armv6-m\libnosys.a(close.o)
