Archive member included because of file (symbol)

c:/freescale/kds_v3/toolchain/bin/../lib/gcc/arm-none-eabi/4.8.4/armv6-m\libgcc.a(_udivsi3.o)
                              ./Generated_Code/AD1.o (__aeabi_uidiv)
c:/freescale/kds_v3/toolchain/bin/../lib/gcc/arm-none-eabi/4.8.4/armv6-m\libgcc.a(_divsi3.o)
                              ./Generated_Code/UTIL1.o (__aeabi_idiv)
c:/freescale/kds_v3/toolchain/bin/../lib/gcc/arm-none-eabi/4.8.4/armv6-m\libgcc.a(_dvmd_tls.o)
                              c:/freescale/kds_v3/toolchain/bin/../lib/gcc/arm-none-eabi/4.8.4/armv6-m\libgcc.a(_udivsi3.o) (__aeabi_idiv0)
c:/freescale/kds_v3/toolchain/bin/../lib/gcc/arm-none-eabi/4.8.4/armv6-m\libgcc.a(_arm_cmpsf2.o)
                              ./Generated_Code/PpgLdd1.o (__aeabi_fcmplt)
c:/freescale/kds_v3/toolchain/bin/../lib/gcc/arm-none-eabi/4.8.4/armv6-m\libgcc.a(_aeabi_ldivmod.o)
                              ./Generated_Code/UTIL1.o (__aeabi_ldivmod)
c:/freescale/kds_v3/toolchain/bin/../lib/gcc/arm-none-eabi/4.8.4/armv6-m\libgcc.a(_muldi3.o)
                              ./Generated_Code/UTIL1.o (__aeabi_lmul)
c:/freescale/kds_v3/toolchain/bin/../lib/gcc/arm-none-eabi/4.8.4/armv6-m\libgcc.a(_fixunssfsi.o)
                              ./Generated_Code/PpgLdd1.o (__aeabi_f2uiz)
c:/freescale/kds_v3/toolchain/bin/../lib/gcc/arm-none-eabi/4.8.4/armv6-m\libgcc.a(bpabi.o)
                              c:/freescale/kds_v3/toolchain/bin/../lib/gcc/arm-none-eabi/4.8.4/armv6-m\libgcc.a(_aeabi_ldivmod.o) (__gnu_ldivmod_helper)
c:/freescale/kds_v3/toolchain/bin/../lib/gcc/arm-none-eabi/4.8.4/armv6-m\libgcc.a(divsf3.o)
                              ./Generated_Code/PpgLdd1.o (__aeabi_fdiv)
c:/freescale/kds_v3/toolchain/bin/../lib/gcc/arm-none-eabi/4.8.4/armv6-m\libgcc.a(eqsf2.o)
                              c:/freescale/kds_v3/toolchain/bin/../lib/gcc/arm-none-eabi/4.8.4/armv6-m\libgcc.a(_arm_cmpsf2.o) (__eqsf2)
c:/freescale/kds_v3/toolchain/bin/../lib/gcc/arm-none-eabi/4.8.4/armv6-m\libgcc.a(gesf2.o)
                              c:/freescale/kds_v3/toolchain/bin/../lib/gcc/arm-none-eabi/4.8.4/armv6-m\libgcc.a(_arm_cmpsf2.o) (__gesf2)
c:/freescale/kds_v3/toolchain/bin/../lib/gcc/arm-none-eabi/4.8.4/armv6-m\libgcc.a(lesf2.o)
                              c:/freescale/kds_v3/toolchain/bin/../lib/gcc/arm-none-eabi/4.8.4/armv6-m\libgcc.a(_arm_cmpsf2.o) (__lesf2)
c:/freescale/kds_v3/toolchain/bin/../lib/gcc/arm-none-eabi/4.8.4/armv6-m\libgcc.a(mulsf3.o)
                              ./Generated_Code/PpgLdd1.o (__aeabi_fmul)
c:/freescale/kds_v3/toolchain/bin/../lib/gcc/arm-none-eabi/4.8.4/armv6-m\libgcc.a(subsf3.o)
                              ./Generated_Code/UTIL1.o (__aeabi_fsub)
c:/freescale/kds_v3/toolchain/bin/../lib/gcc/arm-none-eabi/4.8.4/armv6-m\libgcc.a(fixsfsi.o)
                              ./Generated_Code/UTIL1.o (__aeabi_f2iz)
c:/freescale/kds_v3/toolchain/bin/../lib/gcc/arm-none-eabi/4.8.4/armv6-m\libgcc.a(floatsisf.o)
                              ./Generated_Code/PpgLdd1.o (__aeabi_i2f)
c:/freescale/kds_v3/toolchain/bin/../lib/gcc/arm-none-eabi/4.8.4/armv6-m\libgcc.a(floatunsisf.o)
                              ./Generated_Code/PpgLdd1.o (__aeabi_ui2f)
c:/freescale/kds_v3/toolchain/bin/../lib/gcc/arm-none-eabi/4.8.4/armv6-m\libgcc.a(divdf3.o)
                              ./Sources/main.o (__aeabi_ddiv)
c:/freescale/kds_v3/toolchain/bin/../lib/gcc/arm-none-eabi/4.8.4/armv6-m\libgcc.a(muldf3.o)
                              ./Sources/main.o (__aeabi_dmul)
c:/freescale/kds_v3/toolchain/bin/../lib/gcc/arm-none-eabi/4.8.4/armv6-m\libgcc.a(floatsidf.o)
                              ./Sources/main.o (__aeabi_i2d)
c:/freescale/kds_v3/toolchain/bin/../lib/gcc/arm-none-eabi/4.8.4/armv6-m\libgcc.a(truncdfsf2.o)
                              ./Sources/main.o (__aeabi_d2f)
c:/freescale/kds_v3/toolchain/bin/../lib/gcc/arm-none-eabi/4.8.4/armv6-m\libgcc.a(_clzsi2.o)
                              c:/freescale/kds_v3/toolchain/bin/../lib/gcc/arm-none-eabi/4.8.4/armv6-m\libgcc.a(divsf3.o) (__clzsi2)
c:/freescale/kds_v3/toolchain/bin/../lib/gcc/arm-none-eabi/4.8.4/armv6-m\libgcc.a(_divdi3.o)
                              c:/freescale/kds_v3/toolchain/bin/../lib/gcc/arm-none-eabi/4.8.4/armv6-m\libgcc.a(bpabi.o) (__divdi3)
c:/freescale/kds_v3/toolchain/bin/../lib/gcc/arm-none-eabi/4.8.4/armv6-m\libgcc.a(_udivdi3.o)
                              c:/freescale/kds_v3/toolchain/bin/../lib/gcc/arm-none-eabi/4.8.4/armv6-m\libgcc.a(bpabi.o) (__udivdi3)
c:/freescale/kds_v3/toolchain/bin/../lib/gcc/arm-none-eabi/4.8.4/../../../../arm-none-eabi/lib/armv6-m\libg_s.a(lib_a-exit.o)
                              c:/freescale/kds_v3/toolchain/bin/../lib/gcc/arm-none-eabi/4.8.4/../../../../arm-none-eabi/lib/armv6-m/rdimon-crt0.o (exit)
c:/freescale/kds_v3/toolchain/bin/../lib/gcc/arm-none-eabi/4.8.4/../../../../arm-none-eabi/lib/armv6-m\libg_s.a(lib_a-impure.o)
[...]
Memory Configuration

Name             Origin             Length             Attributes
m_interrupts     0x00000000         0x000000c0         xr
m_text           0x00000410         0x0001fbf0         xr
m_data           0x1ffff000         0x00004000         rw
m_cfmprotrom     0x00000400         0x00000010         xr
*default*        0x00000000         0xffffffff

Linker script and memory map

LOAD c:/freescale/kds_v3/toolchain/bin/../lib/gcc/arm-none-eabi/4.8.4/armv6-m/crti.o
LOAD c:/freescale/kds_v3/toolchain/bin/../lib/gcc/arm-none-eabi/4.8.4/armv6-m/crtbegin.o
LOAD c:/freescale/kds_v3/toolchain/bin/../lib/gcc/arm-none-eabi/4.8.4/../../../../arm-none-eabi/lib/armv6-m/rdimon-crt0.o
LOAD ./Static_Code/System/CPU_Init.o
LOAD ./Static_Code/System/Peripherals_Init.o
LOAD ./Static_Code/System/Vectors.o
LOAD ./Sources/Events.o
LOAD ./Sources/main.o
LOAD ./Project_Settings/Startup_Code/startup.o
LOAD ./Generated_Code/AD1.o
LOAD ./Generated_Code/ASerialLdd1.o
LOAD ./Generated_Code/AdcLdd1.o
LOAD ./Generated_Code/BitsIoLdd1.o
LOAD ./Generated_Code/BitsIoLdd2.o
LOAD ./Generated_Code/Bits_Botones.o
LOAD ./Generated_Code/Bits_RGB.o
LOAD ./Generated_Code/Cpu.o
LOAD ./Generated_Code/Inhr1.o
LOAD ./Generated_Code/MCUC1.o
LOAD ./Generated_Code/PE_LDD.o
LOAD ./Generated_Code/PPG1.o
LOAD ./Generated_Code/Pins1.o
LOAD ./Generated_Code/PpgLdd1.o
LOAD ./Generated_Code/TI1.o
LOAD ./Generated_Code/TU1.o
LOAD ./Generated_Code/Term1.o
LOAD ./Generated_Code/TimerIntLdd1.o
LOAD ./Generated_Code/UTIL1.o
LOAD ./Generated_Code/WAIT.o
LOAD c:/freescale/kds_v3/toolchain/bin/../lib/gcc/arm-none-eabi/4.8.4/../../../../arm-none-eabi/lib/armv6-m\libstdc++_s.a
LOAD c:/freescale/kds_v3/toolchain/bin/../lib/gcc/arm-none-eabi/4.8.4/../../../../arm-none-eabi/lib/armv6-m\libm.a
START GROUP
LOAD c:/freescale/kds_v3/toolchain/bin/../lib/gcc/arm-none-eabi/4.8.4/armv6-m\libgcc.a
LOAD c:/freescale/kds_v3/toolchain/bin/../lib/gcc/arm-none-eabi/4.8.4/../../../../arm-none-eabi/lib/armv6-m\libg_s.a
LOAD c:/freescale/kds_v3/toolchain/bin/../lib/gcc/arm-none-eabi/4.8.4/../../../../arm-none-eabi/lib/armv6-m\libc_s.a
END GROUP
START GROUP
LOAD c:/freescale/kds_v3/toolchain/bin/../lib/gcc/arm-none-eabi/4.8.4/armv6-m\libgcc.a
LOAD c:/freescale/kds_v3/toolchain/bin/../lib/gcc/arm-none-eabi/4.8.4/../../../../arm-none-eabi/lib/armv6-m\libc_s.a
LOAD c:/freescale/kds_v3/toolchain/bin/../lib/gcc/arm-none-eabi/4.8.4/../../../../arm-none-eabi/lib/armv6-m\librdimon_s.a
END GROUP
START GROUP
LOAD c:/freescale/kds_v3/toolchain/bin/../lib/gcc/arm-none-eabi/4.8.4/armv6-m\libgcc.a
LOAD c:/freescale/kds_v3/toolchain/bin/../lib/gcc/arm-none-eabi/4.8.4/../../../../arm-none-eabi/lib/armv6-m\libc_s.a
LOAD c:/freescale/kds_v3/toolchain/bin/../lib/gcc/arm-none-eabi/4.8.4/../../../../arm-none-eabi/lib/armv6-m\librdimon_s.a
LOAD c:/freescale/kds_v3/toolchain/bin/../lib/gcc/arm-none-eabi/4.8.4/../../../../arm-none-eabi/lib/armv6-m\libnosys.a
END GROUP
START GROUP
LOAD c:/freescale/kds_v3/toolchain/bin/../lib/gcc/arm-none-eabi/4.8.4/armv6-m\libgcc.a
LOAD c:/freescale/kds_v3/toolchain/bin/../lib/gcc/arm-none-eabi/4.8.4/../../../../arm-none-eabi/lib/armv6-m\libc_s.a
LOAD c:/freescale/kds_v3/toolchain/bin/../lib/gcc/arm-none-eabi/4.8.4/../../../../arm-none-eabi/lib/armv6-m\libnosys.a
END GROUP
LOAD c:/freescale/kds_v3/toolchain/bin/../lib/gcc/arm-none-eabi/4.8.4/armv6-m/crtend.o
LOAD c:/freescale/kds_v3/toolchain/bin/../lib/gcc/arm-none-eabi/4.8.4/armv6-m/crtn.o
                0x20003000                _estack = 0x20003000
                0x20003000                __SP_INIT = _estack
                0x20003000                __stack = _estack
                0x00000000                __heap_size = 0x0
                0x00000400                __stack_size = 0x400

.interrupts     0x00000000       0xc0
                0x00000000                __vector_table = .
                0x00000000                . = ALIGN (0x4)
 *(.vectortable)
 .vectortable   0x00000000       0xc0 ./Static_Code/System/Vectors.o
                0x00000000                __vect_table
                0x000000c0                . = ALIGN (0x4)

.cfmprotect     0x00000400       0x10
                0x00000400                . = ALIGN (0x4)
 *(.cfmconfig)
 .cfmconfig     0x00000400       0x10 ./Static_Code/System/CPU_Init.o
                0x00000400                _cfm
                0x00000410                . = ALIGN (0x4)

.text           0x00000410     0x7ee8
                0x00000410                . = ALIGN (0x4)
 *(.text)
 .text          0x00000410       0x60 c:/freescale/kds_v3/toolchain/bin/../lib/gcc/arm-none-eabi/4.8.4/armv6-m/crtbegin.o
 .text          0x00000470       0xe0 c:/freescale/kds_v3/toolchain/bin/../lib/gcc/arm-none-eabi/4.8.4/../../../../arm-none-eabi/lib/armv6-m/rdimon-crt0.o
                0x00000470                _start
                0x00000470                _mainCRTStartup
 .text          0x00000550       0x9c c:/freescale/kds_v3/toolchain/bin/../lib/gcc/arm-none-eabi/4.8.4/armv6-m\libgcc.a(_udivsi3.o)
                0x00000550                __aeabi_uidiv
                0x00000550                __udivsi3
                0x000005d8                __aeabi_uidivmod
 .text          0x000005ec       0xc0 c:/freescale/kds_v3/toolchain/bin/../lib/gcc/arm-none-eabi/4.8.4/armv6-m\libgcc.a(_divsi3.o)
                0x000005ec                __divsi3
                0x000005ec                __aeabi_idiv
                0x00000698                __aeabi_idivmod
 .text          0x000006ac        0x4 c:/freescale/kds_v3/toolchain/bin/../lib/gcc/arm-none-eabi/4.8.4/armv6-m\libgcc.a(_dvmd_tls.o)
                0x000006ac                __aeabi_idiv0
                0x000006ac                __aeabi_ldiv0
 .text          0x000006b0       0x74 c:/freescale/kds_v3/toolchain/bin/../lib/gcc/arm-none-eabi/4.8.4/armv6-m\libgcc.a(_arm_cmpsf2.o)
                0x000006b0                __aeabi_cfrcmple
                0x000006b8                __aeabi_cfcmpeq
                0x000006b8                __aeabi_cfcmple
                0x000006c8                __aeabi_fcmpeq
                0x000006d4                __aeabi_fcmplt
                0x000006e8                __aeabi_fcmple
                0x000006fc                __aeabi_fcmpgt
                0x00000710                __aeabi_fcmpge
 .text          0x00000724       0x30 c:/freescale/kds_v3/toolchain/bin/../lib/gcc/arm-none-eabi/4.8.4/armv6-m\libgcc.a(_fixunssfsi.o)
                0x00000724                __fixunssfsi
                0x00000724                __aeabi_f2uiz
 .text          0x00000754      0x24c c:/freescale/kds_v3/toolchain/bin/../lib/gcc/arm-none-eabi/4.8.4/armv6-m\libgcc.a(divsf3.o)
                0x00000754                __aeabi_fdiv
 .text          0x000009a0       0x54 c:/freescale/kds_v3/toolchain/bin/../lib/gcc/arm-none-eabi/4.8.4/armv6-m\libgcc.a(eqsf2.o)
                0x000009a0                __eqsf2
                0x000009a0                __nesf2
 .text          0x000009f4       0x90 c:/freescale/kds_v3/toolchain/bin/../lib/gcc/arm-none-eabi/4.8.4/armv6-m\libgcc.a(gesf2.o)
                0x000009f4                __gesf2
                0x000009f4                __gtsf2
 .text          0x00000a84       0x98 c:/freescale/kds_v3/toolchain/bin/../lib/gcc/arm-none-eabi/4.8.4/armv6-m\libgcc.a(lesf2.o)
                0x00000a84                __ltsf2
                0x00000a84                __lesf2
 .text          0x00000b1c      0x2ec c:/freescale/kds_v3/toolchain/bin/../lib/gcc/arm-none-eabi/4.8.4/armv6-m\libgcc.a(subsf3.o)
                0x00000b1c                __aeabi_fsub
 .text          0x00000e08       0x40 c:/freescale/kds_v3/toolchain/bin/../lib/gcc/arm-none-eabi/4.8.4/armv6-m\libgcc.a(fixsfsi.o)
                0x00000e08                __aeabi_f2iz
 .text          0x00000e48       0xb8 c:/freescale/kds_v3/toolchain/bin/../lib/gcc/arm-none-eabi/4.8.4/armv6-m\libgcc.a(floatsisf.o)
                0x00000e48                __aeabi_i2f
 .text          0x00000f00      0x648 c:/freescale/kds_v3/toolchain/bin/../lib/gcc/arm-none-eabi/4.8.4/armv6-m\libgcc.a(divdf3.o)
                0x00000f00                __aeabi_ddiv
 .text          0x00001548      0x520 c:/freescale/kds_v3/toolchain/bin/../lib/gcc/arm-none-eabi/4.8.4/armv6-m\libgcc.a(muldf3.o)
                0x00001548                __aeabi_dmul
 .text          0x00001a68       0x7c c:/freescale/kds_v3/toolchain/bin/../lib/gcc/arm-none-eabi/4.8.4/armv6-m\libgcc.a(floatsidf.o)
                0x00001a68                __aeabi_i2d
 .text          0x00001ae4      0x118 c:/freescale/kds_v3/toolchain/bin/../lib/gcc/arm-none-eabi/4.8.4/armv6-m\libgcc.a(truncdfsf2.o)
                0x00001ae4                __aeabi_d2f
 .text          0x00001bfc       0x3c c:/freescale/kds_v3/toolchain/bin/../lib/gcc/arm-none-eabi/4.8.4/armv6-m\libgcc.a(_clzsi2.o)
                0x00001bfc                __clzsi2
 .text          0x00001c38       0x14 c:/freescale/kds_v3/toolchain/bin/../lib/gcc/arm-none-eabi/4.8.4/armv6-m\libgcc.a(_thumb1_case_uqi.o)
                0x00001c38                __gnu_thumb1_case_uqi
 .text          0x00001c4c       0x7c c:/freescale/kds_v3/toolchain/bin/../lib/gcc/arm-none-eabi/4.8.4/armv6-m\libgcc.a(_arm_cmpdf2.o)
                0x00001c4c                __aeabi_cdrcmple
                0x00001c5c                __aeabi_cdcmple
                0x00001c5c                __aeabi_cdcmpeq
                0x00001c6c                __aeabi_dcmpeq
                0x00001c78                __aeabi_dcmplt
                0x00001c8c                __aeabi_dcmple
                0x00001ca0                __aeabi_dcmpgt
                0x00001cb4                __aeabi_dcmpge
 .text          0x00001cc8      0x644 c:/freescale/kds_v3/toolchain/bin/../lib/gcc/arm-none-eabi/4.8.4/armv6-m\libgcc.a(adddf3.o)
                0x00001cc8                __aeabi_dadd
 .text          0x0000230c       0x94 c:/freescale/kds_v3/toolchain/bin/../lib/gcc/arm-none-eabi/4.8.4/armv6-m\libgcc.a(eqdf2.o)
                0x0000230c                __nedf2
                0x0000230c                __eqdf2
 .text          0x000023a0       0xfc c:/freescale/kds_v3/toolchain/bin/../lib/gcc/arm-none-eabi/4.8.4/armv6-m\libgcc.a(gedf2.o)
                0x000023a0                __gedf2
                0x000023a0                __gtdf2
 .text          0x0000249c       0xfc c:/freescale/kds_v3/toolchain/bin/../lib/gcc/arm-none-eabi/4.8.4/armv6-m\libgcc.a(ledf2.o)
                0x0000249c                __ledf2
                0x0000249c                __ltdf2
 .text          0x00002598      0x668 c:/freescale/kds_v3/toolchain/bin/../lib/gcc/arm-none-eabi/4.8.4/armv6-m\libgcc.a(subdf3.o)
                0x00002598                __aeabi_dsub
 .text          0x00002c00       0x68 c:/freescale/kds_v3/toolchain/bin/../lib/gcc/arm-none-eabi/4.8.4/armv6-m\libgcc.a(fixdfsi.o)
                0x00002c00                __aeabi_d2iz
 .text          0x00002c68       0x68 c:/freescale/kds_v3/toolchain/bin/../lib/gcc/arm-none-eabi/4.8.4/armv6-m\libgcc.a(floatunsidf.o)
                0x00002c68                __aeabi_ui2d
 *(.text*)
 .text.__init_hardware
                0x00002cd0       0x4c ./Static_Code/System/CPU_Init.o
                0x00002cd0                __init_hardware
 .text.PE_low_level_init
                0x00002d1c       0x44 ./Static_Code/System/CPU_Init.o
                0x00002d1c                PE_low_level_init
 .text.CPU_GetClockGenMode
                0x00002d60       0x6c ./Static_Code/System/CPU_Init.o
                0x00002d60                CPU_GetClockGenMode
 .text.CPU_SetClockConfigGenMode
                0x00002dcc      0x280 ./Static_Code/System/CPU_Init.o
                0x00002dcc                CPU_SetClockConfigGenMode
 .text.UnhandledInterrupt
                0x0000304c        0xc ./Static_Code/System/Vectors.o
                0x0000304c                UnhandledInterrupt
 .text.Cpu_OnNMI
                0x00003058        0x8 ./Sources/Events.o
                0x00003058                Cpu_OnNMI
 .text.AD1_OnEnd
                0x00003060       0x14 ./Sources/Events.o
                0x00003060                AD1_OnEnd
 .text.TI1_OnInterrupt
                0x00003074       0x34 ./Sources/Events.o
                0x00003074                TI1_OnInterrupt
 .text.measureJoysticks
                0x000030a8      0x1b8 ./Sources/main.o
                0x000030a8                measureJoysticks
 .text.tone     0x00003260       0x2c ./Sources/main.o
                0x00003260                tone
 .text.notone   0x0000328c       0x20 ./Sources/main.o
                0x0000328c                notone
 .text.playtone
                0x000032ac       0x70 ./Sources/main.o
                0x000032ac                playtone
 .text.waitForGameToStart
                0x0000331c       0x3c ./Sources/main.o
                0x0000331c                waitForGameToStart
 .text.initializeMaze
                0x00003358       0x74 ./Sources/main.o
                0x00003358                initializeMaze
 .text.plotMaze
                0x000033cc       0x8c ./Sources/main.o
                0x000033cc                plotMaze
 .text.plotTimeAndPoints
                0x00003458       0xb8 ./Sources/main.o
                0x00003458                plotTimeAndPoints
 .text.plotAllMaze
                0x00003510       0x50 ./Sources/main.o
                0x00003510                plotAllMaze
 .text.updatePlayerPosition
                0x00003560      0x268 ./Sources/main.o
                0x00003560                updatePlayerPosition
 .text.checkForWinner
                0x000037c8       0xb4 ./Sources/main.o
                0x000037c8                checkForWinner
 .text.gameBehaiour
                0x0000387c       0x50 ./Sources/main.o
                0x0000387c                gameBehaiour
 .text.main     0x000038cc      0x168 ./Sources/main.o
                0x000038cc                main
 .text.__copy_rom_section
                0x00003a34       0xd8 ./Project_Settings/Startup_Code/startup.o
                0x00003a34                __copy_rom_section
 .text.__copy_rom_sections_to_ram
                0x00003b0c       0x98 ./Project_Settings/Startup_Code/startup.o
                0x00003b0c                __copy_rom_sections_to_ram
 .text.__init_registers
                0x00003ba4        0x8 ./Project_Settings/Startup_Code/startup.o
                0x00003ba4                __init_registers
 .text.__init_user
                0x00003bac        0x8 ./Project_Settings/Startup_Code/startup.o
                0x00003bac                __init_user
 .text.__thumb_startup
                0x00003bb4       0x30 ./Project_Settings/Startup_Code/startup.o
                0x00003bb4                __thumb_startup
 .text.ClrSumV  0x00003be4       0x24 ./Generated_Code/AD1.o
 .text.AD1_HWEnDi
                0x00003c08       0xe8 ./Generated_Code/AD1.o
                0x00003c08                AD1_HWEnDi
 .text.AD1_Measure
                0x00003cf0       0x48 ./Generated_Code/AD1.o
                0x00003cf0                AD1_Measure
 .text.AD1_MeasureChan
                0x00003d38       0x64 ./Generated_Code/AD1.o
                0x00003d38                AD1_MeasureChan
 .text.AD1_GetValue16
                0x00003d9c       0x90 ./Generated_Code/AD1.o
                0x00003d9c                AD1_GetValue16
 .text.AD1_GetChanValue16
                0x00003e2c       0x68 ./Generated_Code/AD1.o
                0x00003e2c                AD1_GetChanValue16
 .text.AdcLdd1_OnMeasurementComplete
                0x00003e94      0x1b4 ./Generated_Code/AD1.o
                0x00003e94                AdcLdd1_OnMeasurementComplete
 .text.AD1_Init
                0x00004048       0x38 ./Generated_Code/AD1.o
                0x00004048                AD1_Init
 .text.ASerialLdd1_Init
                0x00004080       0xf0 ./Generated_Code/ASerialLdd1.o
                0x00004080                ASerialLdd1_Init
 .text.ASerialLdd1_ReceiveBlock
                0x00004170       0x48 ./Generated_Code/ASerialLdd1.o
                0x00004170                ASerialLdd1_ReceiveBlock
 .text.ASerialLdd1_SendBlock
                0x000041b8       0x58 ./Generated_Code/ASerialLdd1.o
                0x000041b8                ASerialLdd1_SendBlock
 .text.InterruptRx
                0x00004210       0x50 ./Generated_Code/ASerialLdd1.o
 .text.InterruptTx
                0x00004260       0x5c ./Generated_Code/ASerialLdd1.o
 .text.ASerialLdd1_Main
                0x000042bc       0xd8 ./Generated_Code/ASerialLdd1.o
                0x000042bc                ASerialLdd1_Main
 .text.AdcLdd1_Init
                0x00004394       0xec ./Generated_Code/AdcLdd1.o
                0x00004394                AdcLdd1_Init
 .text.AdcLdd1_StartSingleMeasurement
                0x00004480       0x8c ./Generated_Code/AdcLdd1.o
                0x00004480                AdcLdd1_StartSingleMeasurement
 .text.AdcLdd1_CreateSampleGroup
                0x0000450c       0xcc ./Generated_Code/AdcLdd1.o
                0x0000450c                AdcLdd1_CreateSampleGroup
 .text.AdcLdd1_GetMeasuredValues
                0x000045d8       0x68 ./Generated_Code/AdcLdd1.o
                0x000045d8                AdcLdd1_GetMeasuredValues
 .text.AdcLdd1_MeasurementCompleteInterrupt
                0x00004640       0x60 ./Generated_Code/AdcLdd1.o
                0x00004640                AdcLdd1_MeasurementCompleteInterrupt
 .text.BitsIoLdd1_Init
                0x000046a0       0x4c ./Generated_Code/BitsIoLdd1.o
                0x000046a0                BitsIoLdd1_Init
 .text.BitsIoLdd1_PutVal
                0x000046ec       0x30 ./Generated_Code/BitsIoLdd1.o
                0x000046ec                BitsIoLdd1_PutVal
 .text.BitsIoLdd2_Init
                0x0000471c       0x4c ./Generated_Code/BitsIoLdd2.o
                0x0000471c                BitsIoLdd2_Init
 .text.BitsIoLdd2_GetVal
                0x00004768       0x24 ./Generated_Code/BitsIoLdd2.o
                0x00004768                BitsIoLdd2_GetVal
 .text.Components_Init
                0x0000478c       0x54 ./Generated_Code/Cpu.o
                0x0000478c                Components_Init
 .text.Cpu_INT_NMIInterrupt
                0x000047e0        0xc ./Generated_Code/Cpu.o
                0x000047e0                Cpu_INT_NMIInterrupt
 .text.HWEnDi   0x000047ec       0x20 ./Generated_Code/Inhr1.o
 .text.Inhr1_SendChar
                0x0000480c       0x68 ./Generated_Code/Inhr1.o
                0x0000480c                Inhr1_SendChar
 .text.Inhr1_Init
                0x00004874       0x28 ./Generated_Code/Inhr1.o
                0x00004874                Inhr1_Init
 .text.ASerialLdd1_OnBreak
                0x0000489c       0x20 ./Generated_Code/Inhr1.o
                0x0000489c                ASerialLdd1_OnBreak
 .text.MCUC1_Init
                0x000048bc        0x8 ./Generated_Code/MCUC1.o
                0x000048bc                MCUC1_Init
 .text.PPG1_SetFreqHz
                0x000048c4       0x48 ./Generated_Code/PPG1.o
                0x000048c4                PPG1_SetFreqHz
 .text.PpgLdd1_Init
                0x0000490c       0xa0 ./Generated_Code/PpgLdd1.o
                0x0000490c                PpgLdd1_Init
 .text.PpgLdd1_Enable
                0x000049ac       0x30 ./Generated_Code/PpgLdd1.o
                0x000049ac                PpgLdd1_Enable
 .text.PpgLdd1_Disable
                0x000049dc       0x34 ./Generated_Code/PpgLdd1.o
                0x000049dc                PpgLdd1_Disable
 .text.PpgLdd1_SetFrequencyHz
                0x00004a10       0x84 ./Generated_Code/PpgLdd1.o
                0x00004a10                PpgLdd1_SetFrequencyHz
 .text.PpgLdd1_ClearValue
                0x00004a94       0x5c ./Generated_Code/PpgLdd1.o
                0x00004a94                PpgLdd1_ClearValue
 .text.SetRatio
                0x00004af0       0x40 ./Generated_Code/PpgLdd1.o
 .text.TimerIntLdd1_OnInterrupt
                0x00004b30       0x14 ./Generated_Code/TI1.o
                0x00004b30                TimerIntLdd1_OnInterrupt
 .text.TU1_Init
                0x00004b44       0xd8 ./Generated_Code/TU1.o
                0x00004b44                TU1_Init
 .text.TU1_Interrupt
                0x00004c1c       0x38 ./Generated_Code/TU1.o
                0x00004c1c                TU1_Interrupt
 .text.Term1_SendChar
                0x00004c54       0x24 ./Generated_Code/Term1.o
                0x00004c54                Term1_SendChar
 .text.SendESCPrefix
                0x00004c78       0x24 ./Generated_Code/Term1.o
 .text.Term1_CRLF
                0x00004c9c       0x24 ./Generated_Code/Term1.o
                0x00004c9c                Term1_CRLF
 .text.Term1_SendStr
                0x00004cc0       0x34 ./Generated_Code/Term1.o
                0x00004cc0                Term1_SendStr
 .text.LongToStr
                0x00004cf4      0x14c ./Generated_Code/Term1.o
 .text.Term1_SendNum
                0x00004e40       0x60 ./Generated_Code/Term1.o
                0x00004e40                Term1_SendNum
 .text.Term1_Cls
                0x00004ea0       0x28 ./Generated_Code/Term1.o
                0x00004ea0                Term1_Cls
 .text.Term1_MoveTo
                0x00004ec8       0x4c ./Generated_Code/Term1.o
                0x00004ec8                Term1_MoveTo
 .text.Term1_SetColor
                0x00004f14       0x6c ./Generated_Code/Term1.o
                0x00004f14                Term1_SetColor
 .text.TimerIntLdd1_Init
                0x00004f80       0x50 ./Generated_Code/TimerIntLdd1.o
                0x00004f80                TimerIntLdd1_Init
 .text.TU1_OnCounterRestart
                0x00004fd0       0x24 ./Generated_Code/TimerIntLdd1.o
                0x00004fd0                TU1_OnCounterRestart
 .text.UTIL1_Init
                0x00004ff4        0x8 ./Generated_Code/UTIL1.o
                0x00004ff4                UTIL1_Init
 .text.WAIT_Wait10Cycles
                0x00004ffc        0x8 ./Generated_Code/WAIT.o
                0x00004ffc                WAIT_Wait10Cycles
 .text.WAIT_Wait100Cycles
                0x00005004       0x24 ./Generated_Code/WAIT.o
                0x00005004                WAIT_Wait100Cycles
 .text.WAIT_WaitCycles
                0x00005028       0x3c ./Generated_Code/WAIT.o
                0x00005028                WAIT_WaitCycles
 .text.WAIT_WaitLongCycles
                0x00005064       0x3c ./Generated_Code/WAIT.o
                0x00005064                WAIT_WaitLongCycles
 .text.WAIT_Waitms
                0x000050a0       0x38 ./Generated_Code/WAIT.o
                0x000050a0                WAIT_Waitms
 .text.WAIT_Init
                0x000050d8        0x8 ./Generated_Code/WAIT.o
                0x000050d8                WAIT_Init
 .text.exit     0x000050e0       0x2c c:/freescale/kds_v3/toolchain/bin/../lib/gcc/arm-none-eabi/4.8.4/../../../../arm-none-eabi/lib/armv6-m\libg_s.a(lib_a-exit.o)
                0x000050e0                exit
 .text.__libc_init_array
                0x0000510c       0x4c c:/freescale/kds_v3/toolchain/bin/../lib/gcc/arm-none-eabi/4.8.4/../../../../arm-none-eabi/lib/armv6-m\libg_s.a(lib_a-init.o)
                0x0000510c                __libc_init_array
 .text.memcpy   0x00005158       0x12 c:/freescale/kds_v3/toolchain/bin/../lib/gcc/arm-none-eabi/4.8.4/../../../../arm-none-eabi/lib/armv6-m\libg_s.a(lib_a-memcpy-stub.o)
                0x00005158                memcpy
 .text.memset   0x0000516a       0x10 c:/freescale/kds_v3/toolchain/bin/../lib/gcc/arm-none-eabi/4.8.4/../../../../arm-none-eabi/lib/armv6-m\libg_s.a(lib_a-memset.o)
                0x0000516a                memset
 *fill*         0x0000517a        0x2 
 .text.printf   0x0000517c       0x34 c:/freescale/kds_v3/toolchain/bin/../lib/gcc/arm-none-eabi/4.8.4/../../../../arm-none-eabi/lib/armv6-m\libg_s.a(lib_a-printf.o)
                0x0000517c                iprintf
                0x0000517c                printf
 .text.sprintf  0x000051b0       0x44 c:/freescale/kds_v3/toolchain/bin/../lib/gcc/arm-none-eabi/4.8.4/../../../../arm-none-eabi/lib/armv6-m\libg_s.a(lib_a-sprintf.o)
                0x000051b0                siprintf
                0x000051b0                sprintf
 .text.strlen   0x000051f4        0xe c:/freescale/kds_v3/toolchain/bin/../lib/gcc/arm-none-eabi/4.8.4/../../../../arm-none-eabi/lib/armv6-m\libg_s.a(lib_a-strlen.o)
                0x000051f4                strlen
 *fill*         0x00005202        0x2 
 .text.__ssputs_r
                0x00005204       0xc0 c:/freescale/kds_v3/toolchain/bin/../lib/gcc/arm-none-eabi/4.8.4/../../../../arm-none-eabi/lib/armv6-m\libg_s.a(lib_a-svfprintf.o)
                0x00005204                __ssputs_r
 .text._svfprintf_r
                0x000052c4      0x1e0 c:/freescale/kds_v3/toolchain/bin/../lib/gcc/arm-none-eabi/4.8.4/../../../../arm-none-eabi/lib/armv6-m\libg_s.a(lib_a-svfprintf.o)
                0x000052c4                _svfiprintf_r
                0x000052c4                _svfprintf_r
 .text.__sfputc_r
                0x000054a4       0x2a c:/freescale/kds_v3/toolchain/bin/../lib/gcc/arm-none-eabi/4.8.4/../../../../arm-none-eabi/lib/armv6-m\libg_s.a(lib_a-vfprintf.o)
 .text.__sfputs_r
                0x000054ce       0x24 c:/freescale/kds_v3/toolchain/bin/../lib/gcc/arm-none-eabi/4.8.4/../../../../arm-none-eabi/lib/armv6-m\libg_s.a(lib_a-vfprintf.o)
                0x000054ce                __sfputs_r
 *fill*         0x000054f2        0x2 
 .text._vfprintf_r
                0x000054f4      0x210 c:/freescale/kds_v3/toolchain/bin/../lib/gcc/arm-none-eabi/4.8.4/../../../../arm-none-eabi/lib/armv6-m\libg_s.a(lib_a-vfprintf.o)
                0x000054f4                _vfprintf_r
                0x000054f4                _vfiprintf_r
 *fill*         0x00005704        0x4 
 .text.__cvt    0x00005708       0xd0 c:/freescale/kds_v3/toolchain/bin/../lib/gcc/arm-none-eabi/4.8.4/../../../../arm-none-eabi/lib/armv6-m\libg_s.a(lib_a-vfprintf_float.o)
                0x00005708                __cvt
 .text.__exponent
                0x000057d8       0x6a c:/freescale/kds_v3/toolchain/bin/../lib/gcc/arm-none-eabi/4.8.4/../../../../arm-none-eabi/lib/armv6-m\libg_s.a(lib_a-vfprintf_float.o)
                0x000057d8                __exponent
 *fill*         0x00005842        0x6 
 .text._printf_float
                0x00005848      0x458 c:/freescale/kds_v3/toolchain/bin/../lib/gcc/arm-none-eabi/4.8.4/../../../../arm-none-eabi/lib/armv6-m\libg_s.a(lib_a-vfprintf_float.o)
                0x00005848                _printf_float
 .text._printf_common
                0x00005ca0       0xe8 c:/freescale/kds_v3/toolchain/bin/../lib/gcc/arm-none-eabi/4.8.4/../../../../arm-none-eabi/lib/armv6-m\libg_s.a(lib_a-vfprintf_i.o)
                0x00005ca0                _printf_common
 .text._printf_i
                0x00005d88      0x22c c:/freescale/kds_v3/toolchain/bin/../lib/gcc/arm-none-eabi/4.8.4/../../../../arm-none-eabi/lib/armv6-m\libg_s.a(lib_a-vfprintf_i.o)
                0x00005d88                _printf_i
 .text.__swbuf_r
                0x00005fb4       0xb0 c:/freescale/kds_v3/toolchain/bin/../lib/gcc/arm-none-eabi/4.8.4/../../../../arm-none-eabi/lib/armv6-m\libg_s.a(lib_a-wbuf.o)
                0x00005fb4                __swbuf_r
 .text.__swsetup_r
                0x00006064       0xe4 c:/freescale/kds_v3/toolchain/bin/../lib/gcc/arm-none-eabi/4.8.4/../../../../arm-none-eabi/lib/armv6-m\libg_s.a(lib_a-wsetup.o)
                0x00006064                __swsetup_r
 .text.quorem   0x00006148      0x118 c:/freescale/kds_v3/toolchain/bin/../lib/gcc/arm-none-eabi/4.8.4/../../../../arm-none-eabi/lib/armv6-m\libg_s.a(lib_a-dtoa.o)
 .text._dtoa_r  0x00006260      0xbb8 c:/freescale/kds_v3/toolchain/bin/../lib/gcc/arm-none-eabi/4.8.4/../../../../arm-none-eabi/lib/armv6-m\libg_s.a(lib_a-dtoa.o)
                0x00006260                _dtoa_r
 .text.__sflush_r
                0x00006e18      0x112 c:/freescale/kds_v3/toolchain/bin/../lib/gcc/arm-none-eabi/4.8.4/../../../../arm-none-eabi/lib/armv6-m\libg_s.a(lib_a-fflush.o)
                0x00006e18                __sflush_r
 *fill*         0x00006f2a        0x2 
 .text._fflush_r
                0x00006f2c       0x58 c:/freescale/kds_v3/toolchain/bin/../lib/gcc/arm-none-eabi/4.8.4/../../../../arm-none-eabi/lib/armv6-m\libg_s.a(lib_a-fflush.o)
                0x00006f2c                _fflush_r
 .text._cleanup_r
                0x00006f84       0x34 c:/freescale/kds_v3/toolchain/bin/../lib/gcc/arm-none-eabi/4.8.4/../../../../arm-none-eabi/lib/armv6-m\libg_s.a(lib_a-findfp.o)
                0x00006f84                _cleanup_r
 .text.std.isra.0
                0x00006fb8       0x48 c:/freescale/kds_v3/toolchain/bin/../lib/gcc/arm-none-eabi/4.8.4/../../../../arm-none-eabi/lib/armv6-m\libg_s.a(lib_a-findfp.o)
 .text.__sfmoreglue
                0x00007000       0x2c c:/freescale/kds_v3/toolchain/bin/../lib/gcc/arm-none-eabi/4.8.4/../../../../arm-none-eabi/lib/armv6-m\libg_s.a(lib_a-findfp.o)
                0x00007000                __sfmoreglue
 .text.__sinit  0x0000702c       0x64 c:/freescale/kds_v3/toolchain/bin/../lib/gcc/arm-none-eabi/4.8.4/../../../../arm-none-eabi/lib/armv6-m\libg_s.a(lib_a-findfp.o)
                0x0000702c                __sinit
 .text.__sfp    0x00007090       0x7c c:/freescale/kds_v3/toolchain/bin/../lib/gcc/arm-none-eabi/4.8.4/../../../../arm-none-eabi/lib/armv6-m\libg_s.a(lib_a-findfp.o)
                0x00007090                __sfp
 .text._localeconv_r
                0x0000710c        0x8 c:/freescale/kds_v3/toolchain/bin/../lib/gcc/arm-none-eabi/4.8.4/../../../../arm-none-eabi/lib/armv6-m\libg_s.a(lib_a-locale.o)
                0x0000710c                _localeconv_r
 .text.__smakebuf_r
                0x00007114       0xa0 c:/freescale/kds_v3/toolchain/bin/../lib/gcc/arm-none-eabi/4.8.4/../../../../arm-none-eabi/lib/armv6-m\libg_s.a(lib_a-makebuf.o)
                0x00007114                __smakebuf_r
 .text.malloc   0x000071b4       0x14 c:/freescale/kds_v3/toolchain/bin/../lib/gcc/arm-none-eabi/4.8.4/../../../../arm-none-eabi/lib/armv6-m\libg_s.a(lib_a-malloc.o)
                0x000071b4                malloc
 .text.memchr   0x000071c8       0x16 c:/freescale/kds_v3/toolchain/bin/../lib/gcc/arm-none-eabi/4.8.4/../../../../arm-none-eabi/lib/armv6-m\libg_s.a(lib_a-memchr-stub.o)
                0x000071c8                memchr
 .text.memmove  0x000071de       0x32 c:/freescale/kds_v3/toolchain/bin/../lib/gcc/arm-none-eabi/4.8.4/../../../../arm-none-eabi/lib/armv6-m\libg_s.a(lib_a-memmove.o)
                0x000071de                memmove
 .text._Balloc  0x00007210       0x70 c:/freescale/kds_v3/toolchain/bin/../lib/gcc/arm-none-eabi/4.8.4/../../../../arm-none-eabi/lib/armv6-m\libg_s.a(lib_a-mprec.o)
                0x00007210                _Balloc
 .text._Bfree   0x00007280       0x32 c:/freescale/kds_v3/toolchain/bin/../lib/gcc/arm-none-eabi/4.8.4/../../../../arm-none-eabi/lib/armv6-m\libg_s.a(lib_a-mprec.o)
                0x00007280                _Bfree
 .text.__multadd
                0x000072b2       0x7c c:/freescale/kds_v3/toolchain/bin/../lib/gcc/arm-none-eabi/4.8.4/../../../../arm-none-eabi/lib/armv6-m\libg_s.a(lib_a-mprec.o)
                0x000072b2                __multadd
 .text.__hi0bits
                0x0000732e       0x38 c:/freescale/kds_v3/toolchain/bin/../lib/gcc/arm-none-eabi/4.8.4/../../../../arm-none-eabi/lib/armv6-m\libg_s.a(lib_a-mprec.o)
                0x0000732e                __hi0bits
 .text.__lo0bits
                0x00007366       0x5a c:/freescale/kds_v3/toolchain/bin/../lib/gcc/arm-none-eabi/4.8.4/../../../../arm-none-eabi/lib/armv6-m\libg_s.a(lib_a-mprec.o)
                0x00007366                __lo0bits
 .text.__i2b    0x000073c0       0x12 c:/freescale/kds_v3/toolchain/bin/../lib/gcc/arm-none-eabi/4.8.4/../../../../arm-none-eabi/lib/armv6-m\libg_s.a(lib_a-mprec.o)
                0x000073c0                __i2b
 .text.__multiply
                0x000073d2      0x11e c:/freescale/kds_v3/toolchain/bin/../lib/gcc/arm-none-eabi/4.8.4/../../../../arm-none-eabi/lib/armv6-m\libg_s.a(lib_a-mprec.o)
                0x000073d2                __multiply
 .text.__pow5mult
                0x000074f0       0xa4 c:/freescale/kds_v3/toolchain/bin/../lib/gcc/arm-none-eabi/4.8.4/../../../../arm-none-eabi/lib/armv6-m\libg_s.a(lib_a-mprec.o)
                0x000074f0                __pow5mult
 .text.__lshift
                0x00007594       0xa4 c:/freescale/kds_v3/toolchain/bin/../lib/gcc/arm-none-eabi/4.8.4/../../../../arm-none-eabi/lib/armv6-m\libg_s.a(lib_a-mprec.o)
                0x00007594                __lshift
 .text.__mcmp   0x00007638       0x36 c:/freescale/kds_v3/toolchain/bin/../lib/gcc/arm-none-eabi/4.8.4/../../../../arm-none-eabi/lib/armv6-m\libg_s.a(lib_a-mprec.o)
                0x00007638                __mcmp
 .text.__mdiff  0x0000766e       0xcc c:/freescale/kds_v3/toolchain/bin/../lib/gcc/arm-none-eabi/4.8.4/../../../../arm-none-eabi/lib/armv6-m\libg_s.a(lib_a-mprec.o)
                0x0000766e                __mdiff
 *fill*         0x0000773a        0x2 
 .text.__d2b    0x0000773c       0xb0 c:/freescale/kds_v3/toolchain/bin/../lib/gcc/arm-none-eabi/4.8.4/../../../../arm-none-eabi/lib/armv6-m\libg_s.a(lib_a-mprec.o)
                0x0000773c                __d2b
 .text._calloc_r
                0x000077ec       0x1c c:/freescale/kds_v3/toolchain/bin/../lib/gcc/arm-none-eabi/4.8.4/../../../../arm-none-eabi/lib/armv6-m\libg_s.a(lib_a-nano-callocr.o)
                0x000077ec                _calloc_r
 .text._free_r  0x00007808       0x90 c:/freescale/kds_v3/toolchain/bin/../lib/gcc/arm-none-eabi/4.8.4/../../../../arm-none-eabi/lib/armv6-m\libg_s.a(lib_a-nano-freer.o)
                0x00007808                _free_r
 .text._malloc_r
                0x00007898       0xa8 c:/freescale/kds_v3/toolchain/bin/../lib/gcc/arm-none-eabi/4.8.4/../../../../arm-none-eabi/lib/armv6-m\libg_s.a(lib_a-nano-mallocr.o)
                0x00007898                _malloc_r
 .text._realloc_r
                0x00007940       0x4c c:/freescale/kds_v3/toolchain/bin/../lib/gcc/arm-none-eabi/4.8.4/../../../../arm-none-eabi/lib/armv6-m\libg_s.a(lib_a-nano-reallocr.o)
                0x00007940                _realloc_r
 .text.__fpclassifyd
                0x0000798c       0x54 c:/freescale/kds_v3/toolchain/bin/../lib/gcc/arm-none-eabi/4.8.4/../../../../arm-none-eabi/lib/armv6-m\libg_s.a(lib_a-s_fpclassify.o)
                0x0000798c                __fpclassifyd
 .text._sbrk_r  0x000079e0       0x24 c:/freescale/kds_v3/toolchain/bin/../lib/gcc/arm-none-eabi/4.8.4/../../../../arm-none-eabi/lib/armv6-m\libg_s.a(lib_a-sbrkr.o)
                0x000079e0                _sbrk_r
 .text.__sread  0x00007a04       0x28 c:/freescale/kds_v3/toolchain/bin/../lib/gcc/arm-none-eabi/4.8.4/../../../../arm-none-eabi/lib/armv6-m\libg_s.a(lib_a-stdio.o)
                0x00007a04                __sread
 .text.__swrite
                0x00007a2c       0x38 c:/freescale/kds_v3/toolchain/bin/../lib/gcc/arm-none-eabi/4.8.4/../../../../arm-none-eabi/lib/armv6-m\libg_s.a(lib_a-stdio.o)
                0x00007a2c                __swrite
 .text.__sseek  0x00007a64       0x2c c:/freescale/kds_v3/toolchain/bin/../lib/gcc/arm-none-eabi/4.8.4/../../../../arm-none-eabi/lib/armv6-m\libg_s.a(lib_a-stdio.o)
                0x00007a64                __sseek
 .text.__sclose
                0x00007a90        0xc c:/freescale/kds_v3/toolchain/bin/../lib/gcc/arm-none-eabi/4.8.4/../../../../arm-none-eabi/lib/armv6-m\libg_s.a(lib_a-stdio.o)
                0x00007a90                __sclose
 .text._write_r
                0x00007a9c       0x28 c:/freescale/kds_v3/toolchain/bin/../lib/gcc/arm-none-eabi/4.8.4/../../../../arm-none-eabi/lib/armv6-m\libg_s.a(lib_a-writer.o)
                0x00007a9c                _write_r
 .text._close_r
                0x00007ac4       0x24 c:/freescale/kds_v3/toolchain/bin/../lib/gcc/arm-none-eabi/4.8.4/../../../../arm-none-eabi/lib/armv6-m\libg_s.a(lib_a-closer.o)
                0x00007ac4                _close_r
 .text._fstat_r
                0x00007ae8       0x24 c:/freescale/kds_v3/toolchain/bin/../lib/gcc/arm-none-eabi/4.8.4/../../../../arm-none-eabi/lib/armv6-m\libg_s.a(lib_a-fstatr.o)
                0x00007ae8                _fstat_r
 .text._isatty_r
                0x00007b0c       0x24 c:/freescale/kds_v3/toolchain/bin/../lib/gcc/arm-none-eabi/4.8.4/../../../../arm-none-eabi/lib/armv6-m\libg_s.a(lib_a-isattyr.o)
                0x00007b0c                _isatty_r
 .text._lseek_r
                0x00007b30       0x28 c:/freescale/kds_v3/toolchain/bin/../lib/gcc/arm-none-eabi/4.8.4/../../../../arm-none-eabi/lib/armv6-m\libg_s.a(lib_a-lseekr.o)
                0x00007b30                _lseek_r
 .text._malloc_usable_size_r
                0x00007b58       0x12 c:/freescale/kds_v3/toolchain/bin/../lib/gcc/arm-none-eabi/4.8.4/../../../../arm-none-eabi/lib/armv6-m\libg_s.a(lib_a-nano-msizer.o)
                0x00007b58                _malloc_usable_size_r
 *fill*         0x00007b6a        0x2 
 .text._read_r  0x00007b6c       0x28 c:/freescale/kds_v3/toolchain/bin/../lib/gcc/arm-none-eabi/4.8.4/../../../../arm-none-eabi/lib/armv6-m\libg_s.a(lib_a-readr.o)
                0x00007b6c                _read_r
 .text.findslot
                0x00007b94       0x34 c:/freescale/kds_v3/toolchain/bin/../lib/gcc/arm-none-eabi/4.8.4/../../../../arm-none-eabi/lib/armv6-m\librdimon_s.a(rdimon-syscalls.o)
 .text.error    0x00007bc8       0x1c c:/freescale/kds_v3/toolchain/bin/../lib/gcc/arm-none-eabi/4.8.4/../../../../arm-none-eabi/lib/armv6-m\librdimon_s.a(rdimon-syscalls.o)
 .text.checkerror
                0x00007be4        0xc c:/freescale/kds_v3/toolchain/bin/../lib/gcc/arm-none-eabi/4.8.4/../../../../arm-none-eabi/lib/armv6-m\librdimon_s.a(rdimon-syscalls.o)
 .text.initialise_monitor_handles
                0x00007bf0       0x98 c:/freescale/kds_v3/toolchain/bin/../lib/gcc/arm-none-eabi/4.8.4/../../../../arm-none-eabi/lib/armv6-m\librdimon_s.a(rdimon-syscalls.o)
                0x00007bf0                initialise_monitor_handles
 .text._swiread
                0x00007c88       0x20 c:/freescale/kds_v3/toolchain/bin/../lib/gcc/arm-none-eabi/4.8.4/../../../../arm-none-eabi/lib/armv6-m\librdimon_s.a(rdimon-syscalls.o)
                0x00007c88                _swiread
 .text._read    0x00007ca8       0x34 c:/freescale/kds_v3/toolchain/bin/../lib/gcc/arm-none-eabi/4.8.4/../../../../arm-none-eabi/lib/armv6-m\librdimon_s.a(rdimon-syscalls.o)
                0x00007ca8                _read
 .text._swilseek
                0x00007cdc       0x78 c:/freescale/kds_v3/toolchain/bin/../lib/gcc/arm-none-eabi/4.8.4/../../../../arm-none-eabi/lib/armv6-m\librdimon_s.a(rdimon-syscalls.o)
                0x00007cdc                _swilseek
 .text._lseek   0x00007d54        0x8 c:/freescale/kds_v3/toolchain/bin/../lib/gcc/arm-none-eabi/4.8.4/../../../../arm-none-eabi/lib/armv6-m\librdimon_s.a(rdimon-syscalls.o)
                0x00007d54                _lseek
 .text._swiwrite
                0x00007d5c       0x20 c:/freescale/kds_v3/toolchain/bin/../lib/gcc/arm-none-eabi/4.8.4/../../../../arm-none-eabi/lib/armv6-m\librdimon_s.a(rdimon-syscalls.o)
                0x00007d5c                _swiwrite
 .text._write   0x00007d7c       0x40 c:/freescale/kds_v3/toolchain/bin/../lib/gcc/arm-none-eabi/4.8.4/../../../../arm-none-eabi/lib/armv6-m\librdimon_s.a(rdimon-syscalls.o)
                0x00007d7c                _write
 .text._swiclose
                0x00007dbc       0x18 c:/freescale/kds_v3/toolchain/bin/../lib/gcc/arm-none-eabi/4.8.4/../../../../arm-none-eabi/lib/armv6-m\librdimon_s.a(rdimon-syscalls.o)
                0x00007dbc                _swiclose
 .text._close   0x00007dd4       0x4c c:/freescale/kds_v3/toolchain/bin/../lib/gcc/arm-none-eabi/4.8.4/../../../../arm-none-eabi/lib/armv6-m\librdimon_s.a(rdimon-syscalls.o)
                0x00007dd4                _close
 .text._sbrk    0x00007e20       0x34 c:/freescale/kds_v3/toolchain/bin/../lib/gcc/arm-none-eabi/4.8.4/../../../../arm-none-eabi/lib/armv6-m\librdimon_s.a(rdimon-syscalls.o)
                0x00007e20                _sbrk
 .text._swistat
                0x00007e54       0x44 c:/freescale/kds_v3/toolchain/bin/../lib/gcc/arm-none-eabi/4.8.4/../../../../arm-none-eabi/lib/armv6-m\librdimon_s.a(rdimon-syscalls.o)
                0x00007e54                _swistat
 .text._fstat   0x00007e98       0x1a c:/freescale/kds_v3/toolchain/bin/../lib/gcc/arm-none-eabi/4.8.4/../../../../arm-none-eabi/lib/armv6-m\librdimon_s.a(rdimon-syscalls.o)
                0x00007e98                _fstat
 .text._isatty  0x00007eb2       0x3a c:/freescale/kds_v3/toolchain/bin/../lib/gcc/arm-none-eabi/4.8.4/../../../../arm-none-eabi/lib/armv6-m\librdimon_s.a(rdimon-syscalls.o)
                0x00007eb2                _isatty
 .text._exit    0x00007eec        0xc c:/freescale/kds_v3/toolchain/bin/../lib/gcc/arm-none-eabi/4.8.4/../../../../arm-none-eabi/lib/armv6-m\librdimon_s.a(rdimon-_exit.o)
                0x00007eec                _exit
 .text._kill    0x00007ef8       0x24 c:/freescale/kds_v3/toolchain/bin/../lib/gcc/arm-none-eabi/4.8.4/../../../../arm-none-eabi/lib/armv6-m\librdimon_s.a(rdimon-_kill.o)
                0x00007ef8                _kill
 .text.__errno  0x00007f1c        0xc c:/freescale/kds_v3/toolchain/bin/../lib/gcc/arm-none-eabi/4.8.4/../../../../arm-none-eabi/lib/armv6-m\libc_s.a(lib_a-errno.o)
                0x00007f1c                __errno
 *(.rodata)
 .rodata        0x00007f28       0x40 ./Sources/main.o
 .rodata        0x00007f68       0x40 c:/freescale/kds_v3/toolchain/bin/../lib/gcc/arm-none-eabi/4.8.4/armv6-m\libgcc.a(divsf3.o)
 .rodata        0x00007fa8       0x40 c:/freescale/kds_v3/toolchain/bin/../lib/gcc/arm-none-eabi/4.8.4/armv6-m\libgcc.a(divdf3.o)
 .rodata        0x00007fe8       0x40 c:/freescale/kds_v3/toolchain/bin/../lib/gcc/arm-none-eabi/4.8.4/armv6-m\libgcc.a(muldf3.o)
 *(.rodata*)
 .rodata.ClockGenModeMatrix
                0x00008028       0x48 ./Static_Code/System/CPU_Init.o
 .rodata.CPU_ClockConfigDescriptors
                0x00008070       0x10 ./Static_Code/System/CPU_Init.o
 .rodata.CPU_DefaultFEI
                0x00008080        0x8 ./Static_Code/System/CPU_Init.o
 .rodata.CPU_DefaultFBI
                0x00008088        0x8 ./Static_Code/System/CPU_Init.o
 .rodata.CPU_DefaultFBILP
                0x00008090        0x8 ./Static_Code/System/CPU_Init.o
 .rodata.CPU_DefaultFEE
                0x00008098        0x8 ./Static_Code/System/CPU_Init.o
 .rodata.CPU_DefaultFBE
                0x000080a0        0x8 ./Static_Code/System/CPU_Init.o
 .rodata.CPU_DefaultFBELP
                0x000080a8        0x8 ./Static_Code/System/CPU_Init.o
 .rodata.CPU_ClockGenModeRegs
                0x000080b0       0x18 ./Static_Code/System/CPU_Init.o
 .rodata.CPU_SetClockConfigGenMode
                0x000080c8       0x30 ./Static_Code/System/CPU_Init.o
 .rodata.plotMaze
                0x000080f8       0x1c ./Sources/main.o
 .rodata.Table  0x00008114        0x4 ./Generated_Code/AD1.o
 .rodata.ChannelToPin
                0x00008118        0x4 ./Generated_Code/AdcLdd1.o
 .rodata.str1.1
                0x0000811c        0x2 c:/freescale/kds_v3/toolchain/bin/../lib/gcc/arm-none-eabi/4.8.4/../../../../arm-none-eabi/lib/armv6-m\libg_s.a(lib_a-impure.o)
 *fill*         0x0000811e        0x2 
 .rodata._global_impure_ptr
                0x00008120        0x4 c:/freescale/kds_v3/toolchain/bin/../lib/gcc/arm-none-eabi/4.8.4/../../../../arm-none-eabi/lib/armv6-m\libg_s.a(lib_a-impure.o)
                0x00008120                _global_impure_ptr
 .rodata.str1.1
                0x00008124       0x11 c:/freescale/kds_v3/toolchain/bin/../lib/gcc/arm-none-eabi/4.8.4/../../../../arm-none-eabi/lib/armv6-m\libg_s.a(lib_a-svfprintf.o)
 .rodata.str1.1
                0x00000000       0x11 c:/freescale/kds_v3/toolchain/bin/../lib/gcc/arm-none-eabi/4.8.4/../../../../arm-none-eabi/lib/armv6-m\libg_s.a(lib_a-vfprintf.o)
 .rodata.str1.1
                0x00008135       0x12 c:/freescale/kds_v3/toolchain/bin/../lib/gcc/arm-none-eabi/4.8.4/../../../../arm-none-eabi/lib/armv6-m\libg_s.a(lib_a-vfprintf_float.o)
 .rodata.str1.1
                0x00008147       0x22 c:/freescale/kds_v3/toolchain/bin/../lib/gcc/arm-none-eabi/4.8.4/../../../../arm-none-eabi/lib/armv6-m\libg_s.a(lib_a-vfprintf_i.o)
 .rodata.str1.1
                0x00008169        0xd c:/freescale/kds_v3/toolchain/bin/../lib/gcc/arm-none-eabi/4.8.4/../../../../arm-none-eabi/lib/armv6-m\libg_s.a(lib_a-dtoa.o)
                                  0xf (size before relaxing)
 *fill*         0x00008176        0x2 
 .rodata.__sf_fake_stdin
                0x00008178       0x20 c:/freescale/kds_v3/toolchain/bin/../lib/gcc/arm-none-eabi/4.8.4/../../../../arm-none-eabi/lib/armv6-m\libg_s.a(lib_a-findfp.o)
                0x00008178                __sf_fake_stdin
 .rodata.__sf_fake_stdout
                0x00008198       0x20 c:/freescale/kds_v3/toolchain/bin/../lib/gcc/arm-none-eabi/4.8.4/../../../../arm-none-eabi/lib/armv6-m\libg_s.a(lib_a-findfp.o)
                0x00008198                __sf_fake_stdout
 .rodata.__sf_fake_stderr
                0x000081b8       0x20 c:/freescale/kds_v3/toolchain/bin/../lib/gcc/arm-none-eabi/4.8.4/../../../../arm-none-eabi/lib/armv6-m\libg_s.a(lib_a-findfp.o)
                0x000081b8                __sf_fake_stderr
 .rodata.str1.1
                0x000081d8        0x8 c:/freescale/kds_v3/toolchain/bin/../lib/gcc/arm-none-eabi/4.8.4/../../../../arm-none-eabi/lib/armv6-m\libg_s.a(lib_a-locale.o)
                                  0xb (size before relaxing)
 .rodata.__mprec_tens
                0x000081e0       0xc8 c:/freescale/kds_v3/toolchain/bin/../lib/gcc/arm-none-eabi/4.8.4/../../../../arm-none-eabi/lib/armv6-m\libg_s.a(lib_a-mprec.o)
                0x000081e0                __mprec_tens
 .rodata.__mprec_bigtens
                0x000082a8       0x28 c:/freescale/kds_v3/toolchain/bin/../lib/gcc/arm-none-eabi/4.8.4/../../../../arm-none-eabi/lib/armv6-m\libg_s.a(lib_a-mprec.o)
                0x000082a8                __mprec_bigtens
 .rodata.p05.5281
                0x000082d0        0xc c:/freescale/kds_v3/toolchain/bin/../lib/gcc/arm-none-eabi/4.8.4/../../../../arm-none-eabi/lib/armv6-m\libg_s.a(lib_a-mprec.o)
 .rodata.str1.1
                0x000082dc        0x4 c:/freescale/kds_v3/toolchain/bin/../lib/gcc/arm-none-eabi/4.8.4/../../../../arm-none-eabi/lib/armv6-m\librdimon_s.a(rdimon-syscalls.o)
 *(.glue_7)
 .glue_7        0x00000000        0x0 linker stubs
 *(.glue_7t)
 .glue_7t       0x00000000        0x0 linker stubs
 *(.eh_frame)
 .eh_frame      0x000082e0        0x0 c:/freescale/kds_v3/toolchain/bin/../lib/gcc/arm-none-eabi/4.8.4/armv6-m/crtbegin.o
 *(.init)
 .init          0x000082e0        0x4 c:/freescale/kds_v3/toolchain/bin/../lib/gcc/arm-none-eabi/4.8.4/armv6-m/crti.o
                0x000082e0                _init
 .init          0x000082e4        0x8 c:/freescale/kds_v3/toolchain/bin/../lib/gcc/arm-none-eabi/4.8.4/armv6-m/crtn.o
 *(.fini)
 .fini          0x000082ec        0x4 c:/freescale/kds_v3/toolchain/bin/../lib/gcc/arm-none-eabi/4.8.4/armv6-m/crti.o
                0x000082ec                _fini
 .fini          0x000082f0        0x8 c:/freescale/kds_v3/toolchain/bin/../lib/gcc/arm-none-eabi/4.8.4/armv6-m/crtn.o
                0x000082f8                . = ALIGN (0x4)
                0x000082f8                _etext = .

.vfp11_veneer   0x000082f8        0x0
 .vfp11_veneer  0x00000000        0x0 linker stubs

.v4_bx          0x000082f8        0x0
 .v4_bx         0x00000000        0x0 linker stubs

.iplt           0x000082f8        0x0
 .iplt          0x00000000        0x0 c:/freescale/kds_v3/toolchain/bin/../lib/gcc/arm-none-eabi/4.8.4/armv6-m/crtbegin.o

.ARM.extab
 *(.ARM.extab* .gnu.linkonce.armextab.*)

.ARM            0x000082f8        0x8
                0x000082f8                __exidx_start = .
 *(.ARM.exidx*)
 .ARM.exidx     0x000082f8        0x8 c:/freescale/kds_v3/toolchain/bin/../lib/gcc/arm-none-eabi/4.8.4/../../../../arm-none-eabi/lib/armv6-m/rdimon-crt0.o
                0x00008300                __exidx_end = .

.rel.dyn        0x00008300        0x0
 .rel.iplt      0x00000000        0x0 c:/freescale/kds_v3/toolchain/bin/../lib/gcc/arm-none-eabi/4.8.4/armv6-m/crtbegin.o

.ctors          0x00008300        0x0
                0x00008300                __CTOR_LIST__ = .
 *crtbegin.o(.ctors)
 *(EXCLUDE_FILE(*crtend.o) .ctors)
 *(SORT(.ctors.*))
 *(.ctors)
                0x00008300                __CTOR_END__ = .

.dtors          0x00008300        0x0
                0x00008300                __DTOR_LIST__ = .
 *crtbegin.o(.dtors)
 *(EXCLUDE_FILE(*crtend.o) .dtors)
 *(SORT(.dtors.*))
 *(.dtors)
                0x00008300                __DTOR_END__ = .

.preinit_array  0x00008300        0x0
                0x00008300                PROVIDE (__preinit_array_start, .)
 *(.preinit_array*)
                0x00008300                PROVIDE (__preinit_array_end, .)

.init_array     0x00008300        0x4
                0x00008300                PROVIDE (__init_array_start, .)
 *(SORT(.init_array.*))
 *(.init_array*)
 .init_array    0x00008300        0x4 c:/freescale/kds_v3/toolchain/bin/../lib/gcc/arm-none-eabi/4.8.4/armv6-m/crtbegin.o
                0x00008304                PROVIDE (__init_array_end, .)

.fini_array     0x00008304        0x4
                0x00008304                PROVIDE (__fini_array_start, .)
 *(SORT(.fini_array.*))
 *(.fini_array*)
 .fini_array    0x00008304        0x4 c:/freescale/kds_v3/toolchain/bin/../lib/gcc/arm-none-eabi/4.8.4/armv6-m/crtbegin.o
                0x00008308                PROVIDE (__fini_array_end, .)
                0x00008308                ___ROM_AT = .

.mtb            0x1ffff000        0x0
                0x1ffff000                . = ALIGN (0x8)
                0x1ffff000                _mtb_start = .
 *(.mtb_buf)
                0x1ffff000                . = ALIGN (0x8)
                0x1ffff000                _mtb_end = .

.data           0x1ffff000      0xbac load address 0x00008308
                0x1ffff000                . = ALIGN (0x4)
                0x1ffff000                _sdata = .
 *(.data)
 .data          0x1ffff000      0x110 c:/freescale/kds_v3/toolchain/bin/../lib/gcc/arm-none-eabi/4.8.4/../../../../arm-none-eabi/lib/armv6-m/rdimon-crt0.o
                0x1ffff008                __stack_base__
 *(.data*)
 .data.TONES_WALL_T
                0x1ffff110        0x4 ./Sources/main.o
                0x1ffff110                TONES_WALL_T
 .data.TONES_WALL_L
                0x1ffff114        0x4 ./Sources/main.o
                0x1ffff114                TONES_WALL_L
 .data.TONES_PLAYER_T
                0x1ffff118        0x4 ./Sources/main.o
                0x1ffff118                TONES_PLAYER_T
 .data.TONES_PLAYER_L
                0x1ffff11c        0x4 ./Sources/main.o
                0x1ffff11c                TONES_PLAYER_L
 .data.TONES_MOVE_T
                0x1ffff120        0x4 ./Sources/main.o
                0x1ffff120                TONES_MOVE_T
 .data.TONES_MOVE_L
                0x1ffff124        0x4 ./Sources/main.o
                0x1ffff124                TONES_MOVE_L
 .data.TONES_WINNER_T
                0x1ffff128        0xc ./Sources/main.o
                0x1ffff128                TONES_WINNER_T
 .data.TONES_WINNER_L
                0x1ffff134        0xc ./Sources/main.o
                0x1ffff134                TONES_WINNER_L
 .data.timer    0x1ffff140        0x4 ./Sources/main.o
                0x1ffff140                timer
 .data.gameFinished
                0x1ffff144        0x1 ./Sources/main.o
                0x1ffff144                gameFinished
 *fill*         0x1ffff145        0x3 
 .data.INITIAL_MAZE_VALUES
                0x1ffff148      0x9c4 ./Sources/main.o
                0x1ffff148                INITIAL_MAZE_VALUES
 .data.SampleGroup
                0x1ffffb0c        0x4 ./Generated_Code/AD1.o
 .data.impure_data
                0x1ffffb10       0x60 c:/freescale/kds_v3/toolchain/bin/../lib/gcc/arm-none-eabi/4.8.4/../../../../arm-none-eabi/lib/armv6-m\libg_s.a(lib_a-impure.o)
 .data._impure_ptr
                0x1ffffb70        0x4 c:/freescale/kds_v3/toolchain/bin/../lib/gcc/arm-none-eabi/4.8.4/../../../../arm-none-eabi/lib/armv6-m\libg_s.a(lib_a-impure.o)
                0x1ffffb70                _impure_ptr
 .data.lconv    0x1ffffb74       0x38 c:/freescale/kds_v3/toolchain/bin/../lib/gcc/arm-none-eabi/4.8.4/../../../../arm-none-eabi/lib/armv6-m\libg_s.a(lib_a-locale.o)
                0x1ffffbac                . = ALIGN (0x4)
                0x1ffffbac                _edata = .
                0x00000bac                ___data_size = (_edata - _sdata)

.jcr            0x1ffffbac        0x0 load address 0x00008eb4
 .jcr           0x1ffffbac        0x0 c:/freescale/kds_v3/toolchain/bin/../lib/gcc/arm-none-eabi/4.8.4/armv6-m/crtbegin.o

.igot.plt       0x1ffffbac        0x0 load address 0x00008eb4
 .igot.plt      0x00000000        0x0 c:/freescale/kds_v3/toolchain/bin/../lib/gcc/arm-none-eabi/4.8.4/armv6-m/crtbegin.o
                0x1ffffbac                . = ALIGN (0x4)

.bss            0x1ffffbac      0xb70 load address 0x00008eb4
                0x1ffffbac                __START_BSS = .
                0x1ffffbac                PROVIDE (__bss_start__, __START_BSS)
 *(.bss)
 .bss           0x1ffffbac       0x1c c:/freescale/kds_v3/toolchain/bin/../lib/gcc/arm-none-eabi/4.8.4/armv6-m/crtbegin.o
 *(.bss*)
 .bss.g_Complete
                0x1ffffbc8        0x1 ./Sources/main.o
                0x1ffffbc8                g_Complete
 .bss.gameFinishedBecauseOfTimer
                0x1ffffbc9        0x1 ./Sources/main.o
                0x1ffffbc9                gameFinishedBecauseOfTimer
 .bss.SumChan   0x1ffffbca        0x1 ./Generated_Code/AD1.o
 .bss.ModeFlg   0x1ffffbcb        0x1 ./Generated_Code/AD1.o
 .bss.SumCnt    0x1ffffbcc        0x1 ./Generated_Code/AD1.o
 .bss.OutFlg    0x1ffffbcd        0x1 ./Generated_Code/AD1.o
 *fill*         0x1ffffbce        0x2 
 .bss.DeviceDataPrv__DEFAULT_RTOS_ALLOC
                0x1ffffbd0       0x20 ./Generated_Code/ASerialLdd1.o
 .bss.DeviceDataPrv__DEFAULT_RTOS_ALLOC
                0x1ffffbf0       0x28 ./Generated_Code/AdcLdd1.o
 .bss.INT_ADC0__DEFAULT_RTOS_ISRPARAM
                0x1ffffc18        0x4 ./Generated_Code/AdcLdd1.o
 .bss.DeviceDataPrv__DEFAULT_RTOS_ALLOC
                0x1ffffc1c        0x4 ./Generated_Code/BitsIoLdd1.o
 .bss.DeviceDataPrv__DEFAULT_RTOS_ALLOC
                0x1ffffc20        0x4 ./Generated_Code/BitsIoLdd2.o
 .bss.SerFlag   0x1ffffc24        0x2 ./Generated_Code/Inhr1.o
 .bss.BufferRead
                0x1ffffc26        0x1 ./Generated_Code/Inhr1.o
 .bss.OutBuffer
                0x1ffffc27        0x1 ./Generated_Code/Inhr1.o
 .bss.PE_LDD_DeviceDataList
                0x1ffffc28       0x1c ./Generated_Code/PE_LDD.o
                0x1ffffc28                PE_LDD_DeviceDataList
 .bss.DeviceDataPrv__DEFAULT_RTOS_ALLOC
                0x1ffffc44       0x10 ./Generated_Code/PpgLdd1.o
 .bss.DeviceDataPrv__DEFAULT_RTOS_ALLOC
                0x1ffffc54        0x8 ./Generated_Code/TU1.o
 .bss.INT_PIT_CH0__DEFAULT_RTOS_ISRPARAM
                0x1ffffc5c        0x4 ./Generated_Code/TU1.o
 .bss.DeviceDataPrv__DEFAULT_RTOS_ALLOC
                0x1ffffc60        0xc ./Generated_Code/TimerIntLdd1.o
 .bss.__malloc_sbrk_start
                0x1ffffc6c        0x4 c:/freescale/kds_v3/toolchain/bin/../lib/gcc/arm-none-eabi/4.8.4/../../../../arm-none-eabi/lib/armv6-m\libg_s.a(lib_a-nano-mallocr.o)
                0x1ffffc6c                __malloc_sbrk_start
 .bss.__malloc_free_list
                0x1ffffc70        0x4 c:/freescale/kds_v3/toolchain/bin/../lib/gcc/arm-none-eabi/4.8.4/../../../../arm-none-eabi/lib/armv6-m\libg_s.a(lib_a-nano-mallocr.o)
                0x1ffffc70                __malloc_free_list
 .bss.monitor_stdout
                0x1ffffc74        0x4 c:/freescale/kds_v3/toolchain/bin/../lib/gcc/arm-none-eabi/4.8.4/../../../../arm-none-eabi/lib/armv6-m\librdimon_s.a(rdimon-syscalls.o)
 .bss.monitor_stdin
                0x1ffffc78        0x4 c:/freescale/kds_v3/toolchain/bin/../lib/gcc/arm-none-eabi/4.8.4/../../../../arm-none-eabi/lib/armv6-m\librdimon_s.a(rdimon-syscalls.o)
 .bss.heap_end.5781
                0x1ffffc7c        0x4 c:/freescale/kds_v3/toolchain/bin/../lib/gcc/arm-none-eabi/4.8.4/../../../../arm-none-eabi/lib/armv6-m\librdimon_s.a(rdimon-syscalls.o)
 .bss.monitor_stderr
                0x1ffffc80        0x4 c:/freescale/kds_v3/toolchain/bin/../lib/gcc/arm-none-eabi/4.8.4/../../../../arm-none-eabi/lib/armv6-m\librdimon_s.a(rdimon-syscalls.o)
 .bss.openfiles
                0x1ffffc84       0xa0 c:/freescale/kds_v3/toolchain/bin/../lib/gcc/arm-none-eabi/4.8.4/../../../../arm-none-eabi/lib/armv6-m\librdimon_s.a(rdimon-syscalls.o)
 *(COMMON)
 COMMON         0x1ffffd24      0x9e4 ./Sources/main.o
                0x1ffffd24                numMovesP1
                0x1ffffd28                p2
                0x1ffffd30                maze
                0x200006f4                p1
                0x200006fc                numPointsP2
                0x20000700                numPointsP1
                0x20000704                numMovesP2
 COMMON         0x20000708        0xc ./Generated_Code/AD1.o
                0x20000708                AD1_OutV
                0x20000710                AdcLdd1_DeviceDataPtr
 COMMON         0x20000714        0x4 ./Generated_Code/Inhr1.o
                0x20000714                ASerialLdd1_DeviceDataPtr
 COMMON         0x20000718        0x4 c:/freescale/kds_v3/toolchain/bin/../lib/gcc/arm-none-eabi/4.8.4/../../../../arm-none-eabi/lib/armv6-m\libg_s.a(lib_a-reent.o)
                0x20000718                errno
                0x2000071c                . = ALIGN (0x4)
                0x2000071c                __END_BSS = .
                0x2000071c                PROVIDE (__bss_end__, __END_BSS)
                0x00008eb4                _romp_at = (___ROM_AT + SIZEOF (.data))

.romp           0x2000071c       0x18 load address 0x00008eb4
                0x00008eb4                __S_romp = _romp_at
                0x2000071c        0x4 LONG 0x8308 ___ROM_AT
                0x20000720        0x4 LONG 0x1ffff000 _sdata
                0x20000724        0x4 LONG 0xbac ___data_size
                0x20000728        0x4 LONG 0x0
                0x2000072c        0x4 LONG 0x0
                0x20000730        0x4 LONG 0x0
                0x00020000                text_end = (ORIGIN (m_text) + 0x1fbf0)
                0x00008ecc                data_init_end = ((___ROM_AT + SIZEOF (.data)) + SIZEOF (.romp))
                0x00000001                ASSERT ((data_init_end <= text_end), region m_text overflowed with text and data)

._user_heap_stack
                0x20000734      0x400 load address 0x00008ecc
                0x20000734                . = ALIGN (0x4)
                0x20000734                PROVIDE (end, .)
                0x20000734                PROVIDE (_end, .)
                0x20000734                PROVIDE (__end__, .)
                0x20000734                __heap_addr = .
                0x20000734                __HeapBase = .
                0x20000734                . = (. + __heap_size)
                0x20000734                __HeapLimit = .
                0x20000b34                . = (. + __stack_size)
 *fill*         0x20000734      0x400 
                0x20000b34                . = ALIGN (0x4)

.ARM.attributes
                0x00000000       0x28
 *(.ARM.attributes)
 .ARM.attributes
                0x00000000       0x1e c:/freescale/kds_v3/toolchain/bin/../lib/gcc/arm-none-eabi/4.8.4/armv6-m/crti.o
 .ARM.attributes
                0x0000001e       0x2c c:/freescale/kds_v3/toolchain/bin/../lib/gcc/arm-none-eabi/4.8.4/armv6-m/crtbegin.o
 .ARM.attributes
                0x0000004a       0x1b c:/freescale/kds_v3/toolchain/bin/../lib/gcc/arm-none-eabi/4.8.4/../../../../arm-none-eabi/lib/armv6-m/rdimon-crt0.o
 .ARM.attributes
                0x00000065       0x32 ./Static_Code/System/CPU_Init.o
 .ARM.attributes
                0x00000097       0x32 ./Static_Code/System/Vectors.o
 .ARM.attributes
                0x000000c9       0x32 ./Sources/Events.o
 .ARM.attributes
                0x000000fb       0x32 ./Sources/main.o
 .ARM.attributes
                0x0000012d       0x32 ./Project_Settings/Startup_Code/startup.o
 .ARM.attributes
                0x0000015f       0x32 ./Generated_Code/AD1.o
 .ARM.attributes
                0x00000191       0x32 ./Generated_Code/ASerialLdd1.o
 .ARM.attributes
                0x000001c3       0x32 ./Generated_Code/AdcLdd1.o
 .ARM.attributes
                0x000001f5       0x32 ./Generated_Code/BitsIoLdd1.o
 .ARM.attributes
                0x00000227       0x32 ./Generated_Code/BitsIoLdd2.o
 .ARM.attributes
                0x00000259       0x32 ./Generated_Code/Cpu.o
 .ARM.attributes
                0x0000028b       0x32 ./Generated_Code/Inhr1.o
 .ARM.attributes
                0x000002bd       0x32 ./Generated_Code/MCUC1.o
 .ARM.attributes
                0x000002ef       0x32 ./Generated_Code/PE_LDD.o
 .ARM.attributes
                0x00000321       0x32 ./Generated_Code/PPG1.o
 .ARM.attributes
                0x00000353       0x32 ./Generated_Code/PpgLdd1.o
 .ARM.attributes
                0x00000385       0x32 ./Generated_Code/TI1.o
 .ARM.attributes
                0x000003b7       0x32 ./Generated_Code/TU1.o
 .ARM.attributes
                0x000003e9       0x32 ./Generated_Code/Term1.o
 .ARM.attributes
                0x0000041b       0x32 ./Generated_Code/TimerIntLdd1.o
 .ARM.attributes
                0x0000044d       0x32 ./Generated_Code/UTIL1.o
 .ARM.attributes
                0x0000047f       0x32 ./Generated_Code/WAIT.o
 .ARM.attributes
                0x000004b1       0x1e c:/freescale/kds_v3/toolchain/bin/../lib/gcc/arm-none-eabi/4.8.4/armv6-m\libgcc.a(_udivsi3.o)
 .ARM.attributes
                0x000004cf       0x1e c:/freescale/kds_v3/toolchain/bin/../lib/gcc/arm-none-eabi/4.8.4/armv6-m\libgcc.a(_divsi3.o)
 .ARM.attributes
                0x000004ed       0x1e c:/freescale/kds_v3/toolchain/bin/../lib/gcc/arm-none-eabi/4.8.4/armv6-m\libgcc.a(_dvmd_tls.o)
 .ARM.attributes
                0x0000050b       0x1e c:/freescale/kds_v3/toolchain/bin/../lib/gcc/arm-none-eabi/4.8.4/armv6-m\libgcc.a(_arm_cmpsf2.o)
 .ARM.attributes
                0x00000529       0x2c c:/freescale/kds_v3/toolchain/bin/../lib/gcc/arm-none-eabi/4.8.4/armv6-m\libgcc.a(_fixunssfsi.o)
 .ARM.attributes
                0x00000555       0x2c c:/freescale/kds_v3/toolchain/bin/../lib/gcc/arm-none-eabi/4.8.4/armv6-m\libgcc.a(divsf3.o)
 .ARM.attributes
                0x00000581       0x2c c:/freescale/kds_v3/toolchain/bin/../lib/gcc/arm-none-eabi/4.8.4/armv6-m\libgcc.a(eqsf2.o)
 .ARM.attributes
                0x000005ad       0x2c c:/freescale/kds_v3/toolchain/bin/../lib/gcc/arm-none-eabi/4.8.4/armv6-m\libgcc.a(gesf2.o)
 .ARM.attributes
                0x000005d9       0x2c c:/freescale/kds_v3/toolchain/bin/../lib/gcc/arm-none-eabi/4.8.4/armv6-m\libgcc.a(lesf2.o)
 .ARM.attributes
                0x00000605       0x2c c:/freescale/kds_v3/toolchain/bin/../lib/gcc/arm-none-eabi/4.8.4/armv6-m\libgcc.a(subsf3.o)
 .ARM.attributes
                0x00000631       0x2c c:/freescale/kds_v3/toolchain/bin/../lib/gcc/arm-none-eabi/4.8.4/armv6-m\libgcc.a(fixsfsi.o)
 .ARM.attributes
                0x0000065d       0x2c c:/freescale/kds_v3/toolchain/bin/../lib/gcc/arm-none-eabi/4.8.4/armv6-m\libgcc.a(floatsisf.o)
 .ARM.attributes
                0x00000689       0x2c c:/freescale/kds_v3/toolchain/bin/../lib/gcc/arm-none-eabi/4.8.4/armv6-m\libgcc.a(divdf3.o)
 .ARM.attributes
                0x000006b5       0x2c c:/freescale/kds_v3/toolchain/bin/../lib/gcc/arm-none-eabi/4.8.4/armv6-m\libgcc.a(muldf3.o)
 .ARM.attributes
                0x000006e1       0x2c c:/freescale/kds_v3/toolchain/bin/../lib/gcc/arm-none-eabi/4.8.4/armv6-m\libgcc.a(floatsidf.o)
 .ARM.attributes
                0x0000070d       0x2c c:/freescale/kds_v3/toolchain/bin/../lib/gcc/arm-none-eabi/4.8.4/armv6-m\libgcc.a(truncdfsf2.o)
 .ARM.attributes
                0x00000739       0x1e c:/freescale/kds_v3/toolchain/bin/../lib/gcc/arm-none-eabi/4.8.4/armv6-m\libgcc.a(_clzsi2.o)
 .ARM.attributes
                0x00000757       0x2c c:/freescale/kds_v3/toolchain/bin/../lib/gcc/arm-none-eabi/4.8.4/../../../../arm-none-eabi/lib/armv6-m\libg_s.a(lib_a-exit.o)
 .ARM.attributes
                0x00000783       0x2c c:/freescale/kds_v3/toolchain/bin/../lib/gcc/arm-none-eabi/4.8.4/../../../../arm-none-eabi/lib/armv6-m\libg_s.a(lib_a-impure.o)
 .ARM.attributes
                0x000007af       0x2c c:/freescale/kds_v3/toolchain/bin/../lib/gcc/arm-none-eabi/4.8.4/../../../../arm-none-eabi/lib/armv6-m\libg_s.a(lib_a-init.o)
 .ARM.attributes
                0x000007db       0x2c c:/freescale/kds_v3/toolchain/bin/../lib/gcc/arm-none-eabi/4.8.4/../../../../arm-none-eabi/lib/armv6-m\libg_s.a(lib_a-memcpy-stub.o)
 .ARM.attributes
                0x00000807       0x2c c:/freescale/kds_v3/toolchain/bin/../lib/gcc/arm-none-eabi/4.8.4/../../../../arm-none-eabi/lib/armv6-m\libg_s.a(lib_a-memset.o)
 .ARM.attributes
                0x00000833       0x2c c:/freescale/kds_v3/toolchain/bin/../lib/gcc/arm-none-eabi/4.8.4/../../../../arm-none-eabi/lib/armv6-m\libg_s.a(lib_a-printf.o)
 .ARM.attributes
                0x0000085f       0x2c c:/freescale/kds_v3/toolchain/bin/../lib/gcc/arm-none-eabi/4.8.4/../../../../arm-none-eabi/lib/armv6-m\libg_s.a(lib_a-sprintf.o)
 .ARM.attributes
                0x0000088b       0x2c c:/freescale/kds_v3/toolchain/bin/../lib/gcc/arm-none-eabi/4.8.4/../../../../arm-none-eabi/lib/armv6-m\libg_s.a(lib_a-strlen.o)
 .ARM.attributes
                0x000008b7       0x2c c:/freescale/kds_v3/toolchain/bin/../lib/gcc/arm-none-eabi/4.8.4/../../../../arm-none-eabi/lib/armv6-m\libg_s.a(lib_a-svfprintf.o)
 .ARM.attributes
                0x000008e3       0x2c c:/freescale/kds_v3/toolchain/bin/../lib/gcc/arm-none-eabi/4.8.4/../../../../arm-none-eabi/lib/armv6-m\libg_s.a(lib_a-vfprintf.o)
 .ARM.attributes
                0x0000090f       0x2c c:/freescale/kds_v3/toolchain/bin/../lib/gcc/arm-none-eabi/4.8.4/../../../../arm-none-eabi/lib/armv6-m\libg_s.a(lib_a-vfprintf_float.o)
 .ARM.attributes
                0x0000093b       0x2c c:/freescale/kds_v3/toolchain/bin/../lib/gcc/arm-none-eabi/4.8.4/../../../../arm-none-eabi/lib/armv6-m\libg_s.a(lib_a-vfprintf_i.o)
 .ARM.attributes
                0x00000967       0x2c c:/freescale/kds_v3/toolchain/bin/../lib/gcc/arm-none-eabi/4.8.4/../../../../arm-none-eabi/lib/armv6-m\libg_s.a(lib_a-wbuf.o)
 .ARM.attributes
                0x00000993       0x2c c:/freescale/kds_v3/toolchain/bin/../lib/gcc/arm-none-eabi/4.8.4/../../../../arm-none-eabi/lib/armv6-m\libg_s.a(lib_a-wsetup.o)
 .ARM.attributes
                0x000009bf       0x2c c:/freescale/kds_v3/toolchain/bin/../lib/gcc/arm-none-eabi/4.8.4/../../../../arm-none-eabi/lib/armv6-m\libg_s.a(lib_a-dtoa.o)
 .ARM.attributes
                0x000009eb       0x2c c:/freescale/kds_v3/toolchain/bin/../lib/gcc/arm-none-eabi/4.8.4/../../../../arm-none-eabi/lib/armv6-m\libg_s.a(lib_a-fflush.o)
 .ARM.attributes
                0x00000a17       0x2c c:/freescale/kds_v3/toolchain/bin/../lib/gcc/arm-none-eabi/4.8.4/../../../../arm-none-eabi/lib/armv6-m\libg_s.a(lib_a-findfp.o)
 .ARM.attributes
                0x00000a43       0x2c c:/freescale/kds_v3/toolchain/bin/../lib/gcc/arm-none-eabi/4.8.4/../../../../arm-none-eabi/lib/armv6-m\libg_s.a(lib_a-locale.o)
 .ARM.attributes
                0x00000a6f       0x2c c:/freescale/kds_v3/toolchain/bin/../lib/gcc/arm-none-eabi/4.8.4/../../../../arm-none-eabi/lib/armv6-m\libg_s.a(lib_a-makebuf.o)
 .ARM.attributes
                0x00000a9b       0x2c c:/freescale/kds_v3/toolchain/bin/../lib/gcc/arm-none-eabi/4.8.4/../../../../arm-none-eabi/lib/armv6-m\libg_s.a(lib_a-malloc.o)
 .ARM.attributes
                0x00000ac7       0x2c c:/freescale/kds_v3/toolchain/bin/../lib/gcc/arm-none-eabi/4.8.4/../../../../arm-none-eabi/lib/armv6-m\libg_s.a(lib_a-memchr-stub.o)
 .ARM.attributes
                0x00000af3       0x2c c:/freescale/kds_v3/toolchain/bin/../lib/gcc/arm-none-eabi/4.8.4/../../../../arm-none-eabi/lib/armv6-m\libg_s.a(lib_a-memmove.o)
 .ARM.attributes
                0x00000b1f       0x2c c:/freescale/kds_v3/toolchain/bin/../lib/gcc/arm-none-eabi/4.8.4/../../../../arm-none-eabi/lib/armv6-m\libg_s.a(lib_a-mprec.o)
 .ARM.attributes
                0x00000b4b       0x2c c:/freescale/kds_v3/toolchain/bin/../lib/gcc/arm-none-eabi/4.8.4/../../../../arm-none-eabi/lib/armv6-m\libg_s.a(lib_a-nano-callocr.o)
 .ARM.attributes
                0x00000b77       0x2c c:/freescale/kds_v3/toolchain/bin/../lib/gcc/arm-none-eabi/4.8.4/../../../../arm-none-eabi/lib/armv6-m\libg_s.a(lib_a-nano-freer.o)
 .ARM.attributes
                0x00000ba3       0x2c c:/freescale/kds_v3/toolchain/bin/../lib/gcc/arm-none-eabi/4.8.4/../../../../arm-none-eabi/lib/armv6-m\libg_s.a(lib_a-nano-mallocr.o)
 .ARM.attributes
                0x00000bcf       0x2c c:/freescale/kds_v3/toolchain/bin/../lib/gcc/arm-none-eabi/4.8.4/../../../../arm-none-eabi/lib/armv6-m\libg_s.a(lib_a-nano-reallocr.o)
 .ARM.attributes
                0x00000bfb       0x2c c:/freescale/kds_v3/toolchain/bin/../lib/gcc/arm-none-eabi/4.8.4/../../../../arm-none-eabi/lib/armv6-m\libg_s.a(lib_a-s_fpclassify.o)
 .ARM.attributes
                0x00000c27       0x2c c:/freescale/kds_v3/toolchain/bin/../lib/gcc/arm-none-eabi/4.8.4/../../../../arm-none-eabi/lib/armv6-m\libg_s.a(lib_a-sbrkr.o)
 .ARM.attributes
                0x00000c53       0x2c c:/freescale/kds_v3/toolchain/bin/../lib/gcc/arm-none-eabi/4.8.4/../../../../arm-none-eabi/lib/armv6-m\libg_s.a(lib_a-stdio.o)
 .ARM.attributes
                0x00000c7f       0x2c c:/freescale/kds_v3/toolchain/bin/../lib/gcc/arm-none-eabi/4.8.4/../../../../arm-none-eabi/lib/armv6-m\libg_s.a(lib_a-writer.o)
 .ARM.attributes
                0x00000cab       0x2c c:/freescale/kds_v3/toolchain/bin/../lib/gcc/arm-none-eabi/4.8.4/../../../../arm-none-eabi/lib/armv6-m\libg_s.a(lib_a-closer.o)
 .ARM.attributes
                0x00000cd7       0x2c c:/freescale/kds_v3/toolchain/bin/../lib/gcc/arm-none-eabi/4.8.4/../../../../arm-none-eabi/lib/armv6-m\libg_s.a(lib_a-fstatr.o)
 .ARM.attributes
                0x00000d03       0x2c c:/freescale/kds_v3/toolchain/bin/../lib/gcc/arm-none-eabi/4.8.4/../../../../arm-none-eabi/lib/armv6-m\libg_s.a(lib_a-isattyr.o)
 .ARM.attributes
                0x00000d2f       0x2c c:/freescale/kds_v3/toolchain/bin/../lib/gcc/arm-none-eabi/4.8.4/../../../../arm-none-eabi/lib/armv6-m\libg_s.a(lib_a-lseekr.o)
 .ARM.attributes
                0x00000d5b       0x2c c:/freescale/kds_v3/toolchain/bin/../lib/gcc/arm-none-eabi/4.8.4/../../../../arm-none-eabi/lib/armv6-m\libg_s.a(lib_a-nano-msizer.o)
 .ARM.attributes
                0x00000d87       0x2c c:/freescale/kds_v3/toolchain/bin/../lib/gcc/arm-none-eabi/4.8.4/../../../../arm-none-eabi/lib/armv6-m\libg_s.a(lib_a-readr.o)
 .ARM.attributes
                0x00000db3       0x2c c:/freescale/kds_v3/toolchain/bin/../lib/gcc/arm-none-eabi/4.8.4/../../../../arm-none-eabi/lib/armv6-m\libg_s.a(lib_a-reent.o)
 .ARM.attributes
                0x00000ddf       0x1e c:/freescale/kds_v3/toolchain/bin/../lib/gcc/arm-none-eabi/4.8.4/armv6-m\libgcc.a(_thumb1_case_uqi.o)
 .ARM.attributes
                0x00000dfd       0x1e c:/freescale/kds_v3/toolchain/bin/../lib/gcc/arm-none-eabi/4.8.4/armv6-m\libgcc.a(_arm_cmpdf2.o)
 .ARM.attributes
                0x00000e1b       0x2c c:/freescale/kds_v3/toolchain/bin/../lib/gcc/arm-none-eabi/4.8.4/armv6-m\libgcc.a(adddf3.o)
 .ARM.attributes
                0x00000e47       0x2c c:/freescale/kds_v3/toolchain/bin/../lib/gcc/arm-none-eabi/4.8.4/armv6-m\libgcc.a(eqdf2.o)
 .ARM.attributes
                0x00000e73       0x2c c:/freescale/kds_v3/toolchain/bin/../lib/gcc/arm-none-eabi/4.8.4/armv6-m\libgcc.a(gedf2.o)
 .ARM.attributes
                0x00000e9f       0x2c c:/freescale/kds_v3/toolchain/bin/../lib/gcc/arm-none-eabi/4.8.4/armv6-m\libgcc.a(ledf2.o)
 .ARM.attributes
                0x00000ecb       0x2c c:/freescale/kds_v3/toolchain/bin/../lib/gcc/arm-none-eabi/4.8.4/armv6-m\libgcc.a(subdf3.o)
 .ARM.attributes
                0x00000ef7       0x2c c:/freescale/kds_v3/toolchain/bin/../lib/gcc/arm-none-eabi/4.8.4/armv6-m\libgcc.a(fixdfsi.o)
 .ARM.attributes
                0x00000f23       0x2c c:/freescale/kds_v3/toolchain/bin/../lib/gcc/arm-none-eabi/4.8.4/armv6-m\libgcc.a(floatunsidf.o)
 .ARM.attributes
                0x00000f4f       0x2c c:/freescale/kds_v3/toolchain/bin/../lib/gcc/arm-none-eabi/4.8.4/../../../../arm-none-eabi/lib/armv6-m\librdimon_s.a(rdimon-syscalls.o)
 .ARM.attributes
                0x00000f7b       0x2c c:/freescale/kds_v3/toolchain/bin/../lib/gcc/arm-none-eabi/4.8.4/../../../../arm-none-eabi/lib/armv6-m\librdimon_s.a(rdimon-_exit.o)
 .ARM.attributes
                0x00000fa7       0x2c c:/freescale/kds_v3/toolchain/bin/../lib/gcc/arm-none-eabi/4.8.4/../../../../arm-none-eabi/lib/armv6-m\librdimon_s.a(rdimon-_kill.o)
 .ARM.attributes
                0x00000fd3       0x2c c:/freescale/kds_v3/toolchain/bin/../lib/gcc/arm-none-eabi/4.8.4/../../../../arm-none-eabi/lib/armv6-m\libc_s.a(lib_a-errno.o)
 .ARM.attributes
                0x00000fff       0x1e c:/freescale/kds_v3/toolchain/bin/../lib/gcc/arm-none-eabi/4.8.4/armv6-m/crtn.o
OUTPUT(laberinto.elf elf32-littlearm)

.debug_info     0x00000000     0x607e
 .debug_info    0x00000000      0x74c ./Static_Code/System/CPU_Init.o
 .debug_info    0x0000074c      0x455 ./Static_Code/System/Vectors.o
 .debug_info    0x00000ba1       0xf9 ./Sources/Events.o
 .debug_info    0x00000c9a      0x511 ./Sources/main.o
 .debug_info    0x000011ab      0x20a ./Project_Settings/Startup_Code/startup.o
 .debug_info    0x000013b5      0x3c1 ./Generated_Code/AD1.o
 .debug_info    0x00001776      0x51d ./Generated_Code/ASerialLdd1.o
 .debug_info    0x00001c93      0x683 ./Generated_Code/AdcLdd1.o
 .debug_info    0x00002316      0x450 ./Generated_Code/BitsIoLdd1.o
 .debug_info    0x00002766      0x2e1 ./Generated_Code/BitsIoLdd2.o
 .debug_info    0x00002a47      0x164 ./Generated_Code/Cpu.o
 .debug_info    0x00002bab      0x20b ./Generated_Code/Inhr1.o
 .debug_info    0x00002db6       0xa7 ./Generated_Code/MCUC1.o
 .debug_info    0x00002e5d      0x251 ./Generated_Code/PE_LDD.o
 .debug_info    0x000030ae      0x2ee ./Generated_Code/PPG1.o
 .debug_info    0x0000339c      0x75e ./Generated_Code/PpgLdd1.o
 .debug_info    0x00003afa       0xb2 ./Generated_Code/TI1.o
 .debug_info    0x00003bac      0x3bd ./Generated_Code/TU1.o
 .debug_info    0x00003f69      0x2ef ./Generated_Code/Term1.o
 .debug_info    0x00004258      0x177 ./Generated_Code/TimerIntLdd1.o
 .debug_info    0x000043cf     0x1b2a ./Generated_Code/UTIL1.o
 .debug_info    0x00005ef9      0x185 ./Generated_Code/WAIT.o

.debug_abbrev   0x00000000     0x1946
 .debug_abbrev  0x00000000      0x1d3 ./Static_Code/System/CPU_Init.o
 .debug_abbrev  0x000001d3       0xd6 ./Static_Code/System/Vectors.o
 .debug_abbrev  0x000002a9       0x6a ./Sources/Events.o
 .debug_abbrev  0x00000313      0x1c1 ./Sources/main.o
 .debug_abbrev  0x000004d4      0x11e ./Project_Settings/Startup_Code/startup.o
 .debug_abbrev  0x000005f2      0x19a ./Generated_Code/AD1.o
 .debug_abbrev  0x0000078c      0x170 ./Generated_Code/ASerialLdd1.o
 .debug_abbrev  0x000008fc      0x1b4 ./Generated_Code/AdcLdd1.o
 .debug_abbrev  0x00000ab0      0x177 ./Generated_Code/BitsIoLdd1.o
 .debug_abbrev  0x00000c27      0x114 ./Generated_Code/BitsIoLdd2.o
 .debug_abbrev  0x00000d3b       0x8d ./Generated_Code/Cpu.o
 .debug_abbrev  0x00000dc8      0x117 ./Generated_Code/Inhr1.o
 .debug_abbrev  0x00000edf       0x45 ./Generated_Code/MCUC1.o
 .debug_abbrev  0x00000f24      0x10d ./Generated_Code/PE_LDD.o
 .debug_abbrev  0x00001031       0xee ./Generated_Code/PPG1.o
 .debug_abbrev  0x0000111f      0x188 ./Generated_Code/PpgLdd1.o
 .debug_abbrev  0x000012a7       0x68 ./Generated_Code/TI1.o
 .debug_abbrev  0x0000130f      0x16a ./Generated_Code/TU1.o
 .debug_abbrev  0x00001479      0x162 ./Generated_Code/Term1.o
 .debug_abbrev  0x000015db       0xdd ./Generated_Code/TimerIntLdd1.o
 .debug_abbrev  0x000016b8      0x1b4 ./Generated_Code/UTIL1.o
 .debug_abbrev  0x0000186c       0xda ./Generated_Code/WAIT.o

.debug_aranges  0x00000000      0x990
 .debug_aranges
                0x00000000       0x38 ./Static_Code/System/CPU_Init.o
 .debug_aranges
                0x00000038      0x190 ./Static_Code/System/Vectors.o
 .debug_aranges
                0x000001c8       0x30 ./Sources/Events.o
 .debug_aranges
                0x000001f8       0x80 ./Sources/main.o
 .debug_aranges
                0x00000278       0x50 ./Project_Settings/Startup_Code/startup.o
 .debug_aranges
                0x000002c8       0x58 ./Generated_Code/AD1.o
 .debug_aranges
                0x00000320       0x58 ./Generated_Code/ASerialLdd1.o
 .debug_aranges
                0x00000378       0x50 ./Generated_Code/AdcLdd1.o
 .debug_aranges
                0x000003c8       0x60 ./Generated_Code/BitsIoLdd1.o
 .debug_aranges
                0x00000428       0x38 ./Generated_Code/BitsIoLdd2.o
 .debug_aranges
                0x00000460       0x28 ./Generated_Code/Cpu.o
 .debug_aranges
                0x00000488       0x48 ./Generated_Code/Inhr1.o
 .debug_aranges
                0x000004d0       0x28 ./Generated_Code/MCUC1.o
 .debug_aranges
                0x000004f8       0x30 ./Generated_Code/PE_LDD.o
 .debug_aranges
                0x00000528       0x60 ./Generated_Code/PPG1.o
 .debug_aranges
                0x00000588       0x90 ./Generated_Code/PpgLdd1.o
 .debug_aranges
                0x00000618       0x20 ./Generated_Code/TI1.o
 .debug_aranges
                0x00000638       0x28 ./Generated_Code/TU1.o
 .debug_aranges
                0x00000660       0x70 ./Generated_Code/Term1.o
 .debug_aranges
                0x000006d0       0x28 ./Generated_Code/TimerIntLdd1.o
 .debug_aranges
                0x000006f8      0x250 ./Generated_Code/UTIL1.o
 .debug_aranges
                0x00000948       0x48 ./Generated_Code/WAIT.o

.debug_ranges   0x00000000      0x830
 .debug_ranges  0x00000000       0x28 ./Static_Code/System/CPU_Init.o
 .debug_ranges  0x00000028      0x180 ./Static_Code/System/Vectors.o
 .debug_ranges  0x000001a8       0x20 ./Sources/Events.o
 .debug_ranges  0x000001c8       0x70 ./Sources/main.o
 .debug_ranges  0x00000238       0x40 ./Project_Settings/Startup_Code/startup.o
 .debug_ranges  0x00000278       0x48 ./Generated_Code/AD1.o
 .debug_ranges  0x000002c0       0x48 ./Generated_Code/ASerialLdd1.o
 .debug_ranges  0x00000308       0x40 ./Generated_Code/AdcLdd1.o
 .debug_ranges  0x00000348       0x50 ./Generated_Code/BitsIoLdd1.o
 .debug_ranges  0x00000398       0x28 ./Generated_Code/BitsIoLdd2.o
 .debug_ranges  0x000003c0       0x18 ./Generated_Code/Cpu.o
 .debug_ranges  0x000003d8       0x38 ./Generated_Code/Inhr1.o
 .debug_ranges  0x00000410       0x18 ./Generated_Code/MCUC1.o
 .debug_ranges  0x00000428       0x20 ./Generated_Code/PE_LDD.o
 .debug_ranges  0x00000448       0x50 ./Generated_Code/PPG1.o
 .debug_ranges  0x00000498       0x80 ./Generated_Code/PpgLdd1.o
 .debug_ranges  0x00000518       0x10 ./Generated_Code/TI1.o
 .debug_ranges  0x00000528       0x18 ./Generated_Code/TU1.o
 .debug_ranges  0x00000540       0x60 ./Generated_Code/Term1.o
 .debug_ranges  0x000005a0       0x18 ./Generated_Code/TimerIntLdd1.o
 .debug_ranges  0x000005b8      0x240 ./Generated_Code/UTIL1.o
 .debug_ranges  0x000007f8       0x38 ./Generated_Code/WAIT.o

.debug_macro    0x00000000    0x18421
 .debug_macro   0x00000000      0x2fd ./Static_Code/System/CPU_Init.o
 .debug_macro   0x000002fd      0x802 ./Static_Code/System/CPU_Init.o
 .debug_macro   0x00000aff       0x16 ./Static_Code/System/CPU_Init.o
 .debug_macro   0x00000b15       0x44 ./Static_Code/System/CPU_Init.o
 .debug_macro   0x00000b59      0x209 ./Static_Code/System/CPU_Init.o
 .debug_macro   0x00000d62     0x15b5 ./Static_Code/System/CPU_Init.o
 .debug_macro   0x00002317     0x539e ./Static_Code/System/CPU_Init.o
 .debug_macro   0x000076b5      0x2dd ./Static_Code/System/CPU_Init.o
 .debug_macro   0x00007992      0x14e ./Static_Code/System/CPU_Init.o
 .debug_macro   0x00007ae0       0x5e ./Static_Code/System/CPU_Init.o
 .debug_macro   0x00007b3e       0xd5 ./Static_Code/System/CPU_Init.o
 .debug_macro   0x00007c13       0x58 ./Static_Code/System/CPU_Init.o
 .debug_macro   0x00007c6b       0x35 ./Static_Code/System/CPU_Init.o
 .debug_macro   0x00007ca0       0xa3 ./Static_Code/System/CPU_Init.o
 .debug_macro   0x00007d43       0x16 ./Static_Code/System/CPU_Init.o
 .debug_macro   0x00007d59       0x16 ./Static_Code/System/CPU_Init.o
 .debug_macro   0x00007d6f       0x37 ./Static_Code/System/CPU_Init.o
 .debug_macro   0x00007da6       0x94 ./Static_Code/System/CPU_Init.o
 .debug_macro   0x00007e3a      0x5c9 ./Static_Code/System/CPU_Init.o
 .debug_macro   0x00008403       0x6d ./Static_Code/System/CPU_Init.o
 .debug_macro   0x00008470       0x10 ./Static_Code/System/CPU_Init.o
 .debug_macro   0x00008480      0x6a6 ./Static_Code/System/CPU_Init.o
 .debug_macro   0x00008b26       0xcb ./Static_Code/System/CPU_Init.o
 .debug_macro   0x00008bf1       0x7b ./Static_Code/System/CPU_Init.o
 .debug_macro   0x00008c6c       0x3a ./Static_Code/System/CPU_Init.o
 .debug_macro   0x00008ca6       0x5d ./Static_Code/System/CPU_Init.o
 .debug_macro   0x00008d03       0x11 ./Static_Code/System/CPU_Init.o
 .debug_macro   0x00008d14      0x132 ./Static_Code/System/CPU_Init.o
 .debug_macro   0x00008e46       0x6a ./Static_Code/System/CPU_Init.o
 .debug_macro   0x00008eb0       0x34 ./Static_Code/System/CPU_Init.o
 .debug_macro   0x00008ee4       0x4c ./Static_Code/System/CPU_Init.o
 .debug_macro   0x00008f30       0x11 ./Static_Code/System/CPU_Init.o
 .debug_macro   0x00008f41      0x166 ./Static_Code/System/CPU_Init.o
 .debug_macro   0x000090a7       0x52 ./Static_Code/System/CPU_Init.o
 .debug_macro   0x000090f9       0x16 ./Static_Code/System/CPU_Init.o
 .debug_macro   0x0000910f       0x43 ./Static_Code/System/CPU_Init.o
 .debug_macro   0x00009152      0x180 ./Static_Code/System/CPU_Init.o
 .debug_macro   0x000092d2      0x2a6 ./Static_Code/System/CPU_Init.o
 .debug_macro   0x00009578       0x10 ./Static_Code/System/CPU_Init.o
 .debug_macro   0x00009588       0x35 ./Static_Code/System/CPU_Init.o
 .debug_macro   0x000095bd       0x19 ./Static_Code/System/CPU_Init.o
 .debug_macro   0x000095d6       0xbb ./Static_Code/System/CPU_Init.o
 .debug_macro   0x00009691       0x4b ./Static_Code/System/CPU_Init.o
 .debug_macro   0x000096dc       0x1c ./Static_Code/System/CPU_Init.o
 .debug_macro   0x000096f8      0x31e ./Static_Code/System/Vectors.o
 .debug_macro   0x00009a16      0x12a ./Static_Code/System/Vectors.o
 .debug_macro   0x00009b40      0x3a3 ./Sources/Events.o
 .debug_macro   0x00009ee3      0x2d3 ./Sources/Events.o
 .debug_macro   0x0000a1b6      0x109 ./Sources/Events.o
 .debug_macro   0x0000a2bf      0x223 ./Sources/Events.o
 .debug_macro   0x0000a4e2      0x299 ./Sources/Events.o
 .debug_macro   0x0000a77b       0x65 ./Sources/Events.o
 .debug_macro   0x0000a7e0      0x20f ./Sources/Events.o
 .debug_macro   0x0000a9ef      0x13f ./Sources/Events.o
 .debug_macro   0x0000ab2e      0x63a ./Sources/Events.o
 .debug_macro   0x0000b168     0x266f ./Sources/Events.o
 .debug_macro   0x0000d7d7       0xe9 ./Sources/Events.o
 .debug_macro   0x0000d8c0      0x4ea ./Sources/Events.o
 .debug_macro   0x0000ddaa      0x13a ./Sources/Events.o
 .debug_macro   0x0000dee4       0xb8 ./Sources/Events.o
 .debug_macro   0x0000df9c      0x179 ./Sources/Events.o
 .debug_macro   0x0000e115      0x987 ./Sources/Events.o
 .debug_macro   0x0000ea9c      0x648 ./Sources/Events.o
 .debug_macro   0x0000f0e4       0x86 ./Sources/Events.o
 .debug_macro   0x0000f16a      0x7b8 ./Sources/Events.o
 .debug_macro   0x0000f922      0x162 ./Sources/Events.o
 .debug_macro   0x0000fa84      0x4cc ./Sources/main.o
 .debug_macro   0x0000ff50       0x1c ./Sources/main.o
 .debug_macro   0x0000ff6c       0x10 ./Sources/main.o
 .debug_macro   0x0000ff7c       0x10 ./Sources/main.o
 .debug_macro   0x0000ff8c       0x22 ./Sources/main.o
 .debug_macro   0x0000ffae       0xbd ./Sources/main.o
 .debug_macro   0x0001006b       0x16 ./Sources/main.o
 .debug_macro   0x00010081      0x14a ./Sources/main.o
 .debug_macro   0x000101cb      0x121 ./Project_Settings/Startup_Code/startup.o
 .debug_macro   0x000102ec       0x4a ./Project_Settings/Startup_Code/startup.o
 .debug_macro   0x00010336       0x16 ./Project_Settings/Startup_Code/startup.o
 .debug_macro   0x0001034c       0x22 ./Project_Settings/Startup_Code/startup.o
 .debug_macro   0x0001036e       0x10 ./Project_Settings/Startup_Code/startup.o
 .debug_macro   0x0001037e      0x20f ./Project_Settings/Startup_Code/startup.o
 .debug_macro   0x0001058d     0x5392 ./Project_Settings/Startup_Code/startup.o
 .debug_macro   0x0001591f      0x309 ./Generated_Code/AD1.o
 .debug_macro   0x00015c28      0x112 ./Generated_Code/ASerialLdd1.o
 .debug_macro   0x00015d3a       0x57 ./Generated_Code/ASerialLdd1.o
 .debug_macro   0x00015d91       0x17 ./Generated_Code/ASerialLdd1.o
 .debug_macro   0x00015da8      0x7b2 ./Generated_Code/ASerialLdd1.o
 .debug_macro   0x0001655a      0x127 ./Generated_Code/AdcLdd1.o
 .debug_macro   0x00016681       0xfa ./Generated_Code/BitsIoLdd1.o
 .debug_macro   0x0001677b      0x12c ./Generated_Code/BitsIoLdd1.o
 .debug_macro   0x000168a7       0xfa ./Generated_Code/BitsIoLdd2.o
 .debug_macro   0x000169a1       0x46 ./Generated_Code/BitsIoLdd2.o
 .debug_macro   0x000169e7      0x2ff ./Generated_Code/Cpu.o
 .debug_macro   0x00016ce6      0x12d ./Generated_Code/Inhr1.o
 .debug_macro   0x00016e13       0xe6 ./Generated_Code/MCUC1.o
 .debug_macro   0x00016ef9      0x2b0 ./Generated_Code/PE_LDD.o
 .debug_macro   0x000171a9      0x109 ./Generated_Code/PPG1.o
 .debug_macro   0x000172b2      0x6a0 ./Generated_Code/PPG1.o
 .debug_macro   0x00017952      0x100 ./Generated_Code/PpgLdd1.o
 .debug_macro   0x00017a52      0x2eb ./Generated_Code/TI1.o
 .debug_macro   0x00017d3d      0x10f ./Generated_Code/TU1.o
 .debug_macro   0x00017e4c       0xb5 ./Generated_Code/TU1.o
 .debug_macro   0x00017f01      0x106 ./Generated_Code/Term1.o
 .debug_macro   0x00018007       0x34 ./Generated_Code/Term1.o
 .debug_macro   0x0001803b      0x119 ./Generated_Code/TimerIntLdd1.o
 .debug_macro   0x00018154      0x1cf ./Generated_Code/UTIL1.o
 .debug_macro   0x00018323       0xfe ./Generated_Code/WAIT.o

.debug_line     0x00000000     0x7850
 .debug_line    0x00000000      0x653 ./Static_Code/System/CPU_Init.o
 .debug_line    0x00000653      0x8c9 ./Static_Code/System/Vectors.o
 .debug_line    0x00000f1c      0x68e ./Sources/Events.o
 .debug_line    0x000015aa      0x894 ./Sources/main.o
 .debug_line    0x00001e3e      0x3c4 ./Project_Settings/Startup_Code/startup.o
 .debug_line    0x00002202      0x688 ./Generated_Code/AD1.o
 .debug_line    0x0000288a      0x45a ./Generated_Code/ASerialLdd1.o
 .debug_line    0x00002ce4      0x47f ./Generated_Code/AdcLdd1.o
 .debug_line    0x00003163      0x424 ./Generated_Code/BitsIoLdd1.o
 .debug_line    0x00003587      0x3b3 ./Generated_Code/BitsIoLdd2.o
 .debug_line    0x0000393a      0x5f3 ./Generated_Code/Cpu.o
 .debug_line    0x00003f2d      0x386 ./Generated_Code/Inhr1.o
 .debug_line    0x000042b3      0x328 ./Generated_Code/MCUC1.o
 .debug_line    0x000045db      0x5a3 ./Generated_Code/PE_LDD.o
 .debug_line    0x00004b7e      0x419 ./Generated_Code/PPG1.o
 .debug_line    0x00004f97      0x4ea ./Generated_Code/PpgLdd1.o
 .debug_line    0x00005481      0x590 ./Generated_Code/TI1.o
 .debug_line    0x00005a11      0x39e ./Generated_Code/TU1.o
 .debug_line    0x00005daf      0x4ae ./Generated_Code/Term1.o
 .debug_line    0x0000625d      0x39e ./Generated_Code/TimerIntLdd1.o
 .debug_line    0x000065fb      0xea3 ./Generated_Code/UTIL1.o
 .debug_line    0x0000749e      0x3b2 ./Generated_Code/WAIT.o

.debug_str      0x00000000    0x8da99
 .debug_str     0x00000000    0x395dc ./Static_Code/System/CPU_Init.o
                              0x39a4f (size before relaxing)
 .debug_str     0x000395dc      0xc60 ./Static_Code/System/Vectors.o
                              0x3a29d (size before relaxing)
 .debug_str     0x0003a23c    0x50dcf ./Sources/Events.o
                              0x8a3ac (size before relaxing)
 .debug_str     0x0008b00b      0xe72 ./Sources/main.o
                              0x8b1fe (size before relaxing)
 .debug_str     0x0008be7d      0x181 ./Project_Settings/Startup_Code/startup.o
                              0x20e42 (size before relaxing)
 .debug_str     0x0008bffe      0x180 ./Generated_Code/AD1.o
                              0x39811 (size before relaxing)
 .debug_str     0x0008c17e      0x218 ./Generated_Code/ASerialLdd1.o
                              0x34e43 (size before relaxing)
 .debug_str     0x0008c396      0x2fd ./Generated_Code/AdcLdd1.o
                              0x2bb2c (size before relaxing)
 .debug_str     0x0008c693      0x15d ./Generated_Code/BitsIoLdd1.o
                              0x2783b (size before relaxing)
 .debug_str     0x0008c7f0       0xae ./Generated_Code/BitsIoLdd2.o
                              0x2770a (size before relaxing)
 .debug_str     0x0008c89e       0x28 ./Generated_Code/Cpu.o
                              0x396b5 (size before relaxing)
 .debug_str     0x0008c8c6      0x16c ./Generated_Code/Inhr1.o
                              0x26964 (size before relaxing)
 .debug_str     0x0008ca32       0x32 ./Generated_Code/MCUC1.o
                              0x26df7 (size before relaxing)
 .debug_str     0x0008ca64      0x166 ./Generated_Code/PE_LDD.o
                              0x397ca (size before relaxing)
 .debug_str     0x0008cbca       0xcb ./Generated_Code/PPG1.o
                              0x2ff74 (size before relaxing)
 .debug_str     0x0008cc95      0x248 ./Generated_Code/PpgLdd1.o
                              0x2feb1 (size before relaxing)
 .debug_str     0x0008cedd       0x31 ./Generated_Code/TI1.o
                              0x39655 (size before relaxing)
 .debug_str     0x0008cf0e       0xea ./Generated_Code/TU1.o
                              0x279c0 (size before relaxing)
 .debug_str     0x0008cff8       0xef ./Generated_Code/Term1.o
                              0x26923 (size before relaxing)
 .debug_str     0x0008d0e7       0xbe ./Generated_Code/TimerIntLdd1.o
                              0x278b3 (size before relaxing)
 .debug_str     0x0008d1a5      0x864 ./Generated_Code/UTIL1.o
                              0x2985c (size before relaxing)
 .debug_str     0x0008da09       0x90 ./Generated_Code/WAIT.o
                              0x272a8 (size before relaxing)

.comment        0x00000000       0x70
 .comment       0x00000000       0x70 ./Static_Code/System/CPU_Init.o
                                 0x71 (size before relaxing)
 .comment       0x00000000       0x71 ./Static_Code/System/Vectors.o
 .comment       0x00000000       0x71 ./Sources/Events.o
 .comment       0x00000000       0x71 ./Sources/main.o
 .comment       0x00000000       0x71 ./Project_Settings/Startup_Code/startup.o
 .comment       0x00000000       0x71 ./Generated_Code/AD1.o
 .comment       0x00000000       0x71 ./Generated_Code/ASerialLdd1.o
 .comment       0x00000000       0x71 ./Generated_Code/AdcLdd1.o
 .comment       0x00000000       0x71 ./Generated_Code/BitsIoLdd1.o
 .comment       0x00000000       0x71 ./Generated_Code/BitsIoLdd2.o
 .comment       0x00000000       0x71 ./Generated_Code/Cpu.o
 .comment       0x00000000       0x71 ./Generated_Code/Inhr1.o
 .comment       0x00000000       0x71 ./Generated_Code/MCUC1.o
 .comment       0x00000000       0x71 ./Generated_Code/PE_LDD.o
 .comment       0x00000000       0x71 ./Generated_Code/PPG1.o
 .comment       0x00000000       0x71 ./Generated_Code/PpgLdd1.o
 .comment       0x00000000       0x71 ./Generated_Code/TI1.o
 .comment       0x00000000       0x71 ./Generated_Code/TU1.o
 .comment       0x00000000       0x71 ./Generated_Code/Term1.o
 .comment       0x00000000       0x71 ./Generated_Code/TimerIntLdd1.o
 .comment       0x00000000       0x71 ./Generated_Code/UTIL1.o
 .comment       0x00000000       0x71 ./Generated_Code/WAIT.o

.debug_frame    0x00000000     0x31bc
 .debug_frame   0x00000000       0x84 ./Static_Code/System/CPU_Init.o
 .debug_frame   0x00000084      0x534 ./Static_Code/System/Vectors.o
 .debug_frame   0x000005b8       0x64 ./Sources/Events.o
 .debug_frame   0x0000061c      0x1a8 ./Sources/main.o
 .debug_frame   0x000007c4       0xd0 ./Project_Settings/Startup_Code/startup.o
 .debug_frame   0x00000894      0x104 ./Generated_Code/AD1.o
 .debug_frame   0x00000998      0x118 ./Generated_Code/ASerialLdd1.o
 .debug_frame   0x00000ab0       0xf0 ./Generated_Code/AdcLdd1.o
 .debug_frame   0x00000ba0      0x130 ./Generated_Code/BitsIoLdd1.o
 .debug_frame   0x00000cd0       0x90 ./Generated_Code/BitsIoLdd2.o
 .debug_frame   0x00000d60       0x48 ./Generated_Code/Cpu.o
 .debug_frame   0x00000da8       0xc4 ./Generated_Code/Inhr1.o
 .debug_frame   0x00000e6c       0x48 ./Generated_Code/MCUC1.o
 .debug_frame   0x00000eb4       0x6c ./Generated_Code/PE_LDD.o
 .debug_frame   0x00000f20      0x130 ./Generated_Code/PPG1.o
 .debug_frame   0x00001050      0x1f0 ./Generated_Code/PpgLdd1.o
 .debug_frame   0x00001240       0x30 ./Generated_Code/TI1.o
 .debug_frame   0x00001270       0x50 ./Generated_Code/TU1.o
 .debug_frame   0x000012c0      0x160 ./Generated_Code/Term1.o
 .debug_frame   0x00001420       0x50 ./Generated_Code/TimerIntLdd1.o
 .debug_frame   0x00001470      0x8ec ./Generated_Code/UTIL1.o
 .debug_frame   0x00001d5c       0xac ./Generated_Code/WAIT.o
 .debug_frame   0x00001e08       0x20 c:/freescale/kds_v3/toolchain/bin/../lib/gcc/arm-none-eabi/4.8.4/armv6-m\libgcc.a(_udivsi3.o)
 .debug_frame   0x00001e28       0x20 c:/freescale/kds_v3/toolchain/bin/../lib/gcc/arm-none-eabi/4.8.4/armv6-m\libgcc.a(_divsi3.o)
 .debug_frame   0x00001e48       0x28 c:/freescale/kds_v3/toolchain/bin/../lib/gcc/arm-none-eabi/4.8.4/armv6-m\libgcc.a(_fixunssfsi.o)
 .debug_frame   0x00001e70       0x3c c:/freescale/kds_v3/toolchain/bin/../lib/gcc/arm-none-eabi/4.8.4/armv6-m\libgcc.a(divsf3.o)